MPLINK 4.48, Linker
Linker Map File - Created Wed Aug 22 13:14:15 2018

                                 Section Info
                  Section       Type    Address   Location Size(Bytes)
                ---------  ---------  ---------  ---------  ---------
           true_entry_scn       code   0x000000    program   0x000006
              high_vector       code   0x000008    program   0x000006
               low_vector       code   0x000018    program   0x00000a
              BOOTSTARTUP       code   0x000022    program   0x00005a
               BOOTLOADER    romdata   0x0000c0    program   0x000f40
               _entry_scn       code   0x001000    program   0x000006
            app_signature    romdata   0x001006    program   0x000002
      InterruptVectorHigh       code   0x001008    program   0x000006
                   .cinit    romdata   0x00100e    program   0x000002
              app_version    romdata   0x001016    program   0x000002
    .code_controller-v5.o       code   0x001018    program   0x002d6c
          .code_hwcalls.o       code   0x003d84    program   0x000744
             .code_util.o       code   0x0044c8    program   0x0003a6
         .code_comm_lcd.o       code   0x00486e    program   0x0001ba
.romdata_controller-v5-rom1.o    romdata   0x004a28    program   0x000100
                 fx_names    romdata   0x004b28    program   0x0000e8
                main_code       code   0x004c10    program   0x0000c2
          .code_intslct.o       code   0x004cd2    program   0x0000ae
             .stringtable    romdata   0x004d80    program   0x000083
.romdata_BootUserStartup.o    romdata   0x004e03    program   0x000000
.idata_BootUserStartup.o_i    romdata   0x004e03    program   0x000000
      .romdata_bootcode.o    romdata   0x004e03    program   0x000000
       .romdata_systick.o    romdata   0x004e03    program   0x000000
       .idata_systick.o_i    romdata   0x004e03    program   0x000000
      .idata_bootcode.o_i    romdata   0x004e03    program   0x000000
   .idata_UserAppCode.o_i    romdata   0x004e03    program   0x000000
   .romdata_UserAppCode.o    romdata   0x004e03    program   0x000000
      .idata_comm_lcd.o_i    romdata   0x004e03    program   0x000000
      .romdata_comm_lcd.o    romdata   0x004e03    program   0x000000
     .idata_comm_midi.o_i    romdata   0x004e03    program   0x000000
     .romdata_comm_midi.o    romdata   0x004e03    program   0x000000
 .idata_controller-v5.o_i    romdata   0x004e03    program   0x000000
 .romdata_controller-v5.o    romdata   0x004e03    program   0x000000
.idata_controller-v5-rom1.o_i    romdata   0x004e03    program   0x000000
          .idata_util.o_i    romdata   0x004e03    program   0x000000
          .romdata_util.o    romdata   0x004e03    program   0x000000
      .idata_fxd0808u.o_i    romdata   0x004e03    program   0x000000
      .romdata_fxd0808u.o    romdata   0x004e03    program   0x000000
       .romdata_ram_def.o    romdata   0x004e03    program   0x000000
       .idata_ram_def.o_i    romdata   0x004e03    program   0x000000
       .romdata_startup.o    romdata   0x004e03    program   0x000000
       .idata_startup.o_i    romdata   0x004e03    program   0x000000
       .idata_intslct.o_i    romdata   0x004e03    program   0x000000
       .romdata_intslct.o    romdata   0x004e03    program   0x000000
          .idata_init.o_i    romdata   0x004e03    program   0x000000
          .romdata_init.o    romdata   0x004e03    program   0x000000
       .idata_hwcalls.o_i    romdata   0x004e03    program   0x000000
       .romdata_hwcalls.o    romdata   0x004e03    program   0x000000
  .idata_writeprogmem.o_i    romdata   0x004e03    program   0x000000
          .romdata_main.o    romdata   0x004e03    program   0x000000
  .romdata_writeprogmem.o    romdata   0x004e03    program   0x000000
          .idata_main.o_i    romdata   0x004e03    program   0x000000
.code_controller-v5-rom1.o       code   0x004e04    program   0x000000
        .code_comm_midi.o       code   0x004e04    program   0x000000
             .code_main.o       code   0x004e04    program   0x000000
          .code_startup.o       code   0x004e04    program   0x000000
     .code_writeprogmem.o       code   0x004e04    program   0x000082
         .code_bootcode.o       code   0x004e04    program   0x000000
  .code_BootUserStartup.o       code   0x004e04    program   0x000000
      .code_UserAppCode.o       code   0x004e04    program   0x000000
          .code_ram_def.o       code   0x004e04    program   0x000000
             .code_init.o       code   0x004e86    program   0x000062
                    .code       code   0x004ee8    program   0x00002e
             _startup_scn       code   0x004f16    program   0x000022
          .code_systick.o       code   0x004f38    program   0x000022
         .code_fxd0808u.o       code   0x004f5a    program   0x00001c
                      hex    romdata   0x004f76    program   0x000010
              ROMSAVEDATA    romdata   0x005000    program   0x003000
    .config_300000_main.o    romdata   0x300000    program   0x000001
    .config_300001_main.o    romdata   0x300001    program   0x000001
    .config_300002_main.o    romdata   0x300002    program   0x000001
    .config_300005_main.o    romdata   0x300005    program   0x000001
    .config_300006_main.o    romdata   0x300006    program   0x000001
    .config_300008_main.o    romdata   0x300008    program   0x000001
    .config_300009_main.o    romdata   0x300009    program   0x000001
    .config_30000a_main.o    romdata   0x30000a    program   0x000001
    .config_30000b_main.o    romdata   0x30000b    program   0x000001
    .config_30000c_main.o    romdata   0x30000c    program   0x000001
    .config_30000d_main.o    romdata   0x30000d    program   0x000001
                MATH_DATA      udata   0x000000       data   0x000010
                 .tmpdata      udata   0x000010       data   0x000007
                accessram      udata   0x000017       data   0x000004
        .udata_comm_lcd.o      udata   0x000060       data   0x00006f
                   timers      udata   0x0000cf       data   0x000011
   .udata_controller-v5.o      udata   0x0000e0       data   0x000008
 .udata_BootUserStartup.o      udata   0x0000e8       data   0x000000
 .idata_BootUserStartup.o      idata   0x0000e8       data   0x000000
     .udata_UserAppCode.o      udata   0x0000e8       data   0x000000
     .idata_UserAppCode.o      idata   0x0000e8       data   0x000000
        .idata_comm_lcd.o      idata   0x0000e8       data   0x000000
       .udata_comm_midi.o      udata   0x0000e8       data   0x000000
       .idata_comm_midi.o      idata   0x0000e8       data   0x000000
   .idata_controller-v5.o      idata   0x0000e8       data   0x000000
                      bcd      udata   0x0000e8       data   0x000000
.udata_controller-v5-rom1.o      udata   0x0000e8       data   0x000000
.idata_controller-v5-rom1.o      idata   0x0000e8       data   0x000000
            .udata_util.o      udata   0x0000e8       data   0x000000
            .idata_util.o      idata   0x0000e8       data   0x000000
        .udata_fxd0808u.o      udata   0x0000e8       data   0x000000
        .idata_fxd0808u.o      idata   0x0000e8       data   0x000000
            .idata_main.o      idata   0x0000e8       data   0x000000
         .udata_startup.o      udata   0x0000e8       data   0x000000
         .idata_startup.o      idata   0x0000e8       data   0x000000
         .udata_ram_def.o      udata   0x0000e8       data   0x000000
         .idata_ram_def.o      idata   0x0000e8       data   0x000000
         .udata_intslct.o      udata   0x0000e8       data   0x000000
            .udata_main.o      udata   0x0000e8       data   0x000000
         .idata_intslct.o      idata   0x0000e8       data   0x000000
            .udata_init.o      udata   0x0000e8       data   0x000000
            .idata_init.o      idata   0x0000e8       data   0x000000
         .udata_hwcalls.o      udata   0x0000e8       data   0x000000
         .idata_hwcalls.o      idata   0x0000e8       data   0x000000
    .udata_writeprogmem.o      udata   0x0000e8       data   0x000000
    .idata_writeprogmem.o      idata   0x0000e8       data   0x000000
         .udata_systick.o      udata   0x0000e8       data   0x000000
         .idata_systick.o      idata   0x0000e8       data   0x000000
        .udata_bootcode.o      udata   0x0000e8       data   0x000000
        .idata_bootcode.o      idata   0x0000e8       data   0x000000
                  program      udata   0x000100       data   0x000100
                     gpr1      udata   0x000200       data   0x00004b
                    state      udata   0x00024b       data   0x00003d
                   .stack      udata   0x000700       data   0x000100
            SFR_UNBANKED0      udata   0x000f62       data   0x00009e



                              Program Memory Usage 
                               Start         End      
                           ---------   ---------      
                            0x000000    0x000005      
                            0x000008    0x00000d      
                            0x000018    0x00007b      
                            0x0000c0    0x00100f      
                            0x001016    0x004e02      
                            0x004e04    0x004f85      
                            0x005000    0x007fff      
                            0x300000    0x300002      
                            0x300005    0x300006      
                            0x300008    0x30000d      
            32570 out of 33048 program addresses used, program memory utilization is 98%



                              Symbols - Sorted by Name
                     Name    Address   Location    Storage File                     
                ---------  ---------  ---------  --------- ---------                
                CLEAR_RAM   0x004ee8    program     extern C:\git\go\src\github.com\JamesDunne\eminor2\v2\controller\PIC\config.asm
    DoFlashSignatureCheck   0x000050    program     static                          
             EraseProgMem   0x004e72    program     extern C:\git\go\src\github.com\JamesDunne\eminor2\v2\controller\PIC\writeprogmem.c
                 FXD0808U   0x004f5a    program     extern E:\c18v3.46\pic18-lt\cxx-framework\src\traditional\math\fxd0808u.c
     InterruptHandlerHigh   0x004cd2    program     extern C:\git\go\src\github.com\JamesDunne\eminor2\v2\controller\PIC\intslct.c
      InterruptVectorHigh   0x001008    program     extern C:\git\go\src\github.com\JamesDunne\eminor2\v2\controller\PIC\intslct.c
                 RAMCLEAR   0x004f26    program     static                          
                RAMCLEAR1   0x004eec    program     static C:\git\go\src\github.com\JamesDunne\eminor2\v2\controller\PIC\config.asm
             ROM_SAVEDATA   0x005000    program     extern C:\git\go\src\github.com\JamesDunne\eminor2\v2\controller\PIC\ram_def.c
              ReadButtons   0x003df8    program     extern C:\git\go\src\github.com\JamesDunne\eminor2\v2\controller\PIC\hwcalls.c
     SendDataToShiftReg16   0x003d84    program     extern C:\git\go\src\github.com\JamesDunne\eminor2\v2\controller\PIC\hwcalls.c
            SetDipAddress   0x003faa    program     extern C:\git\go\src\github.com\JamesDunne\eminor2\v2\controller\PIC\hwcalls.c
               StartWrite   0x004e04    program     extern C:\git\go\src\github.com\JamesDunne\eminor2\v2\controller\PIC\writeprogmem.c
        SystemTimeRoutine   0x004f38    program     extern C:\git\go\src\github.com\JamesDunne\eminor2\v2\controller\PIC\systick.c
            USBBootloader   0x0000c0    program     extern C:\git\go\src\github.com\JamesDunne\eminor2\v2\controller\PIC\bootcode.c
        UninitializedMain   0x000022    program     extern C:\git\go\src\github.com\JamesDunne\eminor2\v2\controller\PIC\BootUserStartup.c
               UpdateLeds   0x004012    program     extern C:\git\go\src\github.com\JamesDunne\eminor2\v2\controller\PIC\hwcalls.c
             WriteProgMem   0x004e10    program     extern C:\git\go\src\github.com\JamesDunne\eminor2\v2\controller\PIC\writeprogmem.c
         ___else_lbl00005   0x00004c    program     static                          
          ___for_lbl00001   0x004cce    program     static                          
          ___for_lbl00002   0x004cd0    program     static                          
          ___for_lbl00014   0x004c58    program     static                          
           ___if_lbl00003   0x004c6c    program     static                          
           ___if_lbl00004   0x004c7c    program     static                          
           ___if_lbl00004   0x000050    program     static                          
           ___if_lbl00005   0x004c86    program     static                          
           ___if_lbl00006   0x004c90    program     static                          
           ___if_lbl00006   0x000074    program     static                          
           ___if_lbl00007   0x004c9a    program     static                          
           ___if_lbl00008   0x004ca4    program     static                          
           ___if_lbl00009   0x004cae    program     static                          
           ___if_lbl00011   0x004cbe    program     static                          
           ___if_lbl00013   0x004cce    program     static                          
       ___return_lbl00000   0x00100c    program     static                          
       ___return_lbl00000   0x000004    program     static                          
       ___return_lbl00000   0x004f74    program     static                          
       ___return_lbl00000   0x001004    program     static                          
       ___return_lbl00000   0x004cd0    program     static                          
       ___return_lbl00001   0x004f36    program     static                          
       ___return_lbl00001   0x00000c    program     static                          
       ___return_lbl00002   0x000020    program     static                          
       ___return_lbl00003   0x000078    program     static                          
       ___return_lbl00039   0x00415e    program     static                          
       ___return_lbl00042   0x00419a    program     static                          
       ___return_lbl00047   0x0041ec    program     static                          
        ___while_lbl00040   0x00414c    program     static                          
        ___while_lbl00041   0x004150    program     static                          
        ___while_lbl00043   0x004172    program     static                          
        ___while_lbl00044   0x004176    program     static                          
        ___while_lbl00045   0x004188    program     static                          
        ___while_lbl00046   0x00418c    program     static                          
        ___while_lbl00048   0x0041ae    program     static                          
        ___while_lbl00049   0x0041b2    program     static                          
        ___while_lbl00050   0x0041c4    program     static                          
        ___while_lbl00051   0x0041c8    program     static                          
        ___while_lbl00052   0x0041da    program     static                          
        ___while_lbl00053   0x0041de    program     static                          
               __config_0   0x300000    program     static C:\git\go\src\github.com\JamesDunne\eminor2\v2\controller\PIC\main.c
               __config_1   0x300001    program     static C:\git\go\src\github.com\JamesDunne\eminor2\v2\controller\PIC\main.c
              __config_10   0x30000d    program     static C:\git\go\src\github.com\JamesDunne\eminor2\v2\controller\PIC\main.c
               __config_2   0x300002    program     static C:\git\go\src\github.com\JamesDunne\eminor2\v2\controller\PIC\main.c
               __config_3   0x300005    program     static C:\git\go\src\github.com\JamesDunne\eminor2\v2\controller\PIC\main.c
               __config_4   0x300006    program     static C:\git\go\src\github.com\JamesDunne\eminor2\v2\controller\PIC\main.c
               __config_5   0x300008    program     static C:\git\go\src\github.com\JamesDunne\eminor2\v2\controller\PIC\main.c
               __config_6   0x300009    program     static C:\git\go\src\github.com\JamesDunne\eminor2\v2\controller\PIC\main.c
               __config_7   0x30000a    program     static C:\git\go\src\github.com\JamesDunne\eminor2\v2\controller\PIC\main.c
               __config_8   0x30000b    program     static C:\git\go\src\github.com\JamesDunne\eminor2\v2\controller\PIC\main.c
               __config_9   0x30000c    program     static C:\git\go\src\github.com\JamesDunne\eminor2\v2\controller\PIC\main.c
               __string_0   0x004de9    program     static C:\git\go\src\github.com\JamesDunne\eminor2\v2\controller\common\controller-v5.c
               __string_0   0x004dfe    program     static C:\git\go\src\github.com\JamesDunne\eminor2\v2\controller\common\util.c
               __string_1   0x004dd4    program     static C:\git\go\src\github.com\JamesDunne\eminor2\v2\controller\common\controller-v5.c
               __string_2   0x004dbf    program     static C:\git\go\src\github.com\JamesDunne\eminor2\v2\controller\common\controller-v5.c
               __string_3   0x004daa    program     static C:\git\go\src\github.com\JamesDunne\eminor2\v2\controller\common\controller-v5.c
               __string_4   0x004d95    program     static C:\git\go\src\github.com\JamesDunne\eminor2\v2\controller\common\controller-v5.c
               __string_5   0x004d80    program     static C:\git\go\src\github.com\JamesDunne\eminor2\v2\controller\common\controller-v5.c
               __tmplbl_0   0x004cba    program     static                          
               __tmplbl_1   0x004cb4    program     static                          
             __tmplbl_189   0x00192c    program     static                          
             __tmplbl_194   0x0010ca    program     static                          
               __tmplbl_2   0x004cca    program     static                          
               __tmplbl_3   0x004cc4    program     static                          
            __zero_memory   0x004ef6    program     extern E:\c18v3.46\pic18-lt\cxx-framework\src\traditional\proc\p18f4550.asm
                   _entry   0x001000    program     extern C:\git\go\src\github.com\JamesDunne\eminor2\v2\controller\PIC\startup.c
                 _startup   0x004f16    program     extern C:\git\go\src\github.com\JamesDunne\eminor2\v2\controller\PIC\startup.c
                  app_sig   0x001006    program     extern C:\git\go\src\github.com\JamesDunne\eminor2\v2\controller\PIC\UserAppCode.c
                  app_ver   0x001016    program     extern C:\git\go\src\github.com\JamesDunne\eminor2\v2\controller\PIC\UserAppCode.c
                   bcdtoa   0x0045ba    program     extern C:\git\go\src\github.com\JamesDunne\eminor2\v2\controller\common\util.c
              bootNopFunc   0x00007a    program     extern C:\git\go\src\github.com\JamesDunne\eminor2\v2\controller\PIC\BootUserStartup.c
         calc_fx_modified   0x002552    program     static C:\git\go\src\github.com\JamesDunne\eminor2\v2\controller\common\controller-v5.c
       calc_gain_modified   0x0024c8    program     static C:\git\go\src\github.com\JamesDunne\eminor2\v2\controller\common\controller-v5.c
                calc_leds   0x00245a    program     static C:\git\go\src\github.com\JamesDunne\eminor2\v2\controller\common\controller-v5.c
                calc_midi   0x001086    program     static C:\git\go\src\github.com\JamesDunne\eminor2\v2\controller\common\controller-v5.c
     calc_volume_modified   0x0025e8    program     static C:\git\go\src\github.com\JamesDunne\eminor2\v2\controller\common\controller-v5.c
                compare_l   0x004f0c    program     static E:\c18v3.46\pic18-lt\cxx-framework\src\traditional\proc\p18f4550.asm
  controller_10msec_timer   0x002e38    program     extern C:\git\go\src\github.com\JamesDunne\eminor2\v2\controller\common\controller-v5.c
        controller_handle   0x00349e    program     extern C:\git\go\src\github.com\JamesDunne\eminor2\v2\controller\common\controller-v5.c
          controller_init   0x002b34    program     extern C:\git\go\src\github.com\JamesDunne\eminor2\v2\controller\common\controller-v5.c
             copy_str_lcd   0x004780    program     extern C:\git\go\src\github.com\JamesDunne\eminor2\v2\controller\common\util.c
            dB_bcd_lookup   0x004a28    program     extern C:\git\go\src\github.com\JamesDunne\eminor2\v2\controller\common\controller-v5-rom1.c
                  endloop   0x004f70    program     static                          
               flash_addr   0x004464    program     extern C:\git\go\src\github.com\JamesDunne\eminor2\v2\controller\PIC\hwcalls.c
               flash_load   0x0041f4    program     extern C:\git\go\src\github.com\JamesDunne\eminor2\v2\controller\PIC\hwcalls.c
              flash_store   0x0042ca    program     extern C:\git\go\src\github.com\JamesDunne\eminor2\v2\controller\PIC\hwcalls.c
                 fsw_poll   0x003fd4    program     extern C:\git\go\src\github.com\JamesDunne\eminor2\v2\controller\PIC\hwcalls.c
                  fx_name   0x00481c    program     extern C:\git\go\src\github.com\JamesDunne\eminor2\v2\controller\common\util.c
                      hex   0x004f76    program     extern C:\git\go\src\github.com\JamesDunne\eminor2\v2\controller\common\util.c
                   hextoa   0x0044c8    program     extern C:\git\go\src\github.com\JamesDunne\eminor2\v2\controller\common\util.c
                     init   0x004e86    program     extern C:\git\go\src\github.com\JamesDunne\eminor2\v2\controller\PIC\init.c
 interrupt_at_high_vector   0x000008    program     extern C:\git\go\src\github.com\JamesDunne\eminor2\v2\controller\PIC\BootUserStartup.c
  interrupt_at_low_vector   0x000018    program     extern C:\git\go\src\github.com\JamesDunne\eminor2\v2\controller\PIC\BootUserStartup.c
              lcd_enqueue   0x004958    program     extern C:\git\go\src\github.com\JamesDunne\eminor2\v2\controller\PIC\comm_lcd.c
                 lcd_init   0x00486e    program     extern C:\git\go\src\github.com\JamesDunne\eminor2\v2\controller\PIC\comm_lcd.c
              lcd_row_get   0x00410e    program     extern C:\git\go\src\github.com\JamesDunne\eminor2\v2\controller\PIC\hwcalls.c
        lcd_update_screen   0x0048ac    program     extern C:\git\go\src\github.com\JamesDunne\eminor2\v2\controller\PIC\comm_lcd.c
          lcd_updated_all   0x00413c    program     extern C:\git\go\src\github.com\JamesDunne\eminor2\v2\controller\PIC\hwcalls.c
                  led_set   0x0040da    program     extern C:\git\go\src\github.com\JamesDunne\eminor2\v2\controller\PIC\hwcalls.c
             load_program   0x0026d0    program     extern C:\git\go\src\github.com\JamesDunne\eminor2\v2\controller\common\controller-v5.c
               load_scene   0x00277c    program     extern C:\git\go\src\github.com\JamesDunne\eminor2\v2\controller\common\controller-v5.c
                     loop   0x004f30    program     static                          
                     loop   0x004f62    program     static                          
                   loop_h   0x004f04    program     static E:\c18v3.46\pic18-lt\cxx-framework\src\traditional\proc\p18f4550.asm
                   loop_l   0x004f0e    program     static E:\c18v3.46\pic18-lt\cxx-framework\src\traditional\proc\p18f4550.asm
                     main   0x004c10    program     extern C:\git\go\src\github.com\JamesDunne\eminor2\v2\controller\PIC\main.c
          midi_invalidate   0x002aa4    program     static C:\git\go\src\github.com\JamesDunne\eminor2\v2\controller\common\controller-v5.c
      midi_send_cmd1_impl   0x004166    program     extern C:\git\go\src\github.com\JamesDunne\eminor2\v2\controller\PIC\hwcalls.c
      midi_send_cmd2_impl   0x0041a2    program     extern C:\git\go\src\github.com\JamesDunne\eminor2\v2\controller\PIC\hwcalls.c
          midi_send_sysex   0x004140    program     extern C:\git\go\src\github.com\JamesDunne\eminor2\v2\controller\PIC\hwcalls.c
               next_scene   0x002b16    program     static C:\git\go\src\github.com\JamesDunne\eminor2\v2\controller\common\controller-v5.c
                next_song   0x002ae2    program     static C:\git\go\src\github.com\JamesDunne\eminor2\v2\controller\common\controller-v5.c
               prev_scene   0x002b28    program     static C:\git\go\src\github.com\JamesDunne\eminor2\v2\controller\common\controller-v5.c
                prev_song   0x002afc    program     static C:\git\go\src\github.com\JamesDunne\eminor2\v2\controller\common\controller-v5.c
             program_addr   0x002682    program     extern C:\git\go\src\github.com\JamesDunne\eminor2\v2\controller\common\controller-v5.c
              reset_scene   0x002b22    program     static C:\git\go\src\github.com\JamesDunne\eminor2\v2\controller\common\controller-v5.c
                    ritoa   0x00454c    program     extern C:\git\go\src\github.com\JamesDunne\eminor2\v2\controller\common\util.c
            scene_default   0x0028a8    program     static C:\git\go\src\github.com\JamesDunne\eminor2\v2\controller\common\controller-v5.c
                send_leds   0x001018    program     static C:\git\go\src\github.com\JamesDunne\eminor2\v2\controller\common\controller-v5.c
      swuart_tx_interrupt   0x0049a2    program     extern C:\git\go\src\github.com\JamesDunne\eminor2\v2\controller\PIC\comm_lcd.c
          swuart_tx_start   0x00498a    program     extern C:\git\go\src\github.com\JamesDunne\eminor2\v2\controller\PIC\comm_lcd.c
      toggle_setlist_mode   0x002a42    program     static C:\git\go\src\github.com\JamesDunne\eminor2\v2\controller\common\controller-v5.c
               true_entry   0x000000    program     extern C:\git\go\src\github.com\JamesDunne\eminor2\v2\controller\PIC\BootUserStartup.c
               update_lcd   0x001b40    program     static C:\git\go\src\github.com\JamesDunne\eminor2\v2\controller\common\controller-v5.c
              v5_fx_names   0x004b28    program     extern C:\git\go\src\github.com\JamesDunne\eminor2\v2\controller\common\v5_fx_names.h
               zero_block   0x004f04    program     static E:\c18v3.46\pic18-lt\cxx-framework\src\traditional\proc\p18f4550.asm
                   ADCON0   0x000fc2       data     extern E:\c18v3.46\pic18-lt\cxx-framework\src\traditional\proc\p18f4550.asm
               ADCON0bits   0x000fc2       data     extern E:\c18v3.46\pic18-lt\cxx-framework\src\traditional\proc\p18f4550.asm
                   ADCON1   0x000fc1       data     extern E:\c18v3.46\pic18-lt\cxx-framework\src\traditional\proc\p18f4550.asm
               ADCON1bits   0x000fc1       data     extern E:\c18v3.46\pic18-lt\cxx-framework\src\traditional\proc\p18f4550.asm
                   ADCON2   0x000fc0       data     extern E:\c18v3.46\pic18-lt\cxx-framework\src\traditional\proc\p18f4550.asm
               ADCON2bits   0x000fc0       data     extern E:\c18v3.46\pic18-lt\cxx-framework\src\traditional\proc\p18f4550.asm
                    ADRES   0x000fc3       data     extern E:\c18v3.46\pic18-lt\cxx-framework\src\traditional\proc\p18f4550.asm
                   ADRESH   0x000fc4       data     extern E:\c18v3.46\pic18-lt\cxx-framework\src\traditional\proc\p18f4550.asm
                   ADRESL   0x000fc3       data     extern E:\c18v3.46\pic18-lt\cxx-framework\src\traditional\proc\p18f4550.asm
                ArbFlags1   0x000018       data     extern C:\git\go\src\github.com\JamesDunne\eminor2\v2\controller\PIC\ram_def.c
                ArbFlags2   0x000019       data     extern C:\git\go\src\github.com\JamesDunne\eminor2\v2\controller\PIC\ram_def.c
                  BAUDCON   0x000fb8       data     extern E:\c18v3.46\pic18-lt\cxx-framework\src\traditional\proc\p18f4550.asm
              BAUDCONbits   0x000fb8       data     extern E:\c18v3.46\pic18-lt\cxx-framework\src\traditional\proc\p18f4550.asm
                  BAUDCTL   0x000fb8       data     extern E:\c18v3.46\pic18-lt\cxx-framework\src\traditional\proc\p18f4550.asm
              BAUDCTLbits   0x000fb8       data     extern E:\c18v3.46\pic18-lt\cxx-framework\src\traditional\proc\p18f4550.asm
                      BSR   0x000fe0       data     extern E:\c18v3.46\pic18-lt\cxx-framework\src\traditional\proc\p18f4550.asm
           ButtonStateBot   0x000245       data     extern C:\git\go\src\github.com\JamesDunne\eminor2\v2\controller\PIC\ram_def.c
           ButtonStateTop   0x000244       data     extern C:\git\go\src\github.com\JamesDunne\eminor2\v2\controller\PIC\ram_def.c
                   CCP1AS   0x000fb6       data     extern E:\c18v3.46\pic18-lt\cxx-framework\src\traditional\proc\p18f4550.asm
               CCP1ASbits   0x000fb6       data     extern E:\c18v3.46\pic18-lt\cxx-framework\src\traditional\proc\p18f4550.asm
                  CCP1CON   0x000fbd       data     extern E:\c18v3.46\pic18-lt\cxx-framework\src\traditional\proc\p18f4550.asm
              CCP1CONbits   0x000fbd       data     extern E:\c18v3.46\pic18-lt\cxx-framework\src\traditional\proc\p18f4550.asm
                  CCP1DEL   0x000fb7       data     extern E:\c18v3.46\pic18-lt\cxx-framework\src\traditional\proc\p18f4550.asm
              CCP1DELbits   0x000fb7       data     extern E:\c18v3.46\pic18-lt\cxx-framework\src\traditional\proc\p18f4550.asm
                  CCP2CON   0x000fba       data     extern E:\c18v3.46\pic18-lt\cxx-framework\src\traditional\proc\p18f4550.asm
              CCP2CONbits   0x000fba       data     extern E:\c18v3.46\pic18-lt\cxx-framework\src\traditional\proc\p18f4550.asm
                    CCPR1   0x000fbe       data     extern E:\c18v3.46\pic18-lt\cxx-framework\src\traditional\proc\p18f4550.asm
                   CCPR1H   0x000fbf       data     extern E:\c18v3.46\pic18-lt\cxx-framework\src\traditional\proc\p18f4550.asm
                   CCPR1L   0x000fbe       data     extern E:\c18v3.46\pic18-lt\cxx-framework\src\traditional\proc\p18f4550.asm
                    CCPR2   0x000fbb       data     extern E:\c18v3.46\pic18-lt\cxx-framework\src\traditional\proc\p18f4550.asm
                   CCPR2H   0x000fbc       data     extern E:\c18v3.46\pic18-lt\cxx-framework\src\traditional\proc\p18f4550.asm
                   CCPR2L   0x000fbb       data     extern E:\c18v3.46\pic18-lt\cxx-framework\src\traditional\proc\p18f4550.asm
                    CMCON   0x000fb4       data     extern E:\c18v3.46\pic18-lt\cxx-framework\src\traditional\proc\p18f4550.asm
                CMCONbits   0x000fb4       data     extern E:\c18v3.46\pic18-lt\cxx-framework\src\traditional\proc\p18f4550.asm
                   CVRCON   0x000fb5       data     extern E:\c18v3.46\pic18-lt\cxx-framework\src\traditional\proc\p18f4550.asm
               CVRCONbits   0x000fb5       data     extern E:\c18v3.46\pic18-lt\cxx-framework\src\traditional\proc\p18f4550.asm
               CommFlags1   0x000017       data     extern C:\git\go\src\github.com\JamesDunne\eminor2\v2\controller\PIC\ram_def.c
                     DDRA   0x000f92       data     extern E:\c18v3.46\pic18-lt\cxx-framework\src\traditional\proc\p18f4550.asm
                 DDRAbits   0x000f92       data     extern E:\c18v3.46\pic18-lt\cxx-framework\src\traditional\proc\p18f4550.asm
                     DDRB   0x000f93       data     extern E:\c18v3.46\pic18-lt\cxx-framework\src\traditional\proc\p18f4550.asm
                 DDRBbits   0x000f93       data     extern E:\c18v3.46\pic18-lt\cxx-framework\src\traditional\proc\p18f4550.asm
                     DDRC   0x000f94       data     extern E:\c18v3.46\pic18-lt\cxx-framework\src\traditional\proc\p18f4550.asm
                 DDRCbits   0x000f94       data     extern E:\c18v3.46\pic18-lt\cxx-framework\src\traditional\proc\p18f4550.asm
                     DDRD   0x000f95       data     extern E:\c18v3.46\pic18-lt\cxx-framework\src\traditional\proc\p18f4550.asm
                 DDRDbits   0x000f95       data     extern E:\c18v3.46\pic18-lt\cxx-framework\src\traditional\proc\p18f4550.asm
                     DDRE   0x000f96       data     extern E:\c18v3.46\pic18-lt\cxx-framework\src\traditional\proc\p18f4550.asm
                 DDREbits   0x000f96       data     extern E:\c18v3.46\pic18-lt\cxx-framework\src\traditional\proc\p18f4550.asm
                  ECCP1AS   0x000fb6       data     extern E:\c18v3.46\pic18-lt\cxx-framework\src\traditional\proc\p18f4550.asm
              ECCP1ASbits   0x000fb6       data     extern E:\c18v3.46\pic18-lt\cxx-framework\src\traditional\proc\p18f4550.asm
                 ECCP1CON   0x000fbd       data     extern E:\c18v3.46\pic18-lt\cxx-framework\src\traditional\proc\p18f4550.asm
             ECCP1CONbits   0x000fbd       data     extern E:\c18v3.46\pic18-lt\cxx-framework\src\traditional\proc\p18f4550.asm
                 ECCP1DEL   0x000fb7       data     extern E:\c18v3.46\pic18-lt\cxx-framework\src\traditional\proc\p18f4550.asm
             ECCP1DELbits   0x000fb7       data     extern E:\c18v3.46\pic18-lt\cxx-framework\src\traditional\proc\p18f4550.asm
                    EEADR   0x000fa9       data     extern E:\c18v3.46\pic18-lt\cxx-framework\src\traditional\proc\p18f4550.asm
                   EECON1   0x000fa6       data     extern E:\c18v3.46\pic18-lt\cxx-framework\src\traditional\proc\p18f4550.asm
               EECON1bits   0x000fa6       data     extern E:\c18v3.46\pic18-lt\cxx-framework\src\traditional\proc\p18f4550.asm
                   EECON2   0x000fa7       data     extern E:\c18v3.46\pic18-lt\cxx-framework\src\traditional\proc\p18f4550.asm
                   EEDATA   0x000fa8       data     extern E:\c18v3.46\pic18-lt\cxx-framework\src\traditional\proc\p18f4550.asm
                     FSR0   0x000fe9       data     extern E:\c18v3.46\pic18-lt\cxx-framework\src\traditional\proc\p18f4550.asm
                    FSR0H   0x000fea       data     extern E:\c18v3.46\pic18-lt\cxx-framework\src\traditional\proc\p18f4550.asm
                    FSR0L   0x000fe9       data     extern E:\c18v3.46\pic18-lt\cxx-framework\src\traditional\proc\p18f4550.asm
                     FSR1   0x000fe1       data     extern E:\c18v3.46\pic18-lt\cxx-framework\src\traditional\proc\p18f4550.asm
                    FSR1H   0x000fe2       data     extern E:\c18v3.46\pic18-lt\cxx-framework\src\traditional\proc\p18f4550.asm
                    FSR1L   0x000fe1       data     extern E:\c18v3.46\pic18-lt\cxx-framework\src\traditional\proc\p18f4550.asm
                     FSR2   0x000fd9       data     extern E:\c18v3.46\pic18-lt\cxx-framework\src\traditional\proc\p18f4550.asm
                    FSR2H   0x000fda       data     extern E:\c18v3.46\pic18-lt\cxx-framework\src\traditional\proc\p18f4550.asm
                    FSR2L   0x000fd9       data     extern E:\c18v3.46\pic18-lt\cxx-framework\src\traditional\proc\p18f4550.asm
                  HLVDCON   0x000fd2       data     extern E:\c18v3.46\pic18-lt\cxx-framework\src\traditional\proc\p18f4550.asm
              HLVDCONbits   0x000fd2       data     extern E:\c18v3.46\pic18-lt\cxx-framework\src\traditional\proc\p18f4550.asm
                    INDF0   0x000fef       data     extern E:\c18v3.46\pic18-lt\cxx-framework\src\traditional\proc\p18f4550.asm
                    INDF1   0x000fe7       data     extern E:\c18v3.46\pic18-lt\cxx-framework\src\traditional\proc\p18f4550.asm
                    INDF2   0x000fdf       data     extern E:\c18v3.46\pic18-lt\cxx-framework\src\traditional\proc\p18f4550.asm
                   INTCON   0x000ff2       data     extern E:\c18v3.46\pic18-lt\cxx-framework\src\traditional\proc\p18f4550.asm
                  INTCON2   0x000ff1       data     extern E:\c18v3.46\pic18-lt\cxx-framework\src\traditional\proc\p18f4550.asm
              INTCON2bits   0x000ff1       data     extern E:\c18v3.46\pic18-lt\cxx-framework\src\traditional\proc\p18f4550.asm
                  INTCON3   0x000ff0       data     extern E:\c18v3.46\pic18-lt\cxx-framework\src\traditional\proc\p18f4550.asm
              INTCON3bits   0x000ff0       data     extern E:\c18v3.46\pic18-lt\cxx-framework\src\traditional\proc\p18f4550.asm
               INTCONbits   0x000ff2       data     extern E:\c18v3.46\pic18-lt\cxx-framework\src\traditional\proc\p18f4550.asm
                     IPR1   0x000f9f       data     extern E:\c18v3.46\pic18-lt\cxx-framework\src\traditional\proc\p18f4550.asm
                 IPR1bits   0x000f9f       data     extern E:\c18v3.46\pic18-lt\cxx-framework\src\traditional\proc\p18f4550.asm
                     IPR2   0x000fa2       data     extern E:\c18v3.46\pic18-lt\cxx-framework\src\traditional\proc\p18f4550.asm
                 IPR2bits   0x000fa2       data     extern E:\c18v3.46\pic18-lt\cxx-framework\src\traditional\proc\p18f4550.asm
                     LATA   0x000f89       data     extern E:\c18v3.46\pic18-lt\cxx-framework\src\traditional\proc\p18f4550.asm
                 LATAbits   0x000f89       data     extern E:\c18v3.46\pic18-lt\cxx-framework\src\traditional\proc\p18f4550.asm
                     LATB   0x000f8a       data     extern E:\c18v3.46\pic18-lt\cxx-framework\src\traditional\proc\p18f4550.asm
                 LATBbits   0x000f8a       data     extern E:\c18v3.46\pic18-lt\cxx-framework\src\traditional\proc\p18f4550.asm
                     LATC   0x000f8b       data     extern E:\c18v3.46\pic18-lt\cxx-framework\src\traditional\proc\p18f4550.asm
                 LATCbits   0x000f8b       data     extern E:\c18v3.46\pic18-lt\cxx-framework\src\traditional\proc\p18f4550.asm
                     LATD   0x000f8c       data     extern E:\c18v3.46\pic18-lt\cxx-framework\src\traditional\proc\p18f4550.asm
                 LATDbits   0x000f8c       data     extern E:\c18v3.46\pic18-lt\cxx-framework\src\traditional\proc\p18f4550.asm
                     LATE   0x000f8d       data     extern E:\c18v3.46\pic18-lt\cxx-framework\src\traditional\proc\p18f4550.asm
                 LATEbits   0x000f8d       data     extern E:\c18v3.46\pic18-lt\cxx-framework\src\traditional\proc\p18f4550.asm
                LCDRamMap   0x00007f       data     extern C:\git\go\src\github.com\JamesDunne\eminor2\v2\controller\PIC\comm_lcd.c
           LCDUpdateStage   0x00007e       data     extern C:\git\go\src\github.com\JamesDunne\eminor2\v2\controller\PIC\comm_lcd.c
                   LVDCON   0x000fd2       data     extern E:\c18v3.46\pic18-lt\cxx-framework\src\traditional\proc\p18f4550.asm
               LVDCONbits   0x000fd2       data     extern E:\c18v3.46\pic18-lt\cxx-framework\src\traditional\proc\p18f4550.asm
             LedStatesBot   0x000243       data     extern C:\git\go\src\github.com\JamesDunne\eminor2\v2\controller\PIC\ram_def.c
             LedStatesTop   0x000242       data     extern C:\git\go\src\github.com\JamesDunne\eminor2\v2\controller\PIC\ram_def.c
               MiscFlags1   0x00001a       data     extern C:\git\go\src\github.com\JamesDunne\eminor2\v2\controller\PIC\ram_def.c
                   OSCCON   0x000fd3       data     extern E:\c18v3.46\pic18-lt\cxx-framework\src\traditional\proc\p18f4550.asm
               OSCCONbits   0x000fd3       data     extern E:\c18v3.46\pic18-lt\cxx-framework\src\traditional\proc\p18f4550.asm
                  OSCTUNE   0x000f9b       data     extern E:\c18v3.46\pic18-lt\cxx-framework\src\traditional\proc\p18f4550.asm
              OSCTUNEbits   0x000f9b       data     extern E:\c18v3.46\pic18-lt\cxx-framework\src\traditional\proc\p18f4550.asm
                       PC   0x000ff9       data     extern E:\c18v3.46\pic18-lt\cxx-framework\src\traditional\proc\p18f4550.asm
                      PCL   0x000ff9       data     extern E:\c18v3.46\pic18-lt\cxx-framework\src\traditional\proc\p18f4550.asm
                   PCLATH   0x000ffa       data     extern E:\c18v3.46\pic18-lt\cxx-framework\src\traditional\proc\p18f4550.asm
                   PCLATU   0x000ffb       data     extern E:\c18v3.46\pic18-lt\cxx-framework\src\traditional\proc\p18f4550.asm
                     PIE1   0x000f9d       data     extern E:\c18v3.46\pic18-lt\cxx-framework\src\traditional\proc\p18f4550.asm
                 PIE1bits   0x000f9d       data     extern E:\c18v3.46\pic18-lt\cxx-framework\src\traditional\proc\p18f4550.asm
                     PIE2   0x000fa0       data     extern E:\c18v3.46\pic18-lt\cxx-framework\src\traditional\proc\p18f4550.asm
                 PIE2bits   0x000fa0       data     extern E:\c18v3.46\pic18-lt\cxx-framework\src\traditional\proc\p18f4550.asm
                     PIR1   0x000f9e       data     extern E:\c18v3.46\pic18-lt\cxx-framework\src\traditional\proc\p18f4550.asm
                 PIR1bits   0x000f9e       data     extern E:\c18v3.46\pic18-lt\cxx-framework\src\traditional\proc\p18f4550.asm
                     PIR2   0x000fa1       data     extern E:\c18v3.46\pic18-lt\cxx-framework\src\traditional\proc\p18f4550.asm
                 PIR2bits   0x000fa1       data     extern E:\c18v3.46\pic18-lt\cxx-framework\src\traditional\proc\p18f4550.asm
                   PLUSW0   0x000feb       data     extern E:\c18v3.46\pic18-lt\cxx-framework\src\traditional\proc\p18f4550.asm
                   PLUSW1   0x000fe3       data     extern E:\c18v3.46\pic18-lt\cxx-framework\src\traditional\proc\p18f4550.asm
                   PLUSW2   0x000fdb       data     extern E:\c18v3.46\pic18-lt\cxx-framework\src\traditional\proc\p18f4550.asm
                    PORTA   0x000f80       data     extern E:\c18v3.46\pic18-lt\cxx-framework\src\traditional\proc\p18f4550.asm
                PORTAbits   0x000f80       data     extern E:\c18v3.46\pic18-lt\cxx-framework\src\traditional\proc\p18f4550.asm
                    PORTB   0x000f81       data     extern E:\c18v3.46\pic18-lt\cxx-framework\src\traditional\proc\p18f4550.asm
                PORTBbits   0x000f81       data     extern E:\c18v3.46\pic18-lt\cxx-framework\src\traditional\proc\p18f4550.asm
                    PORTC   0x000f82       data     extern E:\c18v3.46\pic18-lt\cxx-framework\src\traditional\proc\p18f4550.asm
                PORTCbits   0x000f82       data     extern E:\c18v3.46\pic18-lt\cxx-framework\src\traditional\proc\p18f4550.asm
                    PORTD   0x000f83       data     extern E:\c18v3.46\pic18-lt\cxx-framework\src\traditional\proc\p18f4550.asm
                PORTDbits   0x000f83       data     extern E:\c18v3.46\pic18-lt\cxx-framework\src\traditional\proc\p18f4550.asm
                    PORTE   0x000f84       data     extern E:\c18v3.46\pic18-lt\cxx-framework\src\traditional\proc\p18f4550.asm
                PORTEbits   0x000f84       data     extern E:\c18v3.46\pic18-lt\cxx-framework\src\traditional\proc\p18f4550.asm
                 POSTDEC0   0x000fed       data     extern E:\c18v3.46\pic18-lt\cxx-framework\src\traditional\proc\p18f4550.asm
                 POSTDEC1   0x000fe5       data     extern E:\c18v3.46\pic18-lt\cxx-framework\src\traditional\proc\p18f4550.asm
                 POSTDEC2   0x000fdd       data     extern E:\c18v3.46\pic18-lt\cxx-framework\src\traditional\proc\p18f4550.asm
                 POSTINC0   0x000fee       data     extern E:\c18v3.46\pic18-lt\cxx-framework\src\traditional\proc\p18f4550.asm
                 POSTINC1   0x000fe6       data     extern E:\c18v3.46\pic18-lt\cxx-framework\src\traditional\proc\p18f4550.asm
                 POSTINC2   0x000fde       data     extern E:\c18v3.46\pic18-lt\cxx-framework\src\traditional\proc\p18f4550.asm
                      PR2   0x000fcb       data     extern E:\c18v3.46\pic18-lt\cxx-framework\src\traditional\proc\p18f4550.asm
                  PREINC0   0x000fec       data     extern E:\c18v3.46\pic18-lt\cxx-framework\src\traditional\proc\p18f4550.asm
                  PREINC1   0x000fe4       data     extern E:\c18v3.46\pic18-lt\cxx-framework\src\traditional\proc\p18f4550.asm
                  PREINC2   0x000fdc       data     extern E:\c18v3.46\pic18-lt\cxx-framework\src\traditional\proc\p18f4550.asm
                     PROD   0x000ff3       data     extern E:\c18v3.46\pic18-lt\cxx-framework\src\traditional\proc\p18f4550.asm
                    PRODH   0x000ff4       data     extern E:\c18v3.46\pic18-lt\cxx-framework\src\traditional\proc\p18f4550.asm
                    PRODL   0x000ff3       data     extern E:\c18v3.46\pic18-lt\cxx-framework\src\traditional\proc\p18f4550.asm
              ProgMemAddr   0x000200       data     extern C:\git\go\src\github.com\JamesDunne\eminor2\v2\controller\PIC\ram_def.c
            ProgmemBuffer   0x000202       data     extern C:\git\go\src\github.com\JamesDunne\eminor2\v2\controller\PIC\ram_def.c
                     RCON   0x000fd0       data     extern E:\c18v3.46\pic18-lt\cxx-framework\src\traditional\proc\p18f4550.asm
                 RCONbits   0x000fd0       data     extern E:\c18v3.46\pic18-lt\cxx-framework\src\traditional\proc\p18f4550.asm
                    RCREG   0x000fae       data     extern E:\c18v3.46\pic18-lt\cxx-framework\src\traditional\proc\p18f4550.asm
                    RCSTA   0x000fab       data     extern E:\c18v3.46\pic18-lt\cxx-framework\src\traditional\proc\p18f4550.asm
                RCSTAbits   0x000fab       data     extern E:\c18v3.46\pic18-lt\cxx-framework\src\traditional\proc\p18f4550.asm
                     SIGN   0x00000e       data     extern E:\c18v3.46\pic18-lt\cxx-framework\src\traditional\math\cmath18.asm
                    SPBRG   0x000faf       data     extern E:\c18v3.46\pic18-lt\cxx-framework\src\traditional\proc\p18f4550.asm
                   SPBRGH   0x000fb0       data     extern E:\c18v3.46\pic18-lt\cxx-framework\src\traditional\proc\p18f4550.asm
                   SPPCFG   0x000f63       data     extern E:\c18v3.46\pic18-lt\cxx-framework\src\traditional\proc\p18f4550.asm
               SPPCFGbits   0x000f63       data     extern E:\c18v3.46\pic18-lt\cxx-framework\src\traditional\proc\p18f4550.asm
                   SPPCON   0x000f65       data     extern E:\c18v3.46\pic18-lt\cxx-framework\src\traditional\proc\p18f4550.asm
               SPPCONbits   0x000f65       data     extern E:\c18v3.46\pic18-lt\cxx-framework\src\traditional\proc\p18f4550.asm
                  SPPDATA   0x000f62       data     extern E:\c18v3.46\pic18-lt\cxx-framework\src\traditional\proc\p18f4550.asm
                   SPPEPS   0x000f64       data     extern E:\c18v3.46\pic18-lt\cxx-framework\src\traditional\proc\p18f4550.asm
               SPPEPSbits   0x000f64       data     extern E:\c18v3.46\pic18-lt\cxx-framework\src\traditional\proc\p18f4550.asm
                   SSPADD   0x000fc8       data     extern E:\c18v3.46\pic18-lt\cxx-framework\src\traditional\proc\p18f4550.asm
                   SSPBUF   0x000fc9       data     extern E:\c18v3.46\pic18-lt\cxx-framework\src\traditional\proc\p18f4550.asm
                  SSPCON1   0x000fc6       data     extern E:\c18v3.46\pic18-lt\cxx-framework\src\traditional\proc\p18f4550.asm
              SSPCON1bits   0x000fc6       data     extern E:\c18v3.46\pic18-lt\cxx-framework\src\traditional\proc\p18f4550.asm
                  SSPCON2   0x000fc5       data     extern E:\c18v3.46\pic18-lt\cxx-framework\src\traditional\proc\p18f4550.asm
              SSPCON2bits   0x000fc5       data     extern E:\c18v3.46\pic18-lt\cxx-framework\src\traditional\proc\p18f4550.asm
                  SSPSTAT   0x000fc7       data     extern E:\c18v3.46\pic18-lt\cxx-framework\src\traditional\proc\p18f4550.asm
              SSPSTATbits   0x000fc7       data     extern E:\c18v3.46\pic18-lt\cxx-framework\src\traditional\proc\p18f4550.asm
                   STATUS   0x000fd8       data     extern E:\c18v3.46\pic18-lt\cxx-framework\src\traditional\proc\p18f4550.asm
               STATUSbits   0x000fd8       data     extern E:\c18v3.46\pic18-lt\cxx-framework\src\traditional\proc\p18f4550.asm
                   STKPTR   0x000ffc       data     extern E:\c18v3.46\pic18-lt\cxx-framework\src\traditional\proc\p18f4550.asm
               STKPTRbits   0x000ffc       data     extern E:\c18v3.46\pic18-lt\cxx-framework\src\traditional\proc\p18f4550.asm
              SystickCntr   0x000246       data     extern C:\git\go\src\github.com\JamesDunne\eminor2\v2\controller\PIC\ram_def.c
             SystickCntr2   0x000247       data     extern C:\git\go\src\github.com\JamesDunne\eminor2\v2\controller\PIC\ram_def.c
             SystickCntr3   0x000248       data     extern C:\git\go\src\github.com\JamesDunne\eminor2\v2\controller\PIC\ram_def.c
                    T0CON   0x000fd5       data     extern E:\c18v3.46\pic18-lt\cxx-framework\src\traditional\proc\p18f4550.asm
                T0CONbits   0x000fd5       data     extern E:\c18v3.46\pic18-lt\cxx-framework\src\traditional\proc\p18f4550.asm
                    T1CON   0x000fcd       data     extern E:\c18v3.46\pic18-lt\cxx-framework\src\traditional\proc\p18f4550.asm
                T1CONbits   0x000fcd       data     extern E:\c18v3.46\pic18-lt\cxx-framework\src\traditional\proc\p18f4550.asm
                    T2CON   0x000fca       data     extern E:\c18v3.46\pic18-lt\cxx-framework\src\traditional\proc\p18f4550.asm
                T2CONbits   0x000fca       data     extern E:\c18v3.46\pic18-lt\cxx-framework\src\traditional\proc\p18f4550.asm
                    T3CON   0x000fb1       data     extern E:\c18v3.46\pic18-lt\cxx-framework\src\traditional\proc\p18f4550.asm
                T3CONbits   0x000fb1       data     extern E:\c18v3.46\pic18-lt\cxx-framework\src\traditional\proc\p18f4550.asm
                   TABLAT   0x000ff5       data     extern E:\c18v3.46\pic18-lt\cxx-framework\src\traditional\proc\p18f4550.asm
                   TBLPTR   0x000ff6       data     extern E:\c18v3.46\pic18-lt\cxx-framework\src\traditional\proc\p18f4550.asm
                  TBLPTRH   0x000ff7       data     extern E:\c18v3.46\pic18-lt\cxx-framework\src\traditional\proc\p18f4550.asm
                  TBLPTRL   0x000ff6       data     extern E:\c18v3.46\pic18-lt\cxx-framework\src\traditional\proc\p18f4550.asm
                  TBLPTRU   0x000ff8       data     extern E:\c18v3.46\pic18-lt\cxx-framework\src\traditional\proc\p18f4550.asm
                    TMR0H   0x000fd7       data     extern E:\c18v3.46\pic18-lt\cxx-framework\src\traditional\proc\p18f4550.asm
                    TMR0L   0x000fd6       data     extern E:\c18v3.46\pic18-lt\cxx-framework\src\traditional\proc\p18f4550.asm
                    TMR1H   0x000fcf       data     extern E:\c18v3.46\pic18-lt\cxx-framework\src\traditional\proc\p18f4550.asm
                    TMR1L   0x000fce       data     extern E:\c18v3.46\pic18-lt\cxx-framework\src\traditional\proc\p18f4550.asm
                     TMR2   0x000fcc       data     extern E:\c18v3.46\pic18-lt\cxx-framework\src\traditional\proc\p18f4550.asm
                    TMR3H   0x000fb3       data     extern E:\c18v3.46\pic18-lt\cxx-framework\src\traditional\proc\p18f4550.asm
                    TMR3L   0x000fb2       data     extern E:\c18v3.46\pic18-lt\cxx-framework\src\traditional\proc\p18f4550.asm
                      TOS   0x000ffd       data     extern E:\c18v3.46\pic18-lt\cxx-framework\src\traditional\proc\p18f4550.asm
                     TOSH   0x000ffe       data     extern E:\c18v3.46\pic18-lt\cxx-framework\src\traditional\proc\p18f4550.asm
                     TOSL   0x000ffd       data     extern E:\c18v3.46\pic18-lt\cxx-framework\src\traditional\proc\p18f4550.asm
                     TOSU   0x000fff       data     extern E:\c18v3.46\pic18-lt\cxx-framework\src\traditional\proc\p18f4550.asm
                    TRISA   0x000f92       data     extern E:\c18v3.46\pic18-lt\cxx-framework\src\traditional\proc\p18f4550.asm
                TRISAbits   0x000f92       data     extern E:\c18v3.46\pic18-lt\cxx-framework\src\traditional\proc\p18f4550.asm
                    TRISB   0x000f93       data     extern E:\c18v3.46\pic18-lt\cxx-framework\src\traditional\proc\p18f4550.asm
                TRISBbits   0x000f93       data     extern E:\c18v3.46\pic18-lt\cxx-framework\src\traditional\proc\p18f4550.asm
                    TRISC   0x000f94       data     extern E:\c18v3.46\pic18-lt\cxx-framework\src\traditional\proc\p18f4550.asm
                TRISCbits   0x000f94       data     extern E:\c18v3.46\pic18-lt\cxx-framework\src\traditional\proc\p18f4550.asm
                    TRISD   0x000f95       data     extern E:\c18v3.46\pic18-lt\cxx-framework\src\traditional\proc\p18f4550.asm
                TRISDbits   0x000f95       data     extern E:\c18v3.46\pic18-lt\cxx-framework\src\traditional\proc\p18f4550.asm
                    TRISE   0x000f96       data     extern E:\c18v3.46\pic18-lt\cxx-framework\src\traditional\proc\p18f4550.asm
                TRISEbits   0x000f96       data     extern E:\c18v3.46\pic18-lt\cxx-framework\src\traditional\proc\p18f4550.asm
                    TXREG   0x000fad       data     extern E:\c18v3.46\pic18-lt\cxx-framework\src\traditional\proc\p18f4550.asm
                    TXSTA   0x000fac       data     extern E:\c18v3.46\pic18-lt\cxx-framework\src\traditional\proc\p18f4550.asm
                TXSTAbits   0x000fac       data     extern E:\c18v3.46\pic18-lt\cxx-framework\src\traditional\proc\p18f4550.asm
                    UADDR   0x000f6e       data     extern E:\c18v3.46\pic18-lt\cxx-framework\src\traditional\proc\p18f4550.asm
                UADDRbits   0x000f6e       data     extern E:\c18v3.46\pic18-lt\cxx-framework\src\traditional\proc\p18f4550.asm
                     UCFG   0x000f6f       data     extern E:\c18v3.46\pic18-lt\cxx-framework\src\traditional\proc\p18f4550.asm
                 UCFGbits   0x000f6f       data     extern E:\c18v3.46\pic18-lt\cxx-framework\src\traditional\proc\p18f4550.asm
                     UCON   0x000f6d       data     extern E:\c18v3.46\pic18-lt\cxx-framework\src\traditional\proc\p18f4550.asm
                 UCONbits   0x000f6d       data     extern E:\c18v3.46\pic18-lt\cxx-framework\src\traditional\proc\p18f4550.asm
                     UEIE   0x000f6b       data     extern E:\c18v3.46\pic18-lt\cxx-framework\src\traditional\proc\p18f4550.asm
                 UEIEbits   0x000f6b       data     extern E:\c18v3.46\pic18-lt\cxx-framework\src\traditional\proc\p18f4550.asm
                     UEIR   0x000f6a       data     extern E:\c18v3.46\pic18-lt\cxx-framework\src\traditional\proc\p18f4550.asm
                 UEIRbits   0x000f6a       data     extern E:\c18v3.46\pic18-lt\cxx-framework\src\traditional\proc\p18f4550.asm
                     UEP0   0x000f70       data     extern E:\c18v3.46\pic18-lt\cxx-framework\src\traditional\proc\p18f4550.asm
                 UEP0bits   0x000f70       data     extern E:\c18v3.46\pic18-lt\cxx-framework\src\traditional\proc\p18f4550.asm
                     UEP1   0x000f71       data     extern E:\c18v3.46\pic18-lt\cxx-framework\src\traditional\proc\p18f4550.asm
                    UEP10   0x000f7a       data     extern E:\c18v3.46\pic18-lt\cxx-framework\src\traditional\proc\p18f4550.asm
                UEP10bits   0x000f7a       data     extern E:\c18v3.46\pic18-lt\cxx-framework\src\traditional\proc\p18f4550.asm
                    UEP11   0x000f7b       data     extern E:\c18v3.46\pic18-lt\cxx-framework\src\traditional\proc\p18f4550.asm
                UEP11bits   0x000f7b       data     extern E:\c18v3.46\pic18-lt\cxx-framework\src\traditional\proc\p18f4550.asm
                    UEP12   0x000f7c       data     extern E:\c18v3.46\pic18-lt\cxx-framework\src\traditional\proc\p18f4550.asm
                UEP12bits   0x000f7c       data     extern E:\c18v3.46\pic18-lt\cxx-framework\src\traditional\proc\p18f4550.asm
                    UEP13   0x000f7d       data     extern E:\c18v3.46\pic18-lt\cxx-framework\src\traditional\proc\p18f4550.asm
                UEP13bits   0x000f7d       data     extern E:\c18v3.46\pic18-lt\cxx-framework\src\traditional\proc\p18f4550.asm
                    UEP14   0x000f7e       data     extern E:\c18v3.46\pic18-lt\cxx-framework\src\traditional\proc\p18f4550.asm
                UEP14bits   0x000f7e       data     extern E:\c18v3.46\pic18-lt\cxx-framework\src\traditional\proc\p18f4550.asm
                    UEP15   0x000f7f       data     extern E:\c18v3.46\pic18-lt\cxx-framework\src\traditional\proc\p18f4550.asm
                UEP15bits   0x000f7f       data     extern E:\c18v3.46\pic18-lt\cxx-framework\src\traditional\proc\p18f4550.asm
                 UEP1bits   0x000f71       data     extern E:\c18v3.46\pic18-lt\cxx-framework\src\traditional\proc\p18f4550.asm
                     UEP2   0x000f72       data     extern E:\c18v3.46\pic18-lt\cxx-framework\src\traditional\proc\p18f4550.asm
                 UEP2bits   0x000f72       data     extern E:\c18v3.46\pic18-lt\cxx-framework\src\traditional\proc\p18f4550.asm
                     UEP3   0x000f73       data     extern E:\c18v3.46\pic18-lt\cxx-framework\src\traditional\proc\p18f4550.asm
                 UEP3bits   0x000f73       data     extern E:\c18v3.46\pic18-lt\cxx-framework\src\traditional\proc\p18f4550.asm
                     UEP4   0x000f74       data     extern E:\c18v3.46\pic18-lt\cxx-framework\src\traditional\proc\p18f4550.asm
                 UEP4bits   0x000f74       data     extern E:\c18v3.46\pic18-lt\cxx-framework\src\traditional\proc\p18f4550.asm
                     UEP5   0x000f75       data     extern E:\c18v3.46\pic18-lt\cxx-framework\src\traditional\proc\p18f4550.asm
                 UEP5bits   0x000f75       data     extern E:\c18v3.46\pic18-lt\cxx-framework\src\traditional\proc\p18f4550.asm
                     UEP6   0x000f76       data     extern E:\c18v3.46\pic18-lt\cxx-framework\src\traditional\proc\p18f4550.asm
                 UEP6bits   0x000f76       data     extern E:\c18v3.46\pic18-lt\cxx-framework\src\traditional\proc\p18f4550.asm
                     UEP7   0x000f77       data     extern E:\c18v3.46\pic18-lt\cxx-framework\src\traditional\proc\p18f4550.asm
                 UEP7bits   0x000f77       data     extern E:\c18v3.46\pic18-lt\cxx-framework\src\traditional\proc\p18f4550.asm
                     UEP8   0x000f78       data     extern E:\c18v3.46\pic18-lt\cxx-framework\src\traditional\proc\p18f4550.asm
                 UEP8bits   0x000f78       data     extern E:\c18v3.46\pic18-lt\cxx-framework\src\traditional\proc\p18f4550.asm
                     UEP9   0x000f79       data     extern E:\c18v3.46\pic18-lt\cxx-framework\src\traditional\proc\p18f4550.asm
                 UEP9bits   0x000f79       data     extern E:\c18v3.46\pic18-lt\cxx-framework\src\traditional\proc\p18f4550.asm
                     UFRM   0x000f66       data     extern E:\c18v3.46\pic18-lt\cxx-framework\src\traditional\proc\p18f4550.asm
                    UFRMH   0x000f67       data     extern E:\c18v3.46\pic18-lt\cxx-framework\src\traditional\proc\p18f4550.asm
                UFRMHbits   0x000f67       data     extern E:\c18v3.46\pic18-lt\cxx-framework\src\traditional\proc\p18f4550.asm
                    UFRML   0x000f66       data     extern E:\c18v3.46\pic18-lt\cxx-framework\src\traditional\proc\p18f4550.asm
                UFRMLbits   0x000f66       data     extern E:\c18v3.46\pic18-lt\cxx-framework\src\traditional\proc\p18f4550.asm
                      UIE   0x000f69       data     extern E:\c18v3.46\pic18-lt\cxx-framework\src\traditional\proc\p18f4550.asm
                  UIEbits   0x000f69       data     extern E:\c18v3.46\pic18-lt\cxx-framework\src\traditional\proc\p18f4550.asm
                      UIR   0x000f68       data     extern E:\c18v3.46\pic18-lt\cxx-framework\src\traditional\proc\p18f4550.asm
                  UIRbits   0x000f68       data     extern E:\c18v3.46\pic18-lt\cxx-framework\src\traditional\proc\p18f4550.asm
                    USTAT   0x000f6c       data     extern E:\c18v3.46\pic18-lt\cxx-framework\src\traditional\proc\p18f4550.asm
                USTATbits   0x000f6c       data     extern E:\c18v3.46\pic18-lt\cxx-framework\src\traditional\proc\p18f4550.asm
                   WDTCON   0x000fd1       data     extern E:\c18v3.46\pic18-lt\cxx-framework\src\traditional\proc\p18f4550.asm
               WDTCONbits   0x000fd1       data     extern E:\c18v3.46\pic18-lt\cxx-framework\src\traditional\proc\p18f4550.asm
                     WREG   0x000fe8       data     extern E:\c18v3.46\pic18-lt\cxx-framework\src\traditional\proc\p18f4550.asm
                 __AARGB0   0x000007       data     extern E:\c18v3.46\pic18-lt\cxx-framework\src\traditional\math\aarg.asm
                 __AARGB1   0x000006       data     extern E:\c18v3.46\pic18-lt\cxx-framework\src\traditional\math\aarg.asm
                 __AARGB2   0x000005       data     extern E:\c18v3.46\pic18-lt\cxx-framework\src\traditional\math\aarg.asm
                 __AARGB3   0x000004       data     extern E:\c18v3.46\pic18-lt\cxx-framework\src\traditional\math\aarg.asm
                 __AARGB4   0x000003       data     extern E:\c18v3.46\pic18-lt\cxx-framework\src\traditional\math\aarg.asm
                 __AARGB5   0x000002       data     extern E:\c18v3.46\pic18-lt\cxx-framework\src\traditional\math\aarg.asm
                 __AARGB6   0x000001       data     extern E:\c18v3.46\pic18-lt\cxx-framework\src\traditional\math\aarg.asm
                 __AARGB7   0x000000       data     extern E:\c18v3.46\pic18-lt\cxx-framework\src\traditional\math\aarg.asm
                   __AEXP   0x000008       data     extern E:\c18v3.46\pic18-lt\cxx-framework\src\traditional\math\aarg.asm
                 __BARGB0   0x00000c       data     extern E:\c18v3.46\pic18-lt\cxx-framework\src\traditional\math\barg.asm
                 __BARGB1   0x00000b       data     extern E:\c18v3.46\pic18-lt\cxx-framework\src\traditional\math\barg.asm
                 __BARGB2   0x00000a       data     extern E:\c18v3.46\pic18-lt\cxx-framework\src\traditional\math\barg.asm
                 __BARGB3   0x000009       data     extern E:\c18v3.46\pic18-lt\cxx-framework\src\traditional\math\barg.asm
                   __BEXP   0x00000d       data     extern E:\c18v3.46\pic18-lt\cxx-framework\src\traditional\math\barg.asm
                __FPFLAGS   0x00000f       data     extern E:\c18v3.46\pic18-lt\cxx-framework\src\traditional\math\cmath18.asm
            __FPFLAGSbits   0x00000f       data     extern E:\c18v3.46\pic18-lt\cxx-framework\src\traditional\math\cmath18.asm
                  __REMB0   0x000003       data     extern E:\c18v3.46\pic18-lt\cxx-framework\src\traditional\math\aarg.asm
                  __REMB1   0x000002       data     extern E:\c18v3.46\pic18-lt\cxx-framework\src\traditional\math\aarg.asm
                  __REMB2   0x000001       data     extern E:\c18v3.46\pic18-lt\cxx-framework\src\traditional\math\aarg.asm
                  __REMB3   0x000000       data     extern E:\c18v3.46\pic18-lt\cxx-framework\src\traditional\math\aarg.asm
                  __tmp_0   0x000010       data     static C:\git\go\src\github.com\JamesDunne\eminor2\v2\controller\common\util.c
                  __tmp_0   0x000010       data     static C:\git\go\src\github.com\JamesDunne\eminor2\v2\controller\PIC\hwcalls.c
                  __tmp_0   0x000010       data     static C:\git\go\src\github.com\JamesDunne\eminor2\v2\controller\PIC\writeprogmem.c
                  __tmp_0   0x000010       data     static C:\git\go\src\github.com\JamesDunne\eminor2\v2\controller\PIC\BootUserStartup.c
                  __tmp_0   0x000010       data     static C:\git\go\src\github.com\JamesDunne\eminor2\v2\controller\common\controller-v5.c
                  __tmp_0   0x000010       data     static C:\git\go\src\github.com\JamesDunne\eminor2\v2\controller\PIC\comm_lcd.c
                     curr   0x000252       data     extern C:\git\go\src\github.com\JamesDunne\eminor2\v2\controller\common\controller-v5.c
                     last   0x000267       data     extern C:\git\go\src\github.com\JamesDunne\eminor2\v2\controller\common\controller-v5.c
                 last_amp   0x00027c       data     extern C:\git\go\src\github.com\JamesDunne\eminor2\v2\controller\common\controller-v5.c
                 lcd_rows   0x0000e0       data     extern C:\git\go\src\github.com\JamesDunne\eminor2\v2\controller\common\controller-v5.c
                     mode   0x00024c       data     extern C:\git\go\src\github.com\JamesDunne\eminor2\v2\controller\common\controller-v5.c
                mode_leds   0x00024d       data     extern C:\git\go\src\github.com\JamesDunne\eminor2\v2\controller\common\controller-v5.c
                   origpr   0x000250       data     extern C:\git\go\src\github.com\JamesDunne\eminor2\v2\controller\common\controller-v5.c
                       pr   0x000180       data     extern C:\git\go\src\github.com\JamesDunne\eminor2\v2\controller\common\controller-v5.c
                       sl   0x000100       data     extern C:\git\go\src\github.com\JamesDunne\eminor2\v2\controller\common\controller-v5.c
                   sl_max   0x00024f       data     extern C:\git\go\src\github.com\JamesDunne\eminor2\v2\controller\common\controller-v5.c
              swuart_mode   0x00007c       data     extern C:\git\go\src\github.com\JamesDunne\eminor2\v2\controller\PIC\comm_lcd.c
           swuart_started   0x00007d       data     extern C:\git\go\src\github.com\JamesDunne\eminor2\v2\controller\PIC\comm_lcd.c
         swuart_tx_buffer   0x000060       data     extern C:\git\go\src\github.com\JamesDunne\eminor2\v2\controller\PIC\comm_lcd.c
      swuart_tx_bufoutptr   0x000079       data     extern C:\git\go\src\github.com\JamesDunne\eminor2\v2\controller\PIC\comm_lcd.c
         swuart_tx_bufptr   0x000078       data     extern C:\git\go\src\github.com\JamesDunne\eminor2\v2\controller\PIC\comm_lcd.c
            swuart_txbyte   0x00007a       data     extern C:\git\go\src\github.com\JamesDunne\eminor2\v2\controller\PIC\comm_lcd.c
            swuart_txmask   0x00007b       data     extern C:\git\go\src\github.com\JamesDunne\eminor2\v2\controller\PIC\comm_lcd.c
             tTimer1Value   0x000249       data     extern C:\git\go\src\github.com\JamesDunne\eminor2\v2\controller\PIC\ram_def.c
                      tap   0x00024b       data     extern C:\git\go\src\github.com\JamesDunne\eminor2\v2\controller\common\controller-v5.c
                   timers   0x0000cf       data     extern C:\git\go\src\github.com\JamesDunne\eminor2\v2\controller\common\controller-v5.c



                              Symbols - Sorted by Address
                     Name    Address   Location    Storage File                     
                ---------  ---------  ---------  --------- ---------                
               true_entry   0x000000    program     extern C:\git\go\src\github.com\JamesDunne\eminor2\v2\controller\PIC\BootUserStartup.c
       ___return_lbl00000   0x000004    program     static                          
 interrupt_at_high_vector   0x000008    program     extern C:\git\go\src\github.com\JamesDunne\eminor2\v2\controller\PIC\BootUserStartup.c
       ___return_lbl00001   0x00000c    program     static                          
  interrupt_at_low_vector   0x000018    program     extern C:\git\go\src\github.com\JamesDunne\eminor2\v2\controller\PIC\BootUserStartup.c
       ___return_lbl00002   0x000020    program     static                          
        UninitializedMain   0x000022    program     extern C:\git\go\src\github.com\JamesDunne\eminor2\v2\controller\PIC\BootUserStartup.c
         ___else_lbl00005   0x00004c    program     static                          
           ___if_lbl00004   0x000050    program     static                          
    DoFlashSignatureCheck   0x000050    program     static                          
           ___if_lbl00006   0x000074    program     static                          
       ___return_lbl00003   0x000078    program     static                          
              bootNopFunc   0x00007a    program     extern C:\git\go\src\github.com\JamesDunne\eminor2\v2\controller\PIC\BootUserStartup.c
            USBBootloader   0x0000c0    program     extern C:\git\go\src\github.com\JamesDunne\eminor2\v2\controller\PIC\bootcode.c
                   _entry   0x001000    program     extern C:\git\go\src\github.com\JamesDunne\eminor2\v2\controller\PIC\startup.c
       ___return_lbl00000   0x001004    program     static                          
                  app_sig   0x001006    program     extern C:\git\go\src\github.com\JamesDunne\eminor2\v2\controller\PIC\UserAppCode.c
      InterruptVectorHigh   0x001008    program     extern C:\git\go\src\github.com\JamesDunne\eminor2\v2\controller\PIC\intslct.c
       ___return_lbl00000   0x00100c    program     static                          
                  app_ver   0x001016    program     extern C:\git\go\src\github.com\JamesDunne\eminor2\v2\controller\PIC\UserAppCode.c
                send_leds   0x001018    program     static C:\git\go\src\github.com\JamesDunne\eminor2\v2\controller\common\controller-v5.c
                calc_midi   0x001086    program     static C:\git\go\src\github.com\JamesDunne\eminor2\v2\controller\common\controller-v5.c
             __tmplbl_194   0x0010ca    program     static                          
             __tmplbl_189   0x00192c    program     static                          
               update_lcd   0x001b40    program     static C:\git\go\src\github.com\JamesDunne\eminor2\v2\controller\common\controller-v5.c
                calc_leds   0x00245a    program     static C:\git\go\src\github.com\JamesDunne\eminor2\v2\controller\common\controller-v5.c
       calc_gain_modified   0x0024c8    program     static C:\git\go\src\github.com\JamesDunne\eminor2\v2\controller\common\controller-v5.c
         calc_fx_modified   0x002552    program     static C:\git\go\src\github.com\JamesDunne\eminor2\v2\controller\common\controller-v5.c
     calc_volume_modified   0x0025e8    program     static C:\git\go\src\github.com\JamesDunne\eminor2\v2\controller\common\controller-v5.c
             program_addr   0x002682    program     extern C:\git\go\src\github.com\JamesDunne\eminor2\v2\controller\common\controller-v5.c
             load_program   0x0026d0    program     extern C:\git\go\src\github.com\JamesDunne\eminor2\v2\controller\common\controller-v5.c
               load_scene   0x00277c    program     extern C:\git\go\src\github.com\JamesDunne\eminor2\v2\controller\common\controller-v5.c
            scene_default   0x0028a8    program     static C:\git\go\src\github.com\JamesDunne\eminor2\v2\controller\common\controller-v5.c
      toggle_setlist_mode   0x002a42    program     static C:\git\go\src\github.com\JamesDunne\eminor2\v2\controller\common\controller-v5.c
          midi_invalidate   0x002aa4    program     static C:\git\go\src\github.com\JamesDunne\eminor2\v2\controller\common\controller-v5.c
                next_song   0x002ae2    program     static C:\git\go\src\github.com\JamesDunne\eminor2\v2\controller\common\controller-v5.c
                prev_song   0x002afc    program     static C:\git\go\src\github.com\JamesDunne\eminor2\v2\controller\common\controller-v5.c
               next_scene   0x002b16    program     static C:\git\go\src\github.com\JamesDunne\eminor2\v2\controller\common\controller-v5.c
              reset_scene   0x002b22    program     static C:\git\go\src\github.com\JamesDunne\eminor2\v2\controller\common\controller-v5.c
               prev_scene   0x002b28    program     static C:\git\go\src\github.com\JamesDunne\eminor2\v2\controller\common\controller-v5.c
          controller_init   0x002b34    program     extern C:\git\go\src\github.com\JamesDunne\eminor2\v2\controller\common\controller-v5.c
  controller_10msec_timer   0x002e38    program     extern C:\git\go\src\github.com\JamesDunne\eminor2\v2\controller\common\controller-v5.c
        controller_handle   0x00349e    program     extern C:\git\go\src\github.com\JamesDunne\eminor2\v2\controller\common\controller-v5.c
     SendDataToShiftReg16   0x003d84    program     extern C:\git\go\src\github.com\JamesDunne\eminor2\v2\controller\PIC\hwcalls.c
              ReadButtons   0x003df8    program     extern C:\git\go\src\github.com\JamesDunne\eminor2\v2\controller\PIC\hwcalls.c
            SetDipAddress   0x003faa    program     extern C:\git\go\src\github.com\JamesDunne\eminor2\v2\controller\PIC\hwcalls.c
                 fsw_poll   0x003fd4    program     extern C:\git\go\src\github.com\JamesDunne\eminor2\v2\controller\PIC\hwcalls.c
               UpdateLeds   0x004012    program     extern C:\git\go\src\github.com\JamesDunne\eminor2\v2\controller\PIC\hwcalls.c
                  led_set   0x0040da    program     extern C:\git\go\src\github.com\JamesDunne\eminor2\v2\controller\PIC\hwcalls.c
              lcd_row_get   0x00410e    program     extern C:\git\go\src\github.com\JamesDunne\eminor2\v2\controller\PIC\hwcalls.c
          lcd_updated_all   0x00413c    program     extern C:\git\go\src\github.com\JamesDunne\eminor2\v2\controller\PIC\hwcalls.c
          midi_send_sysex   0x004140    program     extern C:\git\go\src\github.com\JamesDunne\eminor2\v2\controller\PIC\hwcalls.c
        ___while_lbl00040   0x00414c    program     static                          
        ___while_lbl00041   0x004150    program     static                          
       ___return_lbl00039   0x00415e    program     static                          
      midi_send_cmd1_impl   0x004166    program     extern C:\git\go\src\github.com\JamesDunne\eminor2\v2\controller\PIC\hwcalls.c
        ___while_lbl00043   0x004172    program     static                          
        ___while_lbl00044   0x004176    program     static                          
        ___while_lbl00045   0x004188    program     static                          
        ___while_lbl00046   0x00418c    program     static                          
       ___return_lbl00042   0x00419a    program     static                          
      midi_send_cmd2_impl   0x0041a2    program     extern C:\git\go\src\github.com\JamesDunne\eminor2\v2\controller\PIC\hwcalls.c
        ___while_lbl00048   0x0041ae    program     static                          
        ___while_lbl00049   0x0041b2    program     static                          
        ___while_lbl00050   0x0041c4    program     static                          
        ___while_lbl00051   0x0041c8    program     static                          
        ___while_lbl00052   0x0041da    program     static                          
        ___while_lbl00053   0x0041de    program     static                          
       ___return_lbl00047   0x0041ec    program     static                          
               flash_load   0x0041f4    program     extern C:\git\go\src\github.com\JamesDunne\eminor2\v2\controller\PIC\hwcalls.c
              flash_store   0x0042ca    program     extern C:\git\go\src\github.com\JamesDunne\eminor2\v2\controller\PIC\hwcalls.c
               flash_addr   0x004464    program     extern C:\git\go\src\github.com\JamesDunne\eminor2\v2\controller\PIC\hwcalls.c
                   hextoa   0x0044c8    program     extern C:\git\go\src\github.com\JamesDunne\eminor2\v2\controller\common\util.c
                    ritoa   0x00454c    program     extern C:\git\go\src\github.com\JamesDunne\eminor2\v2\controller\common\util.c
                   bcdtoa   0x0045ba    program     extern C:\git\go\src\github.com\JamesDunne\eminor2\v2\controller\common\util.c
             copy_str_lcd   0x004780    program     extern C:\git\go\src\github.com\JamesDunne\eminor2\v2\controller\common\util.c
                  fx_name   0x00481c    program     extern C:\git\go\src\github.com\JamesDunne\eminor2\v2\controller\common\util.c
                 lcd_init   0x00486e    program     extern C:\git\go\src\github.com\JamesDunne\eminor2\v2\controller\PIC\comm_lcd.c
        lcd_update_screen   0x0048ac    program     extern C:\git\go\src\github.com\JamesDunne\eminor2\v2\controller\PIC\comm_lcd.c
              lcd_enqueue   0x004958    program     extern C:\git\go\src\github.com\JamesDunne\eminor2\v2\controller\PIC\comm_lcd.c
          swuart_tx_start   0x00498a    program     extern C:\git\go\src\github.com\JamesDunne\eminor2\v2\controller\PIC\comm_lcd.c
      swuart_tx_interrupt   0x0049a2    program     extern C:\git\go\src\github.com\JamesDunne\eminor2\v2\controller\PIC\comm_lcd.c
            dB_bcd_lookup   0x004a28    program     extern C:\git\go\src\github.com\JamesDunne\eminor2\v2\controller\common\controller-v5-rom1.c
              v5_fx_names   0x004b28    program     extern C:\git\go\src\github.com\JamesDunne\eminor2\v2\controller\common\v5_fx_names.h
                     main   0x004c10    program     extern C:\git\go\src\github.com\JamesDunne\eminor2\v2\controller\PIC\main.c
          ___for_lbl00014   0x004c58    program     static                          
           ___if_lbl00003   0x004c6c    program     static                          
           ___if_lbl00004   0x004c7c    program     static                          
           ___if_lbl00005   0x004c86    program     static                          
           ___if_lbl00006   0x004c90    program     static                          
           ___if_lbl00007   0x004c9a    program     static                          
           ___if_lbl00008   0x004ca4    program     static                          
           ___if_lbl00009   0x004cae    program     static                          
               __tmplbl_1   0x004cb4    program     static                          
               __tmplbl_0   0x004cba    program     static                          
           ___if_lbl00011   0x004cbe    program     static                          
               __tmplbl_3   0x004cc4    program     static                          
               __tmplbl_2   0x004cca    program     static                          
           ___if_lbl00013   0x004cce    program     static                          
          ___for_lbl00001   0x004cce    program     static                          
          ___for_lbl00002   0x004cd0    program     static                          
       ___return_lbl00000   0x004cd0    program     static                          
     InterruptHandlerHigh   0x004cd2    program     extern C:\git\go\src\github.com\JamesDunne\eminor2\v2\controller\PIC\intslct.c
               __string_5   0x004d80    program     static C:\git\go\src\github.com\JamesDunne\eminor2\v2\controller\common\controller-v5.c
               __string_4   0x004d95    program     static C:\git\go\src\github.com\JamesDunne\eminor2\v2\controller\common\controller-v5.c
               __string_3   0x004daa    program     static C:\git\go\src\github.com\JamesDunne\eminor2\v2\controller\common\controller-v5.c
               __string_2   0x004dbf    program     static C:\git\go\src\github.com\JamesDunne\eminor2\v2\controller\common\controller-v5.c
[...]
                    TRISD   0x000f95       data     extern E:\c18v3.46\pic18-lt\cxx-framework\src\traditional\proc\p18f4550.asm
                TRISEbits   0x000f96       data     extern E:\c18v3.46\pic18-lt\cxx-framework\src\traditional\proc\p18f4550.asm
                 DDREbits   0x000f96       data     extern E:\c18v3.46\pic18-lt\cxx-framework\src\traditional\proc\p18f4550.asm
                     DDRE   0x000f96       data     extern E:\c18v3.46\pic18-lt\cxx-framework\src\traditional\proc\p18f4550.asm
                    TRISE   0x000f96       data     extern E:\c18v3.46\pic18-lt\cxx-framework\src\traditional\proc\p18f4550.asm
                  OSCTUNE   0x000f9b       data     extern E:\c18v3.46\pic18-lt\cxx-framework\src\traditional\proc\p18f4550.asm
              OSCTUNEbits   0x000f9b       data     extern E:\c18v3.46\pic18-lt\cxx-framework\src\traditional\proc\p18f4550.asm
                 PIE1bits   0x000f9d       data     extern E:\c18v3.46\pic18-lt\cxx-framework\src\traditional\proc\p18f4550.asm
                     PIE1   0x000f9d       data     extern E:\c18v3.46\pic18-lt\cxx-framework\src\traditional\proc\p18f4550.asm
                     PIR1   0x000f9e       data     extern E:\c18v3.46\pic18-lt\cxx-framework\src\traditional\proc\p18f4550.asm
                 PIR1bits   0x000f9e       data     extern E:\c18v3.46\pic18-lt\cxx-framework\src\traditional\proc\p18f4550.asm
                     IPR1   0x000f9f       data     extern E:\c18v3.46\pic18-lt\cxx-framework\src\traditional\proc\p18f4550.asm
                 IPR1bits   0x000f9f       data     extern E:\c18v3.46\pic18-lt\cxx-framework\src\traditional\proc\p18f4550.asm
                 PIE2bits   0x000fa0       data     extern E:\c18v3.46\pic18-lt\cxx-framework\src\traditional\proc\p18f4550.asm
                     PIE2   0x000fa0       data     extern E:\c18v3.46\pic18-lt\cxx-framework\src\traditional\proc\p18f4550.asm
                     PIR2   0x000fa1       data     extern E:\c18v3.46\pic18-lt\cxx-framework\src\traditional\proc\p18f4550.asm
                 PIR2bits   0x000fa1       data     extern E:\c18v3.46\pic18-lt\cxx-framework\src\traditional\proc\p18f4550.asm
                     IPR2   0x000fa2       data     extern E:\c18v3.46\pic18-lt\cxx-framework\src\traditional\proc\p18f4550.asm
                 IPR2bits   0x000fa2       data     extern E:\c18v3.46\pic18-lt\cxx-framework\src\traditional\proc\p18f4550.asm
                   EECON1   0x000fa6       data     extern E:\c18v3.46\pic18-lt\cxx-framework\src\traditional\proc\p18f4550.asm
               EECON1bits   0x000fa6       data     extern E:\c18v3.46\pic18-lt\cxx-framework\src\traditional\proc\p18f4550.asm
                   EECON2   0x000fa7       data     extern E:\c18v3.46\pic18-lt\cxx-framework\src\traditional\proc\p18f4550.asm
                   EEDATA   0x000fa8       data     extern E:\c18v3.46\pic18-lt\cxx-framework\src\traditional\proc\p18f4550.asm
                    EEADR   0x000fa9       data     extern E:\c18v3.46\pic18-lt\cxx-framework\src\traditional\proc\p18f4550.asm
                RCSTAbits   0x000fab       data     extern E:\c18v3.46\pic18-lt\cxx-framework\src\traditional\proc\p18f4550.asm
                    RCSTA   0x000fab       data     extern E:\c18v3.46\pic18-lt\cxx-framework\src\traditional\proc\p18f4550.asm
                    TXSTA   0x000fac       data     extern E:\c18v3.46\pic18-lt\cxx-framework\src\traditional\proc\p18f4550.asm
                TXSTAbits   0x000fac       data     extern E:\c18v3.46\pic18-lt\cxx-framework\src\traditional\proc\p18f4550.asm
                    TXREG   0x000fad       data     extern E:\c18v3.46\pic18-lt\cxx-framework\src\traditional\proc\p18f4550.asm
                    RCREG   0x000fae       data     extern E:\c18v3.46\pic18-lt\cxx-framework\src\traditional\proc\p18f4550.asm
                    SPBRG   0x000faf       data     extern E:\c18v3.46\pic18-lt\cxx-framework\src\traditional\proc\p18f4550.asm
                   SPBRGH   0x000fb0       data     extern E:\c18v3.46\pic18-lt\cxx-framework\src\traditional\proc\p18f4550.asm
                T3CONbits   0x000fb1       data     extern E:\c18v3.46\pic18-lt\cxx-framework\src\traditional\proc\p18f4550.asm
                    T3CON   0x000fb1       data     extern E:\c18v3.46\pic18-lt\cxx-framework\src\traditional\proc\p18f4550.asm
                    TMR3L   0x000fb2       data     extern E:\c18v3.46\pic18-lt\cxx-framework\src\traditional\proc\p18f4550.asm
                    TMR3H   0x000fb3       data     extern E:\c18v3.46\pic18-lt\cxx-framework\src\traditional\proc\p18f4550.asm
                CMCONbits   0x000fb4       data     extern E:\c18v3.46\pic18-lt\cxx-framework\src\traditional\proc\p18f4550.asm
                    CMCON   0x000fb4       data     extern E:\c18v3.46\pic18-lt\cxx-framework\src\traditional\proc\p18f4550.asm
               CVRCONbits   0x000fb5       data     extern E:\c18v3.46\pic18-lt\cxx-framework\src\traditional\proc\p18f4550.asm
                   CVRCON   0x000fb5       data     extern E:\c18v3.46\pic18-lt\cxx-framework\src\traditional\proc\p18f4550.asm
              ECCP1ASbits   0x000fb6       data     extern E:\c18v3.46\pic18-lt\cxx-framework\src\traditional\proc\p18f4550.asm
                  ECCP1AS   0x000fb6       data     extern E:\c18v3.46\pic18-lt\cxx-framework\src\traditional\proc\p18f4550.asm
                   CCP1AS   0x000fb6       data     extern E:\c18v3.46\pic18-lt\cxx-framework\src\traditional\proc\p18f4550.asm
               CCP1ASbits   0x000fb6       data     extern E:\c18v3.46\pic18-lt\cxx-framework\src\traditional\proc\p18f4550.asm
              CCP1DELbits   0x000fb7       data     extern E:\c18v3.46\pic18-lt\cxx-framework\src\traditional\proc\p18f4550.asm
                  CCP1DEL   0x000fb7       data     extern E:\c18v3.46\pic18-lt\cxx-framework\src\traditional\proc\p18f4550.asm
                 ECCP1DEL   0x000fb7       data     extern E:\c18v3.46\pic18-lt\cxx-framework\src\traditional\proc\p18f4550.asm
             ECCP1DELbits   0x000fb7       data     extern E:\c18v3.46\pic18-lt\cxx-framework\src\traditional\proc\p18f4550.asm
              BAUDCTLbits   0x000fb8       data     extern E:\c18v3.46\pic18-lt\cxx-framework\src\traditional\proc\p18f4550.asm
                  BAUDCTL   0x000fb8       data     extern E:\c18v3.46\pic18-lt\cxx-framework\src\traditional\proc\p18f4550.asm
              BAUDCONbits   0x000fb8       data     extern E:\c18v3.46\pic18-lt\cxx-framework\src\traditional\proc\p18f4550.asm
                  BAUDCON   0x000fb8       data     extern E:\c18v3.46\pic18-lt\cxx-framework\src\traditional\proc\p18f4550.asm
              CCP2CONbits   0x000fba       data     extern E:\c18v3.46\pic18-lt\cxx-framework\src\traditional\proc\p18f4550.asm
                  CCP2CON   0x000fba       data     extern E:\c18v3.46\pic18-lt\cxx-framework\src\traditional\proc\p18f4550.asm
                    CCPR2   0x000fbb       data     extern E:\c18v3.46\pic18-lt\cxx-framework\src\traditional\proc\p18f4550.asm
                   CCPR2L   0x000fbb       data     extern E:\c18v3.46\pic18-lt\cxx-framework\src\traditional\proc\p18f4550.asm
                   CCPR2H   0x000fbc       data     extern E:\c18v3.46\pic18-lt\cxx-framework\src\traditional\proc\p18f4550.asm
              CCP1CONbits   0x000fbd       data     extern E:\c18v3.46\pic18-lt\cxx-framework\src\traditional\proc\p18f4550.asm
                  CCP1CON   0x000fbd       data     extern E:\c18v3.46\pic18-lt\cxx-framework\src\traditional\proc\p18f4550.asm
             ECCP1CONbits   0x000fbd       data     extern E:\c18v3.46\pic18-lt\cxx-framework\src\traditional\proc\p18f4550.asm
                 ECCP1CON   0x000fbd       data     extern E:\c18v3.46\pic18-lt\cxx-framework\src\traditional\proc\p18f4550.asm
                   CCPR1L   0x000fbe       data     extern E:\c18v3.46\pic18-lt\cxx-framework\src\traditional\proc\p18f4550.asm
                    CCPR1   0x000fbe       data     extern E:\c18v3.46\pic18-lt\cxx-framework\src\traditional\proc\p18f4550.asm
                   CCPR1H   0x000fbf       data     extern E:\c18v3.46\pic18-lt\cxx-framework\src\traditional\proc\p18f4550.asm
                   ADCON2   0x000fc0       data     extern E:\c18v3.46\pic18-lt\cxx-framework\src\traditional\proc\p18f4550.asm
               ADCON2bits   0x000fc0       data     extern E:\c18v3.46\pic18-lt\cxx-framework\src\traditional\proc\p18f4550.asm
                   ADCON1   0x000fc1       data     extern E:\c18v3.46\pic18-lt\cxx-framework\src\traditional\proc\p18f4550.asm
               ADCON1bits   0x000fc1       data     extern E:\c18v3.46\pic18-lt\cxx-framework\src\traditional\proc\p18f4550.asm
               ADCON0bits   0x000fc2       data     extern E:\c18v3.46\pic18-lt\cxx-framework\src\traditional\proc\p18f4550.asm
                   ADCON0   0x000fc2       data     extern E:\c18v3.46\pic18-lt\cxx-framework\src\traditional\proc\p18f4550.asm
                   ADRESL   0x000fc3       data     extern E:\c18v3.46\pic18-lt\cxx-framework\src\traditional\proc\p18f4550.asm
                    ADRES   0x000fc3       data     extern E:\c18v3.46\pic18-lt\cxx-framework\src\traditional\proc\p18f4550.asm
                   ADRESH   0x000fc4       data     extern E:\c18v3.46\pic18-lt\cxx-framework\src\traditional\proc\p18f4550.asm
                  SSPCON2   0x000fc5       data     extern E:\c18v3.46\pic18-lt\cxx-framework\src\traditional\proc\p18f4550.asm
              SSPCON2bits   0x000fc5       data     extern E:\c18v3.46\pic18-lt\cxx-framework\src\traditional\proc\p18f4550.asm
                  SSPCON1   0x000fc6       data     extern E:\c18v3.46\pic18-lt\cxx-framework\src\traditional\proc\p18f4550.asm
              SSPCON1bits   0x000fc6       data     extern E:\c18v3.46\pic18-lt\cxx-framework\src\traditional\proc\p18f4550.asm
                  SSPSTAT   0x000fc7       data     extern E:\c18v3.46\pic18-lt\cxx-framework\src\traditional\proc\p18f4550.asm
              SSPSTATbits   0x000fc7       data     extern E:\c18v3.46\pic18-lt\cxx-framework\src\traditional\proc\p18f4550.asm
                   SSPADD   0x000fc8       data     extern E:\c18v3.46\pic18-lt\cxx-framework\src\traditional\proc\p18f4550.asm
                   SSPBUF   0x000fc9       data     extern E:\c18v3.46\pic18-lt\cxx-framework\src\traditional\proc\p18f4550.asm
                T2CONbits   0x000fca       data     extern E:\c18v3.46\pic18-lt\cxx-framework\src\traditional\proc\p18f4550.asm
                    T2CON   0x000fca       data     extern E:\c18v3.46\pic18-lt\cxx-framework\src\traditional\proc\p18f4550.asm
                      PR2   0x000fcb       data     extern E:\c18v3.46\pic18-lt\cxx-framework\src\traditional\proc\p18f4550.asm
                     TMR2   0x000fcc       data     extern E:\c18v3.46\pic18-lt\cxx-framework\src\traditional\proc\p18f4550.asm
                    T1CON   0x000fcd       data     extern E:\c18v3.46\pic18-lt\cxx-framework\src\traditional\proc\p18f4550.asm
                T1CONbits   0x000fcd       data     extern E:\c18v3.46\pic18-lt\cxx-framework\src\traditional\proc\p18f4550.asm
                    TMR1L   0x000fce       data     extern E:\c18v3.46\pic18-lt\cxx-framework\src\traditional\proc\p18f4550.asm
                    TMR1H   0x000fcf       data     extern E:\c18v3.46\pic18-lt\cxx-framework\src\traditional\proc\p18f4550.asm
                 RCONbits   0x000fd0       data     extern E:\c18v3.46\pic18-lt\cxx-framework\src\traditional\proc\p18f4550.asm
                     RCON   0x000fd0       data     extern E:\c18v3.46\pic18-lt\cxx-framework\src\traditional\proc\p18f4550.asm
               WDTCONbits   0x000fd1       data     extern E:\c18v3.46\pic18-lt\cxx-framework\src\traditional\proc\p18f4550.asm
                   WDTCON   0x000fd1       data     extern E:\c18v3.46\pic18-lt\cxx-framework\src\traditional\proc\p18f4550.asm
               LVDCONbits   0x000fd2       data     extern E:\c18v3.46\pic18-lt\cxx-framework\src\traditional\proc\p18f4550.asm
                   LVDCON   0x000fd2       data     extern E:\c18v3.46\pic18-lt\cxx-framework\src\traditional\proc\p18f4550.asm
                  HLVDCON   0x000fd2       data     extern E:\c18v3.46\pic18-lt\cxx-framework\src\traditional\proc\p18f4550.asm
              HLVDCONbits   0x000fd2       data     extern E:\c18v3.46\pic18-lt\cxx-framework\src\traditional\proc\p18f4550.asm
                   OSCCON   0x000fd3       data     extern E:\c18v3.46\pic18-lt\cxx-framework\src\traditional\proc\p18f4550.asm
               OSCCONbits   0x000fd3       data     extern E:\c18v3.46\pic18-lt\cxx-framework\src\traditional\proc\p18f4550.asm
                T0CONbits   0x000fd5       data     extern E:\c18v3.46\pic18-lt\cxx-framework\src\traditional\proc\p18f4550.asm
                    T0CON   0x000fd5       data     extern E:\c18v3.46\pic18-lt\cxx-framework\src\traditional\proc\p18f4550.asm
                    TMR0L   0x000fd6       data     extern E:\c18v3.46\pic18-lt\cxx-framework\src\traditional\proc\p18f4550.asm
                    TMR0H   0x000fd7       data     extern E:\c18v3.46\pic18-lt\cxx-framework\src\traditional\proc\p18f4550.asm
               STATUSbits   0x000fd8       data     extern E:\c18v3.46\pic18-lt\cxx-framework\src\traditional\proc\p18f4550.asm
                   STATUS   0x000fd8       data     extern E:\c18v3.46\pic18-lt\cxx-framework\src\traditional\proc\p18f4550.asm
                    FSR2L   0x000fd9       data     extern E:\c18v3.46\pic18-lt\cxx-framework\src\traditional\proc\p18f4550.asm
                     FSR2   0x000fd9       data     extern E:\c18v3.46\pic18-lt\cxx-framework\src\traditional\proc\p18f4550.asm
                    FSR2H   0x000fda       data     extern E:\c18v3.46\pic18-lt\cxx-framework\src\traditional\proc\p18f4550.asm
                   PLUSW2   0x000fdb       data     extern E:\c18v3.46\pic18-lt\cxx-framework\src\traditional\proc\p18f4550.asm
                  PREINC2   0x000fdc       data     extern E:\c18v3.46\pic18-lt\cxx-framework\src\traditional\proc\p18f4550.asm
                 POSTDEC2   0x000fdd       data     extern E:\c18v3.46\pic18-lt\cxx-framework\src\traditional\proc\p18f4550.asm
                 POSTINC2   0x000fde       data     extern E:\c18v3.46\pic18-lt\cxx-framework\src\traditional\proc\p18f4550.asm
                    INDF2   0x000fdf       data     extern E:\c18v3.46\pic18-lt\cxx-framework\src\traditional\proc\p18f4550.asm
                      BSR   0x000fe0       data     extern E:\c18v3.46\pic18-lt\cxx-framework\src\traditional\proc\p18f4550.asm
                     FSR1   0x000fe1       data     extern E:\c18v3.46\pic18-lt\cxx-framework\src\traditional\proc\p18f4550.asm
                    FSR1L   0x000fe1       data     extern E:\c18v3.46\pic18-lt\cxx-framework\src\traditional\proc\p18f4550.asm
                    FSR1H   0x000fe2       data     extern E:\c18v3.46\pic18-lt\cxx-framework\src\traditional\proc\p18f4550.asm
                   PLUSW1   0x000fe3       data     extern E:\c18v3.46\pic18-lt\cxx-framework\src\traditional\proc\p18f4550.asm
                  PREINC1   0x000fe4       data     extern E:\c18v3.46\pic18-lt\cxx-framework\src\traditional\proc\p18f4550.asm
                 POSTDEC1   0x000fe5       data     extern E:\c18v3.46\pic18-lt\cxx-framework\src\traditional\proc\p18f4550.asm
                 POSTINC1   0x000fe6       data     extern E:\c18v3.46\pic18-lt\cxx-framework\src\traditional\proc\p18f4550.asm
                    INDF1   0x000fe7       data     extern E:\c18v3.46\pic18-lt\cxx-framework\src\traditional\proc\p18f4550.asm
                     WREG   0x000fe8       data     extern E:\c18v3.46\pic18-lt\cxx-framework\src\traditional\proc\p18f4550.asm
                    FSR0L   0x000fe9       data     extern E:\c18v3.46\pic18-lt\cxx-framework\src\traditional\proc\p18f4550.asm
                     FSR0   0x000fe9       data     extern E:\c18v3.46\pic18-lt\cxx-framework\src\traditional\proc\p18f4550.asm
                    FSR0H   0x000fea       data     extern E:\c18v3.46\pic18-lt\cxx-framework\src\traditional\proc\p18f4550.asm
                   PLUSW0   0x000feb       data     extern E:\c18v3.46\pic18-lt\cxx-framework\src\traditional\proc\p18f4550.asm
                  PREINC0   0x000fec       data     extern E:\c18v3.46\pic18-lt\cxx-framework\src\traditional\proc\p18f4550.asm
                 POSTDEC0   0x000fed       data     extern E:\c18v3.46\pic18-lt\cxx-framework\src\traditional\proc\p18f4550.asm
                 POSTINC0   0x000fee       data     extern E:\c18v3.46\pic18-lt\cxx-framework\src\traditional\proc\p18f4550.asm
                    INDF0   0x000fef       data     extern E:\c18v3.46\pic18-lt\cxx-framework\src\traditional\proc\p18f4550.asm
              INTCON3bits   0x000ff0       data     extern E:\c18v3.46\pic18-lt\cxx-framework\src\traditional\proc\p18f4550.asm
                  INTCON3   0x000ff0       data     extern E:\c18v3.46\pic18-lt\cxx-framework\src\traditional\proc\p18f4550.asm
                  INTCON2   0x000ff1       data     extern E:\c18v3.46\pic18-lt\cxx-framework\src\traditional\proc\p18f4550.asm
              INTCON2bits   0x000ff1       data     extern E:\c18v3.46\pic18-lt\cxx-framework\src\traditional\proc\p18f4550.asm
               INTCONbits   0x000ff2       data     extern E:\c18v3.46\pic18-lt\cxx-framework\src\traditional\proc\p18f4550.asm
                   INTCON   0x000ff2       data     extern E:\c18v3.46\pic18-lt\cxx-framework\src\traditional\proc\p18f4550.asm
                    PRODL   0x000ff3       data     extern E:\c18v3.46\pic18-lt\cxx-framework\src\traditional\proc\p18f4550.asm
                     PROD   0x000ff3       data     extern E:\c18v3.46\pic18-lt\cxx-framework\src\traditional\proc\p18f4550.asm
                    PRODH   0x000ff4       data     extern E:\c18v3.46\pic18-lt\cxx-framework\src\traditional\proc\p18f4550.asm
                   TABLAT   0x000ff5       data     extern E:\c18v3.46\pic18-lt\cxx-framework\src\traditional\proc\p18f4550.asm
                  TBLPTRL   0x000ff6       data     extern E:\c18v3.46\pic18-lt\cxx-framework\src\traditional\proc\p18f4550.asm
                   TBLPTR   0x000ff6       data     extern E:\c18v3.46\pic18-lt\cxx-framework\src\traditional\proc\p18f4550.asm
                  TBLPTRH   0x000ff7       data     extern E:\c18v3.46\pic18-lt\cxx-framework\src\traditional\proc\p18f4550.asm
                  TBLPTRU   0x000ff8       data     extern E:\c18v3.46\pic18-lt\cxx-framework\src\traditional\proc\p18f4550.asm
                       PC   0x000ff9       data     extern E:\c18v3.46\pic18-lt\cxx-framework\src\traditional\proc\p18f4550.asm
                      PCL   0x000ff9       data     extern E:\c18v3.46\pic18-lt\cxx-framework\src\traditional\proc\p18f4550.asm
                   PCLATH   0x000ffa       data     extern E:\c18v3.46\pic18-lt\cxx-framework\src\traditional\proc\p18f4550.asm
                   PCLATU   0x000ffb       data     extern E:\c18v3.46\pic18-lt\cxx-framework\src\traditional\proc\p18f4550.asm
               STKPTRbits   0x000ffc       data     extern E:\c18v3.46\pic18-lt\cxx-framework\src\traditional\proc\p18f4550.asm
                   STKPTR   0x000ffc       data     extern E:\c18v3.46\pic18-lt\cxx-framework\src\traditional\proc\p18f4550.asm
                      TOS   0x000ffd       data     extern E:\c18v3.46\pic18-lt\cxx-framework\src\traditional\proc\p18f4550.asm
                     TOSL   0x000ffd       data     extern E:\c18v3.46\pic18-lt\cxx-framework\src\traditional\proc\p18f4550.asm
                     TOSH   0x000ffe       data     extern E:\c18v3.46\pic18-lt\cxx-framework\src\traditional\proc\p18f4550.asm
                     TOSU   0x000fff       data     extern E:\c18v3.46\pic18-lt\cxx-framework\src\traditional\proc\p18f4550.asm


