MPLINK 4.1, Linker
Linker Map File - Created Sat Oct 13 10:46:19 2007

                                 Section Info
                  Section       Type    Address   Location Size(Bytes)
                ---------  ---------  ---------  ---------  ---------
               _entry_scn       code   0x000000    program   0x000006
                   .cinit    romdata   0x000006    program   0x000002
   _HIGH_INTERRUPT_VECTOR       code   0x000008    program   0x000006
           .code___init.o       code   0x00000e    program   0x000002
    _LOW_INTERRUPT_VECTOR       code   0x000018    program   0x000006
                  USBBOOT       code   0x00001e    program   0x0005f8
               _cinit_scn       code   0x000616    program   0x00009e
        .romdata_usbdsc.o    romdata   0x0006b4    program   0x000036
             _startup_scn       code   0x0006ea    program   0x00001c
                    .code       code   0x000706    program   0x00000e
  .config_300000_CONFIG.O    romdata   0x300000    program   0x000001
  .config_300001_CONFIG.O    romdata   0x300001    program   0x000001
  .config_300002_CONFIG.O    romdata   0x300002    program   0x000001
  .config_300003_CONFIG.O    romdata   0x300003    program   0x000001
  .config_300005_CONFIG.O    romdata   0x300005    program   0x000001
  .config_300006_CONFIG.O    romdata   0x300006    program   0x000001
  .config_300008_CONFIG.O    romdata   0x300008    program   0x000001
  .config_300009_CONFIG.O    romdata   0x300009    program   0x000001
  .config_30000A_CONFIG.O    romdata   0x30000a    program   0x000001
  .config_30000B_CONFIG.O    romdata   0x30000b    program   0x000001
  .config_30000C_CONFIG.O    romdata   0x30000c    program   0x000001
  .config_30000D_CONFIG.O    romdata   0x30000d    program   0x000001
                 .tmpdata      udata   0x000000       data   0x000004
                MATH_DATA      udata   0x000004       data   0x000002
      .udata_usbctrltrf.o      udata   0x000060       data   0x00000b
           .udata_c018i.o      udata   0x00006b       data   0x00000a
            .udata_boot.o      udata   0x000075       data   0x000005
         .udata_usbmmap.o      udata   0x00007a       data   0x000004
            .udata_main.o      udata   0x00007e       data   0x000001
                   .stack      udata   0x000300       data   0x000100
                  usbram4      udata   0x000400       data   0x000060
            SFR_UNBANKED0      udata   0x000f62       data   0x00009e



                              Program Memory Usage 
                               Start         End      
                           ---------   ---------      
                            0x000000    0x00000f      
                            0x000018    0x000713      
                            0x300000    0x300003      
                            0x300005    0x300006      
                            0x300008    0x30000d      
            1816 out of 24856 program addresses used, program memory utilization is 7%



                              Symbols - Sorted by Name
                     Name    Address   Location    Storage File                     
                ---------  ---------  ---------  --------- ---------                
           BOOT_LOAD_MODE   0x000042    program     extern D:\work\midicontroller\svn\trunk\PIC_BOOT\main.c
               BootInitEP   0x00005c    program     extern D:\work\midicontroller\svn\trunk\PIC_BOOT\boot.c
              BootService   0x00017c    program     extern D:\work\midicontroller\svn\trunk\PIC_BOOT\boot.c
                CLEAR_RAM   0x000706    program     extern D:\work\midicontroller\svn\trunk\PIC\config.asm
             EraseProgMem   0x0000e4    program     extern D:\work\midicontroller\svn\trunk\PIC_BOOT\boot.c
                RAMCLEAR1   0x00070a    program     static D:\work\midicontroller\svn\trunk\PIC\config.asm
                   ReadEE   0x000116    program     extern D:\work\midicontroller\svn\trunk\PIC_BOOT\boot.c
              ReadProgMem   0x00009c    program     extern D:\work\midicontroller\svn\trunk\PIC_BOOT\boot.c
              ReadVersion   0x000092    program     extern D:\work\midicontroller\svn\trunk\PIC_BOOT\boot.c
               StartWrite   0x000086    program     extern D:\work\midicontroller\svn\trunk\PIC_BOOT\boot.c
        USBCheckBusStatus   0x00056c    program     extern D:\work\midicontroller\svn\trunk\PIC_BOOT\usbdrv.c
       USBCheckStdRequest   0x0002c2    program     extern D:\work\midicontroller\svn\trunk\PIC_BOOT\usb9.c
         USBCtrlEPService   0x00038e    program     extern D:\work\midicontroller\svn\trunk\PIC_BOOT\usbctrltrf.c
 USBCtrlEPServiceComplete   0x0004da    program     extern D:\work\midicontroller\svn\trunk\PIC_BOOT\usbctrltrf.c
      USBCtrlTrfInHandler   0x0003f4    program     extern D:\work\midicontroller\svn\trunk\PIC_BOOT\usbctrltrf.c
     USBCtrlTrfOutHandler   0x0003d6    program     extern D:\work\midicontroller\svn\trunk\PIC_BOOT\usbctrltrf.c
      USBCtrlTrfRxService   0x000498    program     extern D:\work\midicontroller\svn\trunk\PIC_BOOT\usbctrltrf.c
   USBCtrlTrfSetupHandler   0x0003c4    program     extern D:\work\midicontroller\svn\trunk\PIC_BOOT\usbctrltrf.c
      USBCtrlTrfTxService   0x00042a    program     extern D:\work\midicontroller\svn\trunk\PIC_BOOT\usbctrltrf.c
         USBDriverService   0x000582    program     extern D:\work\midicontroller\svn\trunk\PIC_BOOT\usbdrv.c
USBPrepareForNextSetupTrf   0x00054c    program     extern D:\work\midicontroller\svn\trunk\PIC_BOOT\usbctrltrf.c
  USBProtocolResetHandler   0x0005f0    program     extern D:\work\midicontroller\svn\trunk\PIC_BOOT\usbdrv.c
      USBStdSetCfgHandler   0x00036c    program     extern D:\work\midicontroller\svn\trunk\PIC_BOOT\usb9.c
              WriteConfig   0x000162    program     extern D:\work\midicontroller\svn\trunk\PIC_BOOT\boot.c
                  WriteEE   0x000138    program     extern D:\work\midicontroller\svn\trunk\PIC_BOOT\boot.c
             WriteProgMem   0x0000bc    program     extern D:\work\midicontroller\svn\trunk\PIC_BOOT\boot.c
      ___case_-1_lbl00044   0x00022e    program     static                          
       ___case_0_lbl00036   0x0001e8    program     static                          
       ___case_1_lbl00038   0x0001f2    program     static                          
       ___case_2_lbl00039   0x0001fc    program     static                          
       ___case_3_lbl00040   0x000206    program     static                          
       ___case_4_lbl00041   0x000210    program     static                          
       ___case_5_lbl00042   0x00021a    program     static                          
       ___case_6_lbl00037   0x0001f2    program     static                          
       ___case_7_lbl00043   0x000224    program     static                          
      ___default_lbl00047   0x00024c    program     static                          
           ___if_lbl00003   0x00003a    program     static                          
           ___if_lbl00005   0x000594    program     static                          
           ___if_lbl00007   0x0005a2    program     static                          
           ___if_lbl00009   0x0005ba    program     static                          
           ___if_lbl00011   0x0005d0    program     static                          
           ___if_lbl00012   0x0005d2    program     static                          
           ___if_lbl00013   0x0005dc    program     static                          
           ___if_lbl00015   0x0005ee    program     static                          
           ___if_lbl00032   0x00018c    program     static                          
           ___if_lbl00033   0x0001b2    program     static                          
           ___if_lbl00034   0x0001b4    program     static                          
           ___if_lbl00048   0x00026e    program     static                          
           ___if_lbl00049   0x00026e    program     static                          
       ___return_lbl00000   0x000004    program     static                          
       ___return_lbl00000   0x00000c    program     static                          
       ___return_lbl00001   0x000704    program     static                          
       ___return_lbl00001   0x00001c    program     static                          
       ___return_lbl00002   0x0006b2    program     static                          
       ___return_lbl00002   0x000040    program     static                          
       ___return_lbl00003   0x0005ee    program     static                          
       ___return_lbl00004   0x00005a    program     static                          
       ___return_lbl00030   0x00026e    program     static                          
   ___switchexit_lbl00035   0x00024e    program     static                          
        ___while_lbl00005   0x00004a    program     static                          
        ___while_lbl00006   0x00005a    program     static                          
        ___while_lbl00045   0x000236    program     static                          
        ___while_lbl00046   0x000248    program     static                          
                   __init   0x00000e    program     extern C:\MCC18\src\TRADIT~1\stdclib\__init.c
                   __pa_0   0x00055c    program     static D:\work\midicontroller\svn\trunk\PIC_BOOT\usbctrltrf.c
                   __pa_0   0x000270    program     static D:\work\midicontroller\svn\trunk\PIC_BOOT\boot.c
                   __pa_1   0x00028e    program     static D:\work\midicontroller\svn\trunk\PIC_BOOT\boot.c
                   __pa_2   0x00029c    program     static D:\work\midicontroller\svn\trunk\PIC_BOOT\boot.c
                   __pa_3   0x0002a6    program     static D:\work\midicontroller\svn\trunk\PIC_BOOT\boot.c
                   __pa_4   0x0002b6    program     static D:\work\midicontroller\svn\trunk\PIC_BOOT\boot.c
               __tmplbl_0   0x00018a    program     static                          
               __tmplbl_0   0x00058e    program     static                          
               __tmplbl_1   0x000184    program     static                          
               __tmplbl_1   0x000588    program     static                          
               __tmplbl_2   0x0005a0    program     static                          
               __tmplbl_3   0x00059a    program     static                          
               __tmplbl_4   0x0005ae    program     static                          
               __tmplbl_5   0x0005a8    program     static                          
               __tmplbl_6   0x0005c6    program     static                          
               __tmplbl_7   0x0005c0    program     static                          
               __tmplbl_8   0x0005e8    program     static                          
               __tmplbl_9   0x0005e2    program     static                          
                _do_cinit   0x000616    program     extern C:\MCC18\src\traditional\startup\c018i.c
                   _entry   0x000000    program     extern C:\MCC18\src\traditional\startup\c018i.c
                _high_ISR   0x000008    program     extern D:\work\midicontroller\svn\trunk\PIC_BOOT\main.c
                 _low_ISR   0x000018    program     extern D:\work\midicontroller\svn\trunk\PIC_BOOT\main.c
                 _startup   0x0006ea    program     extern C:\MCC18\src\traditional\startup\c018i.c
                    cfg01   0x0006c6    program     extern D:\work\midicontroller\svn\trunk\PIC_BOOT\usbdsc.c
                copy_loop   0x000688    program     static                          
            copy_one_byte   0x00068e    program     static                          
               device_dsc   0x0006b4    program     extern D:\work\midicontroller\svn\trunk\PIC_BOOT\usbdsc.c
                     done   0x0006b2    program     static                          
             done_copying   0x00069c    program     static                          
                     loop   0x0006fa    program     static                          
                     main   0x00001e    program     extern D:\work\midicontroller\svn\trunk\PIC_BOOT\main.c
                    sd000   0x0006e6    program     extern D:\work\midicontroller\svn\trunk\PIC_BOOT\usbdsc.c
                     test   0x000630    program     static                          
                   ADCON0   0x000fc2       data     extern C:\MCC18\SRC\TRADIT~1\PROC\p18f4455.asm
               ADCON0bits   0x000fc2       data     extern C:\MCC18\SRC\TRADIT~1\PROC\p18f4455.asm
                   ADCON1   0x000fc1       data     extern C:\MCC18\SRC\TRADIT~1\PROC\p18f4455.asm
               ADCON1bits   0x000fc1       data     extern C:\MCC18\SRC\TRADIT~1\PROC\p18f4455.asm
                   ADCON2   0x000fc0       data     extern C:\MCC18\SRC\TRADIT~1\PROC\p18f4455.asm
               ADCON2bits   0x000fc0       data     extern C:\MCC18\SRC\TRADIT~1\PROC\p18f4455.asm
                    ADRES   0x000fc3       data     extern C:\MCC18\SRC\TRADIT~1\PROC\p18f4455.asm
                   ADRESH   0x000fc4       data     extern C:\MCC18\SRC\TRADIT~1\PROC\p18f4455.asm
                   ADRESL   0x000fc3       data     extern C:\MCC18\SRC\TRADIT~1\PROC\p18f4455.asm
                  BAUDCON   0x000fb8       data     extern C:\MCC18\SRC\TRADIT~1\PROC\p18f4455.asm
              BAUDCONbits   0x000fb8       data     extern C:\MCC18\SRC\TRADIT~1\PROC\p18f4455.asm
                      BSR   0x000fe0       data     extern C:\MCC18\SRC\TRADIT~1\PROC\p18f4455.asm
                   CCP1AS   0x000fb6       data     extern C:\MCC18\SRC\TRADIT~1\PROC\p18f4455.asm
               CCP1ASbits   0x000fb6       data     extern C:\MCC18\SRC\TRADIT~1\PROC\p18f4455.asm
                  CCP1CON   0x000fbd       data     extern C:\MCC18\SRC\TRADIT~1\PROC\p18f4455.asm
              CCP1CONbits   0x000fbd       data     extern C:\MCC18\SRC\TRADIT~1\PROC\p18f4455.asm
                  CCP1DEL   0x000fb7       data     extern C:\MCC18\SRC\TRADIT~1\PROC\p18f4455.asm
              CCP1DELbits   0x000fb7       data     extern C:\MCC18\SRC\TRADIT~1\PROC\p18f4455.asm
                  CCP2CON   0x000fba       data     extern C:\MCC18\SRC\TRADIT~1\PROC\p18f4455.asm
              CCP2CONbits   0x000fba       data     extern C:\MCC18\SRC\TRADIT~1\PROC\p18f4455.asm
                    CCPR1   0x000fbe       data     extern C:\MCC18\SRC\TRADIT~1\PROC\p18f4455.asm
                   CCPR1H   0x000fbf       data     extern C:\MCC18\SRC\TRADIT~1\PROC\p18f4455.asm
                   CCPR1L   0x000fbe       data     extern C:\MCC18\SRC\TRADIT~1\PROC\p18f4455.asm
                    CCPR2   0x000fbb       data     extern C:\MCC18\SRC\TRADIT~1\PROC\p18f4455.asm
                   CCPR2H   0x000fbc       data     extern C:\MCC18\SRC\TRADIT~1\PROC\p18f4455.asm
                   CCPR2L   0x000fbb       data     extern C:\MCC18\SRC\TRADIT~1\PROC\p18f4455.asm
                    CMCON   0x000fb4       data     extern C:\MCC18\SRC\TRADIT~1\PROC\p18f4455.asm
                CMCONbits   0x000fb4       data     extern C:\MCC18\SRC\TRADIT~1\PROC\p18f4455.asm
                   CVRCON   0x000fb5       data     extern C:\MCC18\SRC\TRADIT~1\PROC\p18f4455.asm
               CVRCONbits   0x000fb5       data     extern C:\MCC18\SRC\TRADIT~1\PROC\p18f4455.asm
              CtrlTrfData   0x000418       data     extern D:\work\midicontroller\svn\trunk\PIC_BOOT\usbmmap.c
                     DDRA   0x000f92       data     extern C:\MCC18\SRC\TRADIT~1\PROC\p18f4455.asm
                 DDRAbits   0x000f92       data     extern C:\MCC18\SRC\TRADIT~1\PROC\p18f4455.asm
                     DDRB   0x000f93       data     extern C:\MCC18\SRC\TRADIT~1\PROC\p18f4455.asm
                 DDRBbits   0x000f93       data     extern C:\MCC18\SRC\TRADIT~1\PROC\p18f4455.asm
                     DDRC   0x000f94       data     extern C:\MCC18\SRC\TRADIT~1\PROC\p18f4455.asm
                 DDRCbits   0x000f94       data     extern C:\MCC18\SRC\TRADIT~1\PROC\p18f4455.asm
                     DDRD   0x000f95       data     extern C:\MCC18\SRC\TRADIT~1\PROC\p18f4455.asm
                 DDRDbits   0x000f95       data     extern C:\MCC18\SRC\TRADIT~1\PROC\p18f4455.asm
                     DDRE   0x000f96       data     extern C:\MCC18\SRC\TRADIT~1\PROC\p18f4455.asm
                 DDREbits   0x000f96       data     extern C:\MCC18\SRC\TRADIT~1\PROC\p18f4455.asm
                  ECCP1AS   0x000fb6       data     extern C:\MCC18\SRC\TRADIT~1\PROC\p18f4455.asm
              ECCP1ASbits   0x000fb6       data     extern C:\MCC18\SRC\TRADIT~1\PROC\p18f4455.asm
                 ECCP1CON   0x000fbd       data     extern C:\MCC18\SRC\TRADIT~1\PROC\p18f4455.asm
             ECCP1CONbits   0x000fbd       data     extern C:\MCC18\SRC\TRADIT~1\PROC\p18f4455.asm
                 ECCP1DEL   0x000fb7       data     extern C:\MCC18\SRC\TRADIT~1\PROC\p18f4455.asm
             ECCP1DELbits   0x000fb7       data     extern C:\MCC18\SRC\TRADIT~1\PROC\p18f4455.asm
                    EEADR   0x000fa9       data     extern C:\MCC18\SRC\TRADIT~1\PROC\p18f4455.asm
                   EECON1   0x000fa6       data     extern C:\MCC18\SRC\TRADIT~1\PROC\p18f4455.asm
               EECON1bits   0x000fa6       data     extern C:\MCC18\SRC\TRADIT~1\PROC\p18f4455.asm
                   EECON2   0x000fa7       data     extern C:\MCC18\SRC\TRADIT~1\PROC\p18f4455.asm
                   EEDATA   0x000fa8       data     extern C:\MCC18\SRC\TRADIT~1\PROC\p18f4455.asm
                     FSR0   0x000fe9       data     extern C:\MCC18\SRC\TRADIT~1\PROC\p18f4455.asm
                    FSR0H   0x000fea       data     extern C:\MCC18\SRC\TRADIT~1\PROC\p18f4455.asm
                    FSR0L   0x000fe9       data     extern C:\MCC18\SRC\TRADIT~1\PROC\p18f4455.asm
                     FSR1   0x000fe1       data     extern C:\MCC18\SRC\TRADIT~1\PROC\p18f4455.asm
                    FSR1H   0x000fe2       data     extern C:\MCC18\SRC\TRADIT~1\PROC\p18f4455.asm
                    FSR1L   0x000fe1       data     extern C:\MCC18\SRC\TRADIT~1\PROC\p18f4455.asm
                     FSR2   0x000fd9       data     extern C:\MCC18\SRC\TRADIT~1\PROC\p18f4455.asm
                    FSR2H   0x000fda       data     extern C:\MCC18\SRC\TRADIT~1\PROC\p18f4455.asm
                    FSR2L   0x000fd9       data     extern C:\MCC18\SRC\TRADIT~1\PROC\p18f4455.asm
                  HLVDCON   0x000fd2       data     extern C:\MCC18\SRC\TRADIT~1\PROC\p18f4455.asm
              HLVDCONbits   0x000fd2       data     extern C:\MCC18\SRC\TRADIT~1\PROC\p18f4455.asm
                    INDF0   0x000fef       data     extern C:\MCC18\SRC\TRADIT~1\PROC\p18f4455.asm
                    INDF1   0x000fe7       data     extern C:\MCC18\SRC\TRADIT~1\PROC\p18f4455.asm
                    INDF2   0x000fdf       data     extern C:\MCC18\SRC\TRADIT~1\PROC\p18f4455.asm
                   INTCON   0x000ff2       data     extern C:\MCC18\SRC\TRADIT~1\PROC\p18f4455.asm
                  INTCON2   0x000ff1       data     extern C:\MCC18\SRC\TRADIT~1\PROC\p18f4455.asm
              INTCON2bits   0x000ff1       data     extern C:\MCC18\SRC\TRADIT~1\PROC\p18f4455.asm
                  INTCON3   0x000ff0       data     extern C:\MCC18\SRC\TRADIT~1\PROC\p18f4455.asm
              INTCON3bits   0x000ff0       data     extern C:\MCC18\SRC\TRADIT~1\PROC\p18f4455.asm
               INTCONbits   0x000ff2       data     extern C:\MCC18\SRC\TRADIT~1\PROC\p18f4455.asm
                     IPR1   0x000f9f       data     extern C:\MCC18\SRC\TRADIT~1\PROC\p18f4455.asm
                 IPR1bits   0x000f9f       data     extern C:\MCC18\SRC\TRADIT~1\PROC\p18f4455.asm
                     IPR2   0x000fa2       data     extern C:\MCC18\SRC\TRADIT~1\PROC\p18f4455.asm
                 IPR2bits   0x000fa2       data     extern C:\MCC18\SRC\TRADIT~1\PROC\p18f4455.asm
                     LATA   0x000f89       data     extern C:\MCC18\SRC\TRADIT~1\PROC\p18f4455.asm
                 LATAbits   0x000f89       data     extern C:\MCC18\SRC\TRADIT~1\PROC\p18f4455.asm
                     LATB   0x000f8a       data     extern C:\MCC18\SRC\TRADIT~1\PROC\p18f4455.asm
                 LATBbits   0x000f8a       data     extern C:\MCC18\SRC\TRADIT~1\PROC\p18f4455.asm
                     LATC   0x000f8b       data     extern C:\MCC18\SRC\TRADIT~1\PROC\p18f4455.asm
                 LATCbits   0x000f8b       data     extern C:\MCC18\SRC\TRADIT~1\PROC\p18f4455.asm
                     LATD   0x000f8c       data     extern C:\MCC18\SRC\TRADIT~1\PROC\p18f4455.asm
                 LATDbits   0x000f8c       data     extern C:\MCC18\SRC\TRADIT~1\PROC\p18f4455.asm
                     LATE   0x000f8d       data     extern C:\MCC18\SRC\TRADIT~1\PROC\p18f4455.asm
                 LATEbits   0x000f8d       data     extern C:\MCC18\SRC\TRADIT~1\PROC\p18f4455.asm
                   LVDCON   0x000fd2       data     extern C:\MCC18\SRC\TRADIT~1\PROC\p18f4455.asm
               LVDCONbits   0x000fd2       data     extern C:\MCC18\SRC\TRADIT~1\PROC\p18f4455.asm
                   OSCCON   0x000fd3       data     extern C:\MCC18\SRC\TRADIT~1\PROC\p18f4455.asm
               OSCCONbits   0x000fd3       data     extern C:\MCC18\SRC\TRADIT~1\PROC\p18f4455.asm
                  OSCTUNE   0x000f9b       data     extern C:\MCC18\SRC\TRADIT~1\PROC\p18f4455.asm
              OSCTUNEbits   0x000f9b       data     extern C:\MCC18\SRC\TRADIT~1\PROC\p18f4455.asm
                       PC   0x000ff9       data     extern C:\MCC18\SRC\TRADIT~1\PROC\p18f4455.asm
                      PCL   0x000ff9       data     extern C:\MCC18\SRC\TRADIT~1\PROC\p18f4455.asm
                   PCLATH   0x000ffa       data     extern C:\MCC18\SRC\TRADIT~1\PROC\p18f4455.asm
                   PCLATU   0x000ffb       data     extern C:\MCC18\SRC\TRADIT~1\PROC\p18f4455.asm
                     PIE1   0x000f9d       data     extern C:\MCC18\SRC\TRADIT~1\PROC\p18f4455.asm
                 PIE1bits   0x000f9d       data     extern C:\MCC18\SRC\TRADIT~1\PROC\p18f4455.asm
                     PIE2   0x000fa0       data     extern C:\MCC18\SRC\TRADIT~1\PROC\p18f4455.asm
                 PIE2bits   0x000fa0       data     extern C:\MCC18\SRC\TRADIT~1\PROC\p18f4455.asm
                     PIR1   0x000f9e       data     extern C:\MCC18\SRC\TRADIT~1\PROC\p18f4455.asm
                 PIR1bits   0x000f9e       data     extern C:\MCC18\SRC\TRADIT~1\PROC\p18f4455.asm
                     PIR2   0x000fa1       data     extern C:\MCC18\SRC\TRADIT~1\PROC\p18f4455.asm
                 PIR2bits   0x000fa1       data     extern C:\MCC18\SRC\TRADIT~1\PROC\p18f4455.asm
                   PLUSW0   0x000feb       data     extern C:\MCC18\SRC\TRADIT~1\PROC\p18f4455.asm
                   PLUSW1   0x000fe3       data     extern C:\MCC18\SRC\TRADIT~1\PROC\p18f4455.asm
                   PLUSW2   0x000fdb       data     extern C:\MCC18\SRC\TRADIT~1\PROC\p18f4455.asm
                    PORTA   0x000f80       data     extern C:\MCC18\SRC\TRADIT~1\PROC\p18f4455.asm
                PORTAbits   0x000f80       data     extern C:\MCC18\SRC\TRADIT~1\PROC\p18f4455.asm
                    PORTB   0x000f81       data     extern C:\MCC18\SRC\TRADIT~1\PROC\p18f4455.asm
                PORTBbits   0x000f81       data     extern C:\MCC18\SRC\TRADIT~1\PROC\p18f4455.asm
                    PORTC   0x000f82       data     extern C:\MCC18\SRC\TRADIT~1\PROC\p18f4455.asm
                PORTCbits   0x000f82       data     extern C:\MCC18\SRC\TRADIT~1\PROC\p18f4455.asm
                    PORTD   0x000f83       data     extern C:\MCC18\SRC\TRADIT~1\PROC\p18f4455.asm
                PORTDbits   0x000f83       data     extern C:\MCC18\SRC\TRADIT~1\PROC\p18f4455.asm
                    PORTE   0x000f84       data     extern C:\MCC18\SRC\TRADIT~1\PROC\p18f4455.asm
                PORTEbits   0x000f84       data     extern C:\MCC18\SRC\TRADIT~1\PROC\p18f4455.asm
                 POSTDEC0   0x000fed       data     extern C:\MCC18\SRC\TRADIT~1\PROC\p18f4455.asm
                 POSTDEC1   0x000fe5       data     extern C:\MCC18\SRC\TRADIT~1\PROC\p18f4455.asm
                 POSTDEC2   0x000fdd       data     extern C:\MCC18\SRC\TRADIT~1\PROC\p18f4455.asm
                 POSTINC0   0x000fee       data     extern C:\MCC18\SRC\TRADIT~1\PROC\p18f4455.asm
                 POSTINC1   0x000fe6       data     extern C:\MCC18\SRC\TRADIT~1\PROC\p18f4455.asm
                 POSTINC2   0x000fde       data     extern C:\MCC18\SRC\TRADIT~1\PROC\p18f4455.asm
                      PR2   0x000fcb       data     extern C:\MCC18\SRC\TRADIT~1\PROC\p18f4455.asm
                  PREINC0   0x000fec       data     extern C:\MCC18\SRC\TRADIT~1\PROC\p18f4455.asm
                  PREINC1   0x000fe4       data     extern C:\MCC18\SRC\TRADIT~1\PROC\p18f4455.asm
                  PREINC2   0x000fdc       data     extern C:\MCC18\SRC\TRADIT~1\PROC\p18f4455.asm
                     PROD   0x000ff3       data     extern C:\MCC18\SRC\TRADIT~1\PROC\p18f4455.asm
                    PRODH   0x000ff4       data     extern C:\MCC18\SRC\TRADIT~1\PROC\p18f4455.asm
                    PRODL   0x000ff3       data     extern C:\MCC18\SRC\TRADIT~1\PROC\p18f4455.asm
                     RCON   0x000fd0       data     extern C:\MCC18\SRC\TRADIT~1\PROC\p18f4455.asm
                 RCONbits   0x000fd0       data     extern C:\MCC18\SRC\TRADIT~1\PROC\p18f4455.asm
                    RCREG   0x000fae       data     extern C:\MCC18\SRC\TRADIT~1\PROC\p18f4455.asm
                    RCSTA   0x000fab       data     extern C:\MCC18\SRC\TRADIT~1\PROC\p18f4455.asm
                RCSTAbits   0x000fab       data     extern C:\MCC18\SRC\TRADIT~1\PROC\p18f4455.asm
                     SIGN   0x000004       data     extern C:\MCC18\SRC\TRADIT~1\MATH\cmath18.asm
                    SPBRG   0x000faf       data     extern C:\MCC18\SRC\TRADIT~1\PROC\p18f4455.asm
                   SPBRGH   0x000fb0       data     extern C:\MCC18\SRC\TRADIT~1\PROC\p18f4455.asm
                   SPPCFG   0x000f63       data     extern C:\MCC18\SRC\TRADIT~1\PROC\p18f4455.asm
               SPPCFGbits   0x000f63       data     extern C:\MCC18\SRC\TRADIT~1\PROC\p18f4455.asm
                   SPPCON   0x000f65       data     extern C:\MCC18\SRC\TRADIT~1\PROC\p18f4455.asm
               SPPCONbits   0x000f65       data     extern C:\MCC18\SRC\TRADIT~1\PROC\p18f4455.asm
                  SPPDATA   0x000f62       data     extern C:\MCC18\SRC\TRADIT~1\PROC\p18f4455.asm
                   SPPEPS   0x000f64       data     extern C:\MCC18\SRC\TRADIT~1\PROC\p18f4455.asm
               SPPEPSbits   0x000f64       data     extern C:\MCC18\SRC\TRADIT~1\PROC\p18f4455.asm
                   SSPADD   0x000fc8       data     extern C:\MCC18\SRC\TRADIT~1\PROC\p18f4455.asm
                   SSPBUF   0x000fc9       data     extern C:\MCC18\SRC\TRADIT~1\PROC\p18f4455.asm
                  SSPCON1   0x000fc6       data     extern C:\MCC18\SRC\TRADIT~1\PROC\p18f4455.asm
              SSPCON1bits   0x000fc6       data     extern C:\MCC18\SRC\TRADIT~1\PROC\p18f4455.asm
                  SSPCON2   0x000fc5       data     extern C:\MCC18\SRC\TRADIT~1\PROC\p18f4455.asm
              SSPCON2bits   0x000fc5       data     extern C:\MCC18\SRC\TRADIT~1\PROC\p18f4455.asm
                  SSPSTAT   0x000fc7       data     extern C:\MCC18\SRC\TRADIT~1\PROC\p18f4455.asm
              SSPSTATbits   0x000fc7       data     extern C:\MCC18\SRC\TRADIT~1\PROC\p18f4455.asm
                   STATUS   0x000fd8       data     extern C:\MCC18\SRC\TRADIT~1\PROC\p18f4455.asm
               STATUSbits   0x000fd8       data     extern C:\MCC18\SRC\TRADIT~1\PROC\p18f4455.asm
                   STKPTR   0x000ffc       data     extern C:\MCC18\SRC\TRADIT~1\PROC\p18f4455.asm
               STKPTRbits   0x000ffc       data     extern C:\MCC18\SRC\TRADIT~1\PROC\p18f4455.asm
                 SetupPkt   0x000410       data     extern D:\work\midicontroller\svn\trunk\PIC_BOOT\usbmmap.c
                    T0CON   0x000fd5       data     extern C:\MCC18\SRC\TRADIT~1\PROC\p18f4455.asm
                T0CONbits   0x000fd5       data     extern C:\MCC18\SRC\TRADIT~1\PROC\p18f4455.asm
                    T1CON   0x000fcd       data     extern C:\MCC18\SRC\TRADIT~1\PROC\p18f4455.asm
                T1CONbits   0x000fcd       data     extern C:\MCC18\SRC\TRADIT~1\PROC\p18f4455.asm
                    T2CON   0x000fca       data     extern C:\MCC18\SRC\TRADIT~1\PROC\p18f4455.asm
                T2CONbits   0x000fca       data     extern C:\MCC18\SRC\TRADIT~1\PROC\p18f4455.asm
                    T3CON   0x000fb1       data     extern C:\MCC18\SRC\TRADIT~1\PROC\p18f4455.asm
                T3CONbits   0x000fb1       data     extern C:\MCC18\SRC\TRADIT~1\PROC\p18f4455.asm
                   TABLAT   0x000ff5       data     extern C:\MCC18\SRC\TRADIT~1\PROC\p18f4455.asm
                   TBLPTR   0x000ff6       data     extern C:\MCC18\SRC\TRADIT~1\PROC\p18f4455.asm
                  TBLPTRH   0x000ff7       data     extern C:\MCC18\SRC\TRADIT~1\PROC\p18f4455.asm
                  TBLPTRL   0x000ff6       data     extern C:\MCC18\SRC\TRADIT~1\PROC\p18f4455.asm
                  TBLPTRU   0x000ff8       data     extern C:\MCC18\SRC\TRADIT~1\PROC\p18f4455.asm
                    TMR0H   0x000fd7       data     extern C:\MCC18\SRC\TRADIT~1\PROC\p18f4455.asm
                    TMR0L   0x000fd6       data     extern C:\MCC18\SRC\TRADIT~1\PROC\p18f4455.asm
                    TMR1H   0x000fcf       data     extern C:\MCC18\SRC\TRADIT~1\PROC\p18f4455.asm
                    TMR1L   0x000fce       data     extern C:\MCC18\SRC\TRADIT~1\PROC\p18f4455.asm
                     TMR2   0x000fcc       data     extern C:\MCC18\SRC\TRADIT~1\PROC\p18f4455.asm
                    TMR3H   0x000fb3       data     extern C:\MCC18\SRC\TRADIT~1\PROC\p18f4455.asm
                    TMR3L   0x000fb2       data     extern C:\MCC18\SRC\TRADIT~1\PROC\p18f4455.asm
                      TOS   0x000ffd       data     extern C:\MCC18\SRC\TRADIT~1\PROC\p18f4455.asm
                     TOSH   0x000ffe       data     extern C:\MCC18\SRC\TRADIT~1\PROC\p18f4455.asm
                     TOSL   0x000ffd       data     extern C:\MCC18\SRC\TRADIT~1\PROC\p18f4455.asm
                     TOSU   0x000fff       data     extern C:\MCC18\SRC\TRADIT~1\PROC\p18f4455.asm
                    TRISA   0x000f92       data     extern C:\MCC18\SRC\TRADIT~1\PROC\p18f4455.asm
                TRISAbits   0x000f92       data     extern C:\MCC18\SRC\TRADIT~1\PROC\p18f4455.asm
                    TRISB   0x000f93       data     extern C:\MCC18\SRC\TRADIT~1\PROC\p18f4455.asm
                TRISBbits   0x000f93       data     extern C:\MCC18\SRC\TRADIT~1\PROC\p18f4455.asm
                    TRISC   0x000f94       data     extern C:\MCC18\SRC\TRADIT~1\PROC\p18f4455.asm
                TRISCbits   0x000f94       data     extern C:\MCC18\SRC\TRADIT~1\PROC\p18f4455.asm
                    TRISD   0x000f95       data     extern C:\MCC18\SRC\TRADIT~1\PROC\p18f4455.asm
                TRISDbits   0x000f95       data     extern C:\MCC18\SRC\TRADIT~1\PROC\p18f4455.asm
                    TRISE   0x000f96       data     extern C:\MCC18\SRC\TRADIT~1\PROC\p18f4455.asm
                TRISEbits   0x000f96       data     extern C:\MCC18\SRC\TRADIT~1\PROC\p18f4455.asm
                    TXREG   0x000fad       data     extern C:\MCC18\SRC\TRADIT~1\PROC\p18f4455.asm
                    TXSTA   0x000fac       data     extern C:\MCC18\SRC\TRADIT~1\PROC\p18f4455.asm
                TXSTAbits   0x000fac       data     extern C:\MCC18\SRC\TRADIT~1\PROC\p18f4455.asm
                    Temp0   0x00007e       data     static D:\work\midicontroller\svn\trunk\PIC_BOOT\main.c
                    UADDR   0x000f6e       data     extern C:\MCC18\SRC\TRADIT~1\PROC\p18f4455.asm
                UADDRbits   0x000f6e       data     extern C:\MCC18\SRC\TRADIT~1\PROC\p18f4455.asm
                     UCFG   0x000f6f       data     extern C:\MCC18\SRC\TRADIT~1\PROC\p18f4455.asm
                 UCFGbits   0x000f6f       data     extern C:\MCC18\SRC\TRADIT~1\PROC\p18f4455.asm
                     UCON   0x000f6d       data     extern C:\MCC18\SRC\TRADIT~1\PROC\p18f4455.asm
                 UCONbits   0x000f6d       data     extern C:\MCC18\SRC\TRADIT~1\PROC\p18f4455.asm
                     UEIE   0x000f6b       data     extern C:\MCC18\SRC\TRADIT~1\PROC\p18f4455.asm
                 UEIEbits   0x000f6b       data     extern C:\MCC18\SRC\TRADIT~1\PROC\p18f4455.asm
                     UEIR   0x000f6a       data     extern C:\MCC18\SRC\TRADIT~1\PROC\p18f4455.asm
                 UEIRbits   0x000f6a       data     extern C:\MCC18\SRC\TRADIT~1\PROC\p18f4455.asm
                     UEP0   0x000f70       data     extern C:\MCC18\SRC\TRADIT~1\PROC\p18f4455.asm
                 UEP0bits   0x000f70       data     extern C:\MCC18\SRC\TRADIT~1\PROC\p18f4455.asm
                     UEP1   0x000f71       data     extern C:\MCC18\SRC\TRADIT~1\PROC\p18f4455.asm
                    UEP10   0x000f7a       data     extern C:\MCC18\SRC\TRADIT~1\PROC\p18f4455.asm
                UEP10bits   0x000f7a       data     extern C:\MCC18\SRC\TRADIT~1\PROC\p18f4455.asm
                    UEP11   0x000f7b       data     extern C:\MCC18\SRC\TRADIT~1\PROC\p18f4455.asm
                UEP11bits   0x000f7b       data     extern C:\MCC18\SRC\TRADIT~1\PROC\p18f4455.asm
                    UEP12   0x000f7c       data     extern C:\MCC18\SRC\TRADIT~1\PROC\p18f4455.asm
                UEP12bits   0x000f7c       data     extern C:\MCC18\SRC\TRADIT~1\PROC\p18f4455.asm
                    UEP13   0x000f7d       data     extern C:\MCC18\SRC\TRADIT~1\PROC\p18f4455.asm
                UEP13bits   0x000f7d       data     extern C:\MCC18\SRC\TRADIT~1\PROC\p18f4455.asm
                    UEP14   0x000f7e       data     extern C:\MCC18\SRC\TRADIT~1\PROC\p18f4455.asm
                UEP14bits   0x000f7e       data     extern C:\MCC18\SRC\TRADIT~1\PROC\p18f4455.asm
                    UEP15   0x000f7f       data     extern C:\MCC18\SRC\TRADIT~1\PROC\p18f4455.asm
                UEP15bits   0x000f7f       data     extern C:\MCC18\SRC\TRADIT~1\PROC\p18f4455.asm
                 UEP1bits   0x000f71       data     extern C:\MCC18\SRC\TRADIT~1\PROC\p18f4455.asm
                     UEP2   0x000f72       data     extern C:\MCC18\SRC\TRADIT~1\PROC\p18f4455.asm
                 UEP2bits   0x000f72       data     extern C:\MCC18\SRC\TRADIT~1\PROC\p18f4455.asm
                     UEP3   0x000f73       data     extern C:\MCC18\SRC\TRADIT~1\PROC\p18f4455.asm
                 UEP3bits   0x000f73       data     extern C:\MCC18\SRC\TRADIT~1\PROC\p18f4455.asm
                     UEP4   0x000f74       data     extern C:\MCC18\SRC\TRADIT~1\PROC\p18f4455.asm
                 UEP4bits   0x000f74       data     extern C:\MCC18\SRC\TRADIT~1\PROC\p18f4455.asm
                     UEP5   0x000f75       data     extern C:\MCC18\SRC\TRADIT~1\PROC\p18f4455.asm
                 UEP5bits   0x000f75       data     extern C:\MCC18\SRC\TRADIT~1\PROC\p18f4455.asm
                     UEP6   0x000f76       data     extern C:\MCC18\SRC\TRADIT~1\PROC\p18f4455.asm
                 UEP6bits   0x000f76       data     extern C:\MCC18\SRC\TRADIT~1\PROC\p18f4455.asm
                     UEP7   0x000f77       data     extern C:\MCC18\SRC\TRADIT~1\PROC\p18f4455.asm
                 UEP7bits   0x000f77       data     extern C:\MCC18\SRC\TRADIT~1\PROC\p18f4455.asm
                     UEP8   0x000f78       data     extern C:\MCC18\SRC\TRADIT~1\PROC\p18f4455.asm
                 UEP8bits   0x000f78       data     extern C:\MCC18\SRC\TRADIT~1\PROC\p18f4455.asm
                     UEP9   0x000f79       data     extern C:\MCC18\SRC\TRADIT~1\PROC\p18f4455.asm
                 UEP9bits   0x000f79       data     extern C:\MCC18\SRC\TRADIT~1\PROC\p18f4455.asm
                     UFRM   0x000f66       data     extern C:\MCC18\SRC\TRADIT~1\PROC\p18f4455.asm
                    UFRMH   0x000f67       data     extern C:\MCC18\SRC\TRADIT~1\PROC\p18f4455.asm
                UFRMHbits   0x000f67       data     extern C:\MCC18\SRC\TRADIT~1\PROC\p18f4455.asm
                    UFRML   0x000f66       data     extern C:\MCC18\SRC\TRADIT~1\PROC\p18f4455.asm
                UFRMLbits   0x000f66       data     extern C:\MCC18\SRC\TRADIT~1\PROC\p18f4455.asm
                      UIE   0x000f69       data     extern C:\MCC18\SRC\TRADIT~1\PROC\p18f4455.asm
                  UIEbits   0x000f69       data     extern C:\MCC18\SRC\TRADIT~1\PROC\p18f4455.asm
                      UIR   0x000f68       data     extern C:\MCC18\SRC\TRADIT~1\PROC\p18f4455.asm
                  UIRbits   0x000f68       data     extern C:\MCC18\SRC\TRADIT~1\PROC\p18f4455.asm
                    USTAT   0x000f6c       data     extern C:\MCC18\SRC\TRADIT~1\PROC\p18f4455.asm
                USTATbits   0x000f6c       data     extern C:\MCC18\SRC\TRADIT~1\PROC\p18f4455.asm
                   WDTCON   0x000fd1       data     extern C:\MCC18\SRC\TRADIT~1\PROC\p18f4455.asm
               WDTCONbits   0x000fd1       data     extern C:\MCC18\SRC\TRADIT~1\PROC\p18f4455.asm
                     WREG   0x000fe8       data     extern C:\MCC18\SRC\TRADIT~1\PROC\p18f4455.asm
                __FPFLAGS   0x000005       data     extern C:\MCC18\SRC\TRADIT~1\MATH\cmath18.asm
            __FPFLAGSbits   0x000005       data     extern C:\MCC18\SRC\TRADIT~1\MATH\cmath18.asm
                  __tmp_0   0x000000       data     static D:\work\midicontroller\svn\trunk\PIC_BOOT\boot.c
                  __tmp_0   0x000000       data     static D:\work\midicontroller\svn\trunk\PIC_BOOT\usbctrltrf.c
              big_counter   0x000078       data     extern D:\work\midicontroller\svn\trunk\PIC_BOOT\boot.c
                 byteTemp   0x000076       data     extern D:\work\midicontroller\svn\trunk\PIC_BOOT\boot.c
             byte_to_read   0x00006a       data     static D:\work\midicontroller\svn\trunk\PIC_BOOT\usbctrltrf.c
             byte_to_send   0x000069       data     static D:\work\midicontroller\svn\trunk\PIC_BOOT\usbctrltrf.c
                  counter   0x000075       data     extern D:\work\midicontroller\svn\trunk\PIC_BOOT\boot.c
   ctrl_trf_session_owner   0x000061       data     extern D:\work\midicontroller\svn\trunk\PIC_BOOT\usbctrltrf.c
           ctrl_trf_state   0x000060       data     extern D:\work\midicontroller\svn\trunk\PIC_BOOT\usbctrltrf.c
                curr_byte   0x00006e       data     static C:\MCC18\src\traditional\startup\c018i.c
               curr_entry   0x000070       data     static C:\MCC18\src\traditional\startup\c018i.c
               dataPacket   0x000420       data     extern D:\work\midicontroller\svn\trunk\PIC_BOOT\usbmmap.c
                 data_ptr   0x000072       data     static C:\MCC18\src\traditional\startup\c018i.c
                    ep0Bi   0x000404       data     extern D:\work\midicontroller\svn\trunk\PIC_BOOT\usbmmap.c
                    ep0Bo   0x000400       data     extern D:\work\midicontroller\svn\trunk\PIC_BOOT\usbmmap.c
                    ep1Bi   0x00040c       data     extern D:\work\midicontroller\svn\trunk\PIC_BOOT\usbmmap.c
                    ep1Bo   0x000408       data     extern D:\work\midicontroller\svn\trunk\PIC_BOOT\usbmmap.c
                        i   0x000068       data     static D:\work\midicontroller\svn\trunk\PIC_BOOT\usbctrltrf.c
                     pDst   0x000064       data     extern D:\work\midicontroller\svn\trunk\PIC_BOOT\usbctrltrf.c
                     pSrc   0x000062       data     extern D:\work\midicontroller\svn\trunk\PIC_BOOT\usbctrltrf.c
                     prom   0x00006b       data     static C:\MCC18\src\traditional\startup\c018i.c
                trf_state   0x000077       data     extern D:\work\midicontroller\svn\trunk\PIC_BOOT\boot.c
           usb_active_cfg   0x00007c       data     extern D:\work\midicontroller\svn\trunk\PIC_BOOT\usbmmap.c
             usb_alt_intf   0x00007d       data     extern D:\work\midicontroller\svn\trunk\PIC_BOOT\usbmmap.c
         usb_device_state   0x00007a       data     extern D:\work\midicontroller\svn\trunk\PIC_BOOT\usbmmap.c
                 usb_stat   0x00007b       data     extern D:\work\midicontroller\svn\trunk\PIC_BOOT\usbmmap.c
                   wCount   0x000066       data     extern D:\work\midicontroller\svn\trunk\PIC_BOOT\usbctrltrf.c



                              Symbols - Sorted by Address
                     Name    Address   Location    Storage File                     
                ---------  ---------  ---------  --------- ---------                
                   _entry   0x000000    program     extern C:\MCC18\src\traditional\startup\c018i.c
       ___return_lbl00000   0x000004    program     static                          
                _high_ISR   0x000008    program     extern D:\work\midicontroller\svn\trunk\PIC_BOOT\main.c
       ___return_lbl00000   0x00000c    program     static                          
                   __init   0x00000e    program     extern C:\MCC18\src\TRADIT~1\stdclib\__init.c
                 _low_ISR   0x000018    program     extern D:\work\midicontroller\svn\trunk\PIC_BOOT\main.c
       ___return_lbl00001   0x00001c    program     static                          
                     main   0x00001e    program     extern D:\work\midicontroller\svn\trunk\PIC_BOOT\main.c
           ___if_lbl00003   0x00003a    program     static                          
       ___return_lbl00002   0x000040    program     static                          
           BOOT_LOAD_MODE   0x000042    program     extern D:\work\midicontroller\svn\trunk\PIC_BOOT\main.c
        ___while_lbl00005   0x00004a    program     static                          
       ___return_lbl00004   0x00005a    program     static                          
        ___while_lbl00006   0x00005a    program     static                          
               BootInitEP   0x00005c    program     extern D:\work\midicontroller\svn\trunk\PIC_BOOT\boot.c
               StartWrite   0x000086    program     extern D:\work\midicontroller\svn\trunk\PIC_BOOT\boot.c
              ReadVersion   0x000092    program     extern D:\work\midicontroller\svn\trunk\PIC_BOOT\boot.c
              ReadProgMem   0x00009c    program     extern D:\work\midicontroller\svn\trunk\PIC_BOOT\boot.c
             WriteProgMem   0x0000bc    program     extern D:\work\midicontroller\svn\trunk\PIC_BOOT\boot.c
             EraseProgMem   0x0000e4    program     extern D:\work\midicontroller\svn\trunk\PIC_BOOT\boot.c
                   ReadEE   0x000116    program     extern D:\work\midicontroller\svn\trunk\PIC_BOOT\boot.c
                  WriteEE   0x000138    program     extern D:\work\midicontroller\svn\trunk\PIC_BOOT\boot.c
              WriteConfig   0x000162    program     extern D:\work\midicontroller\svn\trunk\PIC_BOOT\boot.c
              BootService   0x00017c    program     extern D:\work\midicontroller\svn\trunk\PIC_BOOT\boot.c
               __tmplbl_1   0x000184    program     static                          
               __tmplbl_0   0x00018a    program     static                          
           ___if_lbl00032   0x00018c    program     static                          
           ___if_lbl00033   0x0001b2    program     static                          
           ___if_lbl00034   0x0001b4    program     static                          
       ___case_0_lbl00036   0x0001e8    program     static                          
       ___case_1_lbl00038   0x0001f2    program     static                          
       ___case_6_lbl00037   0x0001f2    program     static                          
       ___case_2_lbl00039   0x0001fc    program     static                          
       ___case_3_lbl00040   0x000206    program     static                          
       ___case_4_lbl00041   0x000210    program     static                          
       ___case_5_lbl00042   0x00021a    program     static                          
       ___case_7_lbl00043   0x000224    program     static                          
      ___case_-1_lbl00044   0x00022e    program     static                          
        ___while_lbl00045   0x000236    program     static                          
        ___while_lbl00046   0x000248    program     static                          
      ___default_lbl00047   0x00024c    program     static                          
   ___switchexit_lbl00035   0x00024e    program     static                          
       ___return_lbl00030   0x00026e    program     static                          
           ___if_lbl00049   0x00026e    program     static                          
           ___if_lbl00048   0x00026e    program     static                          
                   __pa_0   0x000270    program     static D:\work\midicontroller\svn\trunk\PIC_BOOT\boot.c
                   __pa_1   0x00028e    program     static D:\work\midicontroller\svn\trunk\PIC_BOOT\boot.c
                   __pa_2   0x00029c    program     static D:\work\midicontroller\svn\trunk\PIC_BOOT\boot.c
                   __pa_3   0x0002a6    program     static D:\work\midicontroller\svn\trunk\PIC_BOOT\boot.c
                   __pa_4   0x0002b6    program     static D:\work\midicontroller\svn\trunk\PIC_BOOT\boot.c
       USBCheckStdRequest   0x0002c2    program     extern D:\work\midicontroller\svn\trunk\PIC_BOOT\usb9.c
      USBStdSetCfgHandler   0x00036c    program     extern D:\work\midicontroller\svn\trunk\PIC_BOOT\usb9.c
         USBCtrlEPService   0x00038e    program     extern D:\work\midicontroller\svn\trunk\PIC_BOOT\usbctrltrf.c
   USBCtrlTrfSetupHandler   0x0003c4    program     extern D:\work\midicontroller\svn\trunk\PIC_BOOT\usbctrltrf.c
     USBCtrlTrfOutHandler   0x0003d6    program     extern D:\work\midicontroller\svn\trunk\PIC_BOOT\usbctrltrf.c
      USBCtrlTrfInHandler   0x0003f4    program     extern D:\work\midicontroller\svn\trunk\PIC_BOOT\usbctrltrf.c
      USBCtrlTrfTxService   0x00042a    program     extern D:\work\midicontroller\svn\trunk\PIC_BOOT\usbctrltrf.c
      USBCtrlTrfRxService   0x000498    program     extern D:\work\midicontroller\svn\trunk\PIC_BOOT\usbctrltrf.c
 USBCtrlEPServiceComplete   0x0004da    program     extern D:\work\midicontroller\svn\trunk\PIC_BOOT\usbctrltrf.c
USBPrepareForNextSetupTrf   0x00054c    program     extern D:\work\midicontroller\svn\trunk\PIC_BOOT\usbctrltrf.c
                   __pa_0   0x00055c    program     static D:\work\midicontroller\svn\trunk\PIC_BOOT\usbctrltrf.c
        USBCheckBusStatus   0x00056c    program     extern D:\work\midicontroller\svn\trunk\PIC_BOOT\usbdrv.c
         USBDriverService   0x000582    program     extern D:\work\midicontroller\svn\trunk\PIC_BOOT\usbdrv.c
               __tmplbl_1   0x000588    program     static                          
               __tmplbl_0   0x00058e    program     static                          
           ___if_lbl00005   0x000594    program     static                          
               __tmplbl_3   0x00059a    program     static                          
               __tmplbl_2   0x0005a0    program     static                          
           ___if_lbl00007   0x0005a2    program     static                          
               __tmplbl_5   0x0005a8    program     static                          
               __tmplbl_4   0x0005ae    program     static                          
           ___if_lbl00009   0x0005ba    program     static                          
               __tmplbl_7   0x0005c0    program     static                          
               __tmplbl_6   0x0005c6    program     static                          
           ___if_lbl00011   0x0005d0    program     static                          
           ___if_lbl00012   0x0005d2    program     static                          
           ___if_lbl00013   0x0005dc    program     static                          
               __tmplbl_9   0x0005e2    program     static                          
               __tmplbl_8   0x0005e8    program     static                          
       ___return_lbl00003   0x0005ee    program     static                          
           ___if_lbl00015   0x0005ee    program     static                          
  USBProtocolResetHandler   0x0005f0    program     extern D:\work\midicontroller\svn\trunk\PIC_BOOT\usbdrv.c
                _do_cinit   0x000616    program     extern C:\MCC18\src\traditional\startup\c018i.c
                     test   0x000630    program     static                          
                copy_loop   0x000688    program     static                          
            copy_one_byte   0x00068e    program     static                          
             done_copying   0x00069c    program     static                          
                     done   0x0006b2    program     static                          
       ___return_lbl00002   0x0006b2    program     static                          
               device_dsc   0x0006b4    program     extern D:\work\midicontroller\svn\trunk\PIC_BOOT\usbdsc.c
                    cfg01   0x0006c6    program     extern D:\work\midicontroller\svn\trunk\PIC_BOOT\usbdsc.c
                    sd000   0x0006e6    program     extern D:\work\midicontroller\svn\trunk\PIC_BOOT\usbdsc.c
                 _startup   0x0006ea    program     extern C:\MCC18\src\traditional\startup\c018i.c
                     loop   0x0006fa    program     static                          
       ___return_lbl00001   0x000704    program     static                          
                CLEAR_RAM   0x000706    program     extern D:\work\midicontroller\svn\trunk\PIC\config.asm
                RAMCLEAR1   0x00070a    program     static D:\work\midicontroller\svn\trunk\PIC\config.asm
                  __tmp_0   0x000000       data     static D:\work\midicontroller\svn\trunk\PIC_BOOT\boot.c
                  __tmp_0   0x000000       data     static D:\work\midicontroller\svn\trunk\PIC_BOOT\usbctrltrf.c
                     SIGN   0x000004       data     extern C:\MCC18\SRC\TRADIT~1\MATH\cmath18.asm
                __FPFLAGS   0x000005       data     extern C:\MCC18\SRC\TRADIT~1\MATH\cmath18.asm
            __FPFLAGSbits   0x000005       data     extern C:\MCC18\SRC\TRADIT~1\MATH\cmath18.asm
           ctrl_trf_state   0x000060       data     extern D:\work\midicontroller\svn\trunk\PIC_BOOT\usbctrltrf.c
   ctrl_trf_session_owner   0x000061       data     extern D:\work\midicontroller\svn\trunk\PIC_BOOT\usbctrltrf.c
                     pSrc   0x000062       data     extern D:\work\midicontroller\svn\trunk\PIC_BOOT\usbctrltrf.c
                     pDst   0x000064       data     extern D:\work\midicontroller\svn\trunk\PIC_BOOT\usbctrltrf.c
                   wCount   0x000066       data     extern D:\work\midicontroller\svn\trunk\PIC_BOOT\usbctrltrf.c
                        i   0x000068       data     static D:\work\midicontroller\svn\trunk\PIC_BOOT\usbctrltrf.c
             byte_to_send   0x000069       data     static D:\work\midicontroller\svn\trunk\PIC_BOOT\usbctrltrf.c
             byte_to_read   0x00006a       data     static D:\work\midicontroller\svn\trunk\PIC_BOOT\usbctrltrf.c
                     prom   0x00006b       data     static C:\MCC18\src\traditional\startup\c018i.c
                curr_byte   0x00006e       data     static C:\MCC18\src\traditional\startup\c018i.c
               curr_entry   0x000070       data     static C:\MCC18\src\traditional\startup\c018i.c
                 data_ptr   0x000072       data     static C:\MCC18\src\traditional\startup\c018i.c
                  counter   0x000075       data     extern D:\work\midicontroller\svn\trunk\PIC_BOOT\boot.c
                 byteTemp   0x000076       data     extern D:\work\midicontroller\svn\trunk\PIC_BOOT\boot.c
                trf_state   0x000077       data     extern D:\work\midicontroller\svn\trunk\PIC_BOOT\boot.c
              big_counter   0x000078       data     extern D:\work\midicontroller\svn\trunk\PIC_BOOT\boot.c
         usb_device_state   0x00007a       data     extern D:\work\midicontroller\svn\trunk\PIC_BOOT\usbmmap.c
                 usb_stat   0x00007b       data     extern D:\work\midicontroller\svn\trunk\PIC_BOOT\usbmmap.c
           usb_active_cfg   0x00007c       data     extern D:\work\midicontroller\svn\trunk\PIC_BOOT\usbmmap.c
             usb_alt_intf   0x00007d       data     extern D:\work\midicontroller\svn\trunk\PIC_BOOT\usbmmap.c
                    Temp0   0x00007e       data     static D:\work\midicontroller\svn\trunk\PIC_BOOT\main.c
                    ep0Bo   0x000400       data     extern D:\work\midicontroller\svn\trunk\PIC_BOOT\usbmmap.c
                    ep0Bi   0x000404       data     extern D:\work\midicontroller\svn\trunk\PIC_BOOT\usbmmap.c
                    ep1Bo   0x000408       data     extern D:\work\midicontroller\svn\trunk\PIC_BOOT\usbmmap.c
                    ep1Bi   0x00040c       data     extern D:\work\midicontroller\svn\trunk\PIC_BOOT\usbmmap.c
                 SetupPkt   0x000410       data     extern D:\work\midicontroller\svn\trunk\PIC_BOOT\usbmmap.c
              CtrlTrfData   0x000418       data     extern D:\work\midicontroller\svn\trunk\PIC_BOOT\usbmmap.c
               dataPacket   0x000420       data     extern D:\work\midicontroller\svn\trunk\PIC_BOOT\usbmmap.c
                  SPPDATA   0x000f62       data     extern C:\MCC18\SRC\TRADIT~1\PROC\p18f4455.asm
               SPPCFGbits   0x000f63       data     extern C:\MCC18\SRC\TRADIT~1\PROC\p18f4455.asm
                   SPPCFG   0x000f63       data     extern C:\MCC18\SRC\TRADIT~1\PROC\p18f4455.asm
               SPPEPSbits   0x000f64       data     extern C:\MCC18\SRC\TRADIT~1\PROC\p18f4455.asm
                   SPPEPS   0x000f64       data     extern C:\MCC18\SRC\TRADIT~1\PROC\p18f4455.asm
               SPPCONbits   0x000f65       data     extern C:\MCC18\SRC\TRADIT~1\PROC\p18f4455.asm
                   SPPCON   0x000f65       data     extern C:\MCC18\SRC\TRADIT~1\PROC\p18f4455.asm
                UFRMLbits   0x000f66       data     extern C:\MCC18\SRC\TRADIT~1\PROC\p18f4455.asm
                     UFRM   0x000f66       data     extern C:\MCC18\SRC\TRADIT~1\PROC\p18f4455.asm
                    UFRML   0x000f66       data     extern C:\MCC18\SRC\TRADIT~1\PROC\p18f4455.asm
                    UFRMH   0x000f67       data     extern C:\MCC18\SRC\TRADIT~1\PROC\p18f4455.asm
                UFRMHbits   0x000f67       data     extern C:\MCC18\SRC\TRADIT~1\PROC\p18f4455.asm
                      UIR   0x000f68       data     extern C:\MCC18\SRC\TRADIT~1\PROC\p18f4455.asm
                  UIRbits   0x000f68       data     extern C:\MCC18\SRC\TRADIT~1\PROC\p18f4455.asm
                      UIE   0x000f69       data     extern C:\MCC18\SRC\TRADIT~1\PROC\p18f4455.asm
                  UIEbits   0x000f69       data     extern C:\MCC18\SRC\TRADIT~1\PROC\p18f4455.asm
                 UEIRbits   0x000f6a       data     extern C:\MCC18\SRC\TRADIT~1\PROC\p18f4455.asm
                     UEIR   0x000f6a       data     extern C:\MCC18\SRC\TRADIT~1\PROC\p18f4455.asm
                     UEIE   0x000f6b       data     extern C:\MCC18\SRC\TRADIT~1\PROC\p18f4455.asm
                 UEIEbits   0x000f6b       data     extern C:\MCC18\SRC\TRADIT~1\PROC\p18f4455.asm
                USTATbits   0x000f6c       data     extern C:\MCC18\SRC\TRADIT~1\PROC\p18f4455.asm
                    USTAT   0x000f6c       data     extern C:\MCC18\SRC\TRADIT~1\PROC\p18f4455.asm
                     UCON   0x000f6d       data     extern C:\MCC18\SRC\TRADIT~1\PROC\p18f4455.asm
                 UCONbits   0x000f6d       data     extern C:\MCC18\SRC\TRADIT~1\PROC\p18f4455.asm
                    UADDR   0x000f6e       data     extern C:\MCC18\SRC\TRADIT~1\PROC\p18f4455.asm
                UADDRbits   0x000f6e       data     extern C:\MCC18\SRC\TRADIT~1\PROC\p18f4455.asm
                 UCFGbits   0x000f6f       data     extern C:\MCC18\SRC\TRADIT~1\PROC\p18f4455.asm
                     UCFG   0x000f6f       data     extern C:\MCC18\SRC\TRADIT~1\PROC\p18f4455.asm
                     UEP0   0x000f70       data     extern C:\MCC18\SRC\TRADIT~1\PROC\p18f4455.asm
                 UEP0bits   0x000f70       data     extern C:\MCC18\SRC\TRADIT~1\PROC\p18f4455.asm
                 UEP1bits   0x000f71       data     extern C:\MCC18\SRC\TRADIT~1\PROC\p18f4455.asm
                     UEP1   0x000f71       data     extern C:\MCC18\SRC\TRADIT~1\PROC\p18f4455.asm
                 UEP2bits   0x000f72       data     extern C:\MCC18\SRC\TRADIT~1\PROC\p18f4455.asm
                     UEP2   0x000f72       data     extern C:\MCC18\SRC\TRADIT~1\PROC\p18f4455.asm
                 UEP3bits   0x000f73       data     extern C:\MCC18\SRC\TRADIT~1\PROC\p18f4455.asm
                     UEP3   0x000f73       data     extern C:\MCC18\SRC\TRADIT~1\PROC\p18f4455.asm
                 UEP4bits   0x000f74       data     extern C:\MCC18\SRC\TRADIT~1\PROC\p18f4455.asm
                     UEP4   0x000f74       data     extern C:\MCC18\SRC\TRADIT~1\PROC\p18f4455.asm
                 UEP5bits   0x000f75       data     extern C:\MCC18\SRC\TRADIT~1\PROC\p18f4455.asm
                     UEP5   0x000f75       data     extern C:\MCC18\SRC\TRADIT~1\PROC\p18f4455.asm
                 UEP6bits   0x000f76       data     extern C:\MCC18\SRC\TRADIT~1\PROC\p18f4455.asm
                     UEP6   0x000f76       data     extern C:\MCC18\SRC\TRADIT~1\PROC\p18f4455.asm
                 UEP7bits   0x000f77       data     extern C:\MCC18\SRC\TRADIT~1\PROC\p18f4455.asm
                     UEP7   0x000f77       data     extern C:\MCC18\SRC\TRADIT~1\PROC\p18f4455.asm
                 UEP8bits   0x000f78       data     extern C:\MCC18\SRC\TRADIT~1\PROC\p18f4455.asm
                     UEP8   0x000f78       data     extern C:\MCC18\SRC\TRADIT~1\PROC\p18f4455.asm
                     UEP9   0x000f79       data     extern C:\MCC18\SRC\TRADIT~1\PROC\p18f4455.asm
                 UEP9bits   0x000f79       data     extern C:\MCC18\SRC\TRADIT~1\PROC\p18f4455.asm
                    UEP10   0x000f7a       data     extern C:\MCC18\SRC\TRADIT~1\PROC\p18f4455.asm
                UEP10bits   0x000f7a       data     extern C:\MCC18\SRC\TRADIT~1\PROC\p18f4455.asm
                    UEP11   0x000f7b       data     extern C:\MCC18\SRC\TRADIT~1\PROC\p18f4455.asm
                UEP11bits   0x000f7b       data     extern C:\MCC18\SRC\TRADIT~1\PROC\p18f4455.asm
                    UEP12   0x000f7c       data     extern C:\MCC18\SRC\TRADIT~1\PROC\p18f4455.asm
                UEP12bits   0x000f7c       data     extern C:\MCC18\SRC\TRADIT~1\PROC\p18f4455.asm
                UEP13bits   0x000f7d       data     extern C:\MCC18\SRC\TRADIT~1\PROC\p18f4455.asm
                    UEP13   0x000f7d       data     extern C:\MCC18\SRC\TRADIT~1\PROC\p18f4455.asm
                UEP14bits   0x000f7e       data     extern C:\MCC18\SRC\TRADIT~1\PROC\p18f4455.asm
                    UEP14   0x000f7e       data     extern C:\MCC18\SRC\TRADIT~1\PROC\p18f4455.asm
                    UEP15   0x000f7f       data     extern C:\MCC18\SRC\TRADIT~1\PROC\p18f4455.asm
                UEP15bits   0x000f7f       data     extern C:\MCC18\SRC\TRADIT~1\PROC\p18f4455.asm
                PORTAbits   0x000f80       data     extern C:\MCC18\SRC\TRADIT~1\PROC\p18f4455.asm
                    PORTA   0x000f80       data     extern C:\MCC18\SRC\TRADIT~1\PROC\p18f4455.asm
                PORTBbits   0x000f81       data     extern C:\MCC18\SRC\TRADIT~1\PROC\p18f4455.asm
                    PORTB   0x000f81       data     extern C:\MCC18\SRC\TRADIT~1\PROC\p18f4455.asm
                PORTCbits   0x000f82       data     extern C:\MCC18\SRC\TRADIT~1\PROC\p18f4455.asm
                    PORTC   0x000f82       data     extern C:\MCC18\SRC\TRADIT~1\PROC\p18f4455.asm
                PORTDbits   0x000f83       data     extern C:\MCC18\SRC\TRADIT~1\PROC\p18f4455.asm
                    PORTD   0x000f83       data     extern C:\MCC18\SRC\TRADIT~1\PROC\p18f4455.asm
                PORTEbits   0x000f84       data     extern C:\MCC18\SRC\TRADIT~1\PROC\p18f4455.asm
                    PORTE   0x000f84       data     extern C:\MCC18\SRC\TRADIT~1\PROC\p18f4455.asm
                     LATA   0x000f89       data     extern C:\MCC18\SRC\TRADIT~1\PROC\p18f4455.asm
                 LATAbits   0x000f89       data     extern C:\MCC18\SRC\TRADIT~1\PROC\p18f4455.asm
                 LATBbits   0x000f8a       data     extern C:\MCC18\SRC\TRADIT~1\PROC\p18f4455.asm
                     LATB   0x000f8a       data     extern C:\MCC18\SRC\TRADIT~1\PROC\p18f4455.asm
                     LATC   0x000f8b       data     extern C:\MCC18\SRC\TRADIT~1\PROC\p18f4455.asm
                 LATCbits   0x000f8b       data     extern C:\MCC18\SRC\TRADIT~1\PROC\p18f4455.asm
                     LATD   0x000f8c       data     extern C:\MCC18\SRC\TRADIT~1\PROC\p18f4455.asm
                 LATDbits   0x000f8c       data     extern C:\MCC18\SRC\TRADIT~1\PROC\p18f4455.asm
                 LATEbits   0x000f8d       data     extern C:\MCC18\SRC\TRADIT~1\PROC\p18f4455.asm
                     LATE   0x000f8d       data     extern C:\MCC18\SRC\TRADIT~1\PROC\p18f4455.asm
                     DDRA   0x000f92       data     extern C:\MCC18\SRC\TRADIT~1\PROC\p18f4455.asm
                 DDRAbits   0x000f92       data     extern C:\MCC18\SRC\TRADIT~1\PROC\p18f4455.asm
                    TRISA   0x000f92       data     extern C:\MCC18\SRC\TRADIT~1\PROC\p18f4455.asm
                TRISAbits   0x000f92       data     extern C:\MCC18\SRC\TRADIT~1\PROC\p18f4455.asm
                 DDRBbits   0x000f93       data     extern C:\MCC18\SRC\TRADIT~1\PROC\p18f4455.asm
                     DDRB   0x000f93       data     extern C:\MCC18\SRC\TRADIT~1\PROC\p18f4455.asm
                TRISBbits   0x000f93       data     extern C:\MCC18\SRC\TRADIT~1\PROC\p18f4455.asm
                    TRISB   0x000f93       data     extern C:\MCC18\SRC\TRADIT~1\PROC\p18f4455.asm
                    TRISC   0x000f94       data     extern C:\MCC18\SRC\TRADIT~1\PROC\p18f4455.asm
                TRISCbits   0x000f94       data     extern C:\MCC18\SRC\TRADIT~1\PROC\p18f4455.asm
                     DDRC   0x000f94       data     extern C:\MCC18\SRC\TRADIT~1\PROC\p18f4455.asm
                 DDRCbits   0x000f94       data     extern C:\MCC18\SRC\TRADIT~1\PROC\p18f4455.asm
                TRISDbits   0x000f95       data     extern C:\MCC18\SRC\TRADIT~1\PROC\p18f4455.asm
                    TRISD   0x000f95       data     extern C:\MCC18\SRC\TRADIT~1\PROC\p18f4455.asm
                 DDRDbits   0x000f95       data     extern C:\MCC18\SRC\TRADIT~1\PROC\p18f4455.asm
                     DDRD   0x000f95       data     extern C:\MCC18\SRC\TRADIT~1\PROC\p18f4455.asm
                     DDRE   0x000f96       data     extern C:\MCC18\SRC\TRADIT~1\PROC\p18f4455.asm
                    TRISE   0x000f96       data     extern C:\MCC18\SRC\TRADIT~1\PROC\p18f4455.asm
                TRISEbits   0x000f96       data     extern C:\MCC18\SRC\TRADIT~1\PROC\p18f4455.asm
                 DDREbits   0x000f96       data     extern C:\MCC18\SRC\TRADIT~1\PROC\p18f4455.asm
              OSCTUNEbits   0x000f9b       data     extern C:\MCC18\SRC\TRADIT~1\PROC\p18f4455.asm
                  OSCTUNE   0x000f9b       data     extern C:\MCC18\SRC\TRADIT~1\PROC\p18f4455.asm
                 PIE1bits   0x000f9d       data     extern C:\MCC18\SRC\TRADIT~1\PROC\p18f4455.asm
                     PIE1   0x000f9d       data     extern C:\MCC18\SRC\TRADIT~1\PROC\p18f4455.asm
                 PIR1bits   0x000f9e       data     extern C:\MCC18\SRC\TRADIT~1\PROC\p18f4455.asm
                     PIR1   0x000f9e       data     extern C:\MCC18\SRC\TRADIT~1\PROC\p18f4455.asm
                     IPR1   0x000f9f       data     extern C:\MCC18\SRC\TRADIT~1\PROC\p18f4455.asm
                 IPR1bits   0x000f9f       data     extern C:\MCC18\SRC\TRADIT~1\PROC\p18f4455.asm
                 PIE2bits   0x000fa0       data     extern C:\MCC18\SRC\TRADIT~1\PROC\p18f4455.asm
                     PIE2   0x000fa0       data     extern C:\MCC18\SRC\TRADIT~1\PROC\p18f4455.asm
                 PIR2bits   0x000fa1       data     extern C:\MCC18\SRC\TRADIT~1\PROC\p18f4455.asm
                     PIR2   0x000fa1       data     extern C:\MCC18\SRC\TRADIT~1\PROC\p18f4455.asm
                     IPR2   0x000fa2       data     extern C:\MCC18\SRC\TRADIT~1\PROC\p18f4455.asm
                 IPR2bits   0x000fa2       data     extern C:\MCC18\SRC\TRADIT~1\PROC\p18f4455.asm
                   EECON1   0x000fa6       data     extern C:\MCC18\SRC\TRADIT~1\PROC\p18f4455.asm
               EECON1bits   0x000fa6       data     extern C:\MCC18\SRC\TRADIT~1\PROC\p18f4455.asm
                   EECON2   0x000fa7       data     extern C:\MCC18\SRC\TRADIT~1\PROC\p18f4455.asm
                   EEDATA   0x000fa8       data     extern C:\MCC18\SRC\TRADIT~1\PROC\p18f4455.asm
                    EEADR   0x000fa9       data     extern C:\MCC18\SRC\TRADIT~1\PROC\p18f4455.asm
                RCSTAbits   0x000fab       data     extern C:\MCC18\SRC\TRADIT~1\PROC\p18f4455.asm
                    RCSTA   0x000fab       data     extern C:\MCC18\SRC\TRADIT~1\PROC\p18f4455.asm
                    TXSTA   0x000fac       data     extern C:\MCC18\SRC\TRADIT~1\PROC\p18f4455.asm
                TXSTAbits   0x000fac       data     extern C:\MCC18\SRC\TRADIT~1\PROC\p18f4455.asm
                    TXREG   0x000fad       data     extern C:\MCC18\SRC\TRADIT~1\PROC\p18f4455.asm
                    RCREG   0x000fae       data     extern C:\MCC18\SRC\TRADIT~1\PROC\p18f4455.asm
                    SPBRG   0x000faf       data     extern C:\MCC18\SRC\TRADIT~1\PROC\p18f4455.asm
                   SPBRGH   0x000fb0       data     extern C:\MCC18\SRC\TRADIT~1\PROC\p18f4455.asm
                T3CONbits   0x000fb1       data     extern C:\MCC18\SRC\TRADIT~1\PROC\p18f4455.asm
                    T3CON   0x000fb1       data     extern C:\MCC18\SRC\TRADIT~1\PROC\p18f4455.asm
                    TMR3L   0x000fb2       data     extern C:\MCC18\SRC\TRADIT~1\PROC\p18f4455.asm
                    TMR3H   0x000fb3       data     extern C:\MCC18\SRC\TRADIT~1\PROC\p18f4455.asm
                CMCONbits   0x000fb4       data     extern C:\MCC18\SRC\TRADIT~1\PROC\p18f4455.asm
                    CMCON   0x000fb4       data     extern C:\MCC18\SRC\TRADIT~1\PROC\p18f4455.asm
               CVRCONbits   0x000fb5       data     extern C:\MCC18\SRC\TRADIT~1\PROC\p18f4455.asm
                   CVRCON   0x000fb5       data     extern C:\MCC18\SRC\TRADIT~1\PROC\p18f4455.asm
                  ECCP1AS   0x000fb6       data     extern C:\MCC18\SRC\TRADIT~1\PROC\p18f4455.asm
              ECCP1ASbits   0x000fb6       data     extern C:\MCC18\SRC\TRADIT~1\PROC\p18f4455.asm
               CCP1ASbits   0x000fb6       data     extern C:\MCC18\SRC\TRADIT~1\PROC\p18f4455.asm
                   CCP1AS   0x000fb6       data     extern C:\MCC18\SRC\TRADIT~1\PROC\p18f4455.asm
                 ECCP1DEL   0x000fb7       data     extern C:\MCC18\SRC\TRADIT~1\PROC\p18f4455.asm
             ECCP1DELbits   0x000fb7       data     extern C:\MCC18\SRC\TRADIT~1\PROC\p18f4455.asm
              CCP1DELbits   0x000fb7       data     extern C:\MCC18\SRC\TRADIT~1\PROC\p18f4455.asm
                  CCP1DEL   0x000fb7       data     extern C:\MCC18\SRC\TRADIT~1\PROC\p18f4455.asm
              BAUDCONbits   0x000fb8       data     extern C:\MCC18\SRC\TRADIT~1\PROC\p18f4455.asm
                  BAUDCON   0x000fb8       data     extern C:\MCC18\SRC\TRADIT~1\PROC\p18f4455.asm
              CCP2CONbits   0x000fba       data     extern C:\MCC18\SRC\TRADIT~1\PROC\p18f4455.asm
                  CCP2CON   0x000fba       data     extern C:\MCC18\SRC\TRADIT~1\PROC\p18f4455.asm
                    CCPR2   0x000fbb       data     extern C:\MCC18\SRC\TRADIT~1\PROC\p18f4455.asm
                   CCPR2L   0x000fbb       data     extern C:\MCC18\SRC\TRADIT~1\PROC\p18f4455.asm
                   CCPR2H   0x000fbc       data     extern C:\MCC18\SRC\TRADIT~1\PROC\p18f4455.asm
             ECCP1CONbits   0x000fbd       data     extern C:\MCC18\SRC\TRADIT~1\PROC\p18f4455.asm
                 ECCP1CON   0x000fbd       data     extern C:\MCC18\SRC\TRADIT~1\PROC\p18f4455.asm
                  CCP1CON   0x000fbd       data     extern C:\MCC18\SRC\TRADIT~1\PROC\p18f4455.asm
              CCP1CONbits   0x000fbd       data     extern C:\MCC18\SRC\TRADIT~1\PROC\p18f4455.asm
                    CCPR1   0x000fbe       data     extern C:\MCC18\SRC\TRADIT~1\PROC\p18f4455.asm
                   CCPR1L   0x000fbe       data     extern C:\MCC18\SRC\TRADIT~1\PROC\p18f4455.asm
                   CCPR1H   0x000fbf       data     extern C:\MCC18\SRC\TRADIT~1\PROC\p18f4455.asm
               ADCON2bits   0x000fc0       data     extern C:\MCC18\SRC\TRADIT~1\PROC\p18f4455.asm
                   ADCON2   0x000fc0       data     extern C:\MCC18\SRC\TRADIT~1\PROC\p18f4455.asm
               ADCON1bits   0x000fc1       data     extern C:\MCC18\SRC\TRADIT~1\PROC\p18f4455.asm
                   ADCON1   0x000fc1       data     extern C:\MCC18\SRC\TRADIT~1\PROC\p18f4455.asm
                   ADCON0   0x000fc2       data     extern C:\MCC18\SRC\TRADIT~1\PROC\p18f4455.asm
               ADCON0bits   0x000fc2       data     extern C:\MCC18\SRC\TRADIT~1\PROC\p18f4455.asm
                   ADRESL   0x000fc3       data     extern C:\MCC18\SRC\TRADIT~1\PROC\p18f4455.asm
                    ADRES   0x000fc3       data     extern C:\MCC18\SRC\TRADIT~1\PROC\p18f4455.asm
                   ADRESH   0x000fc4       data     extern C:\MCC18\SRC\TRADIT~1\PROC\p18f4455.asm
              SSPCON2bits   0x000fc5       data     extern C:\MCC18\SRC\TRADIT~1\PROC\p18f4455.asm
                  SSPCON2   0x000fc5       data     extern C:\MCC18\SRC\TRADIT~1\PROC\p18f4455.asm
              SSPCON1bits   0x000fc6       data     extern C:\MCC18\SRC\TRADIT~1\PROC\p18f4455.asm
                  SSPCON1   0x000fc6       data     extern C:\MCC18\SRC\TRADIT~1\PROC\p18f4455.asm
              SSPSTATbits   0x000fc7       data     extern C:\MCC18\SRC\TRADIT~1\PROC\p18f4455.asm
                  SSPSTAT   0x000fc7       data     extern C:\MCC18\SRC\TRADIT~1\PROC\p18f4455.asm
                   SSPADD   0x000fc8       data     extern C:\MCC18\SRC\TRADIT~1\PROC\p18f4455.asm
                   SSPBUF   0x000fc9       data     extern C:\MCC18\SRC\TRADIT~1\PROC\p18f4455.asm
                T2CONbits   0x000fca       data     extern C:\MCC18\SRC\TRADIT~1\PROC\p18f4455.asm
                    T2CON   0x000fca       data     extern C:\MCC18\SRC\TRADIT~1\PROC\p18f4455.asm
                      PR2   0x000fcb       data     extern C:\MCC18\SRC\TRADIT~1\PROC\p18f4455.asm
                     TMR2   0x000fcc       data     extern C:\MCC18\SRC\TRADIT~1\PROC\p18f4455.asm
                T1CONbits   0x000fcd       data     extern C:\MCC18\SRC\TRADIT~1\PROC\p18f4455.asm
                    T1CON   0x000fcd       data     extern C:\MCC18\SRC\TRADIT~1\PROC\p18f4455.asm
                    TMR1L   0x000fce       data     extern C:\MCC18\SRC\TRADIT~1\PROC\p18f4455.asm
                    TMR1H   0x000fcf       data     extern C:\MCC18\SRC\TRADIT~1\PROC\p18f4455.asm
                 RCONbits   0x000fd0       data     extern C:\MCC18\SRC\TRADIT~1\PROC\p18f4455.asm
                     RCON   0x000fd0       data     extern C:\MCC18\SRC\TRADIT~1\PROC\p18f4455.asm
                   WDTCON   0x000fd1       data     extern C:\MCC18\SRC\TRADIT~1\PROC\p18f4455.asm
               WDTCONbits   0x000fd1       data     extern C:\MCC18\SRC\TRADIT~1\PROC\p18f4455.asm
               LVDCONbits   0x000fd2       data     extern C:\MCC18\SRC\TRADIT~1\PROC\p18f4455.asm
                   LVDCON   0x000fd2       data     extern C:\MCC18\SRC\TRADIT~1\PROC\p18f4455.asm
              HLVDCONbits   0x000fd2       data     extern C:\MCC18\SRC\TRADIT~1\PROC\p18f4455.asm
                  HLVDCON   0x000fd2       data     extern C:\MCC18\SRC\TRADIT~1\PROC\p18f4455.asm
                   OSCCON   0x000fd3       data     extern C:\MCC18\SRC\TRADIT~1\PROC\p18f4455.asm
               OSCCONbits   0x000fd3       data     extern C:\MCC18\SRC\TRADIT~1\PROC\p18f4455.asm
                    T0CON   0x000fd5       data     extern C:\MCC18\SRC\TRADIT~1\PROC\p18f4455.asm
                T0CONbits   0x000fd5       data     extern C:\MCC18\SRC\TRADIT~1\PROC\p18f4455.asm
                    TMR0L   0x000fd6       data     extern C:\MCC18\SRC\TRADIT~1\PROC\p18f4455.asm
                    TMR0H   0x000fd7       data     extern C:\MCC18\SRC\TRADIT~1\PROC\p18f4455.asm
                   STATUS   0x000fd8       data     extern C:\MCC18\SRC\TRADIT~1\PROC\p18f4455.asm
               STATUSbits   0x000fd8       data     extern C:\MCC18\SRC\TRADIT~1\PROC\p18f4455.asm
                    FSR2L   0x000fd9       data     extern C:\MCC18\SRC\TRADIT~1\PROC\p18f4455.asm
                     FSR2   0x000fd9       data     extern C:\MCC18\SRC\TRADIT~1\PROC\p18f4455.asm
                    FSR2H   0x000fda       data     extern C:\MCC18\SRC\TRADIT~1\PROC\p18f4455.asm
                   PLUSW2   0x000fdb       data     extern C:\MCC18\SRC\TRADIT~1\PROC\p18f4455.asm
                  PREINC2   0x000fdc       data     extern C:\MCC18\SRC\TRADIT~1\PROC\p18f4455.asm
                 POSTDEC2   0x000fdd       data     extern C:\MCC18\SRC\TRADIT~1\PROC\p18f4455.asm
                 POSTINC2   0x000fde       data     extern C:\MCC18\SRC\TRADIT~1\PROC\p18f4455.asm
                    INDF2   0x000fdf       data     extern C:\MCC18\SRC\TRADIT~1\PROC\p18f4455.asm
                      BSR   0x000fe0       data     extern C:\MCC18\SRC\TRADIT~1\PROC\p18f4455.asm
                    FSR1L   0x000fe1       data     extern C:\MCC18\SRC\TRADIT~1\PROC\p18f4455.asm
                     FSR1   0x000fe1       data     extern C:\MCC18\SRC\TRADIT~1\PROC\p18f4455.asm
                    FSR1H   0x000fe2       data     extern C:\MCC18\SRC\TRADIT~1\PROC\p18f4455.asm
                   PLUSW1   0x000fe3       data     extern C:\MCC18\SRC\TRADIT~1\PROC\p18f4455.asm
                  PREINC1   0x000fe4       data     extern C:\MCC18\SRC\TRADIT~1\PROC\p18f4455.asm
                 POSTDEC1   0x000fe5       data     extern C:\MCC18\SRC\TRADIT~1\PROC\p18f4455.asm
                 POSTINC1   0x000fe6       data     extern C:\MCC18\SRC\TRADIT~1\PROC\p18f4455.asm
                    INDF1   0x000fe7       data     extern C:\MCC18\SRC\TRADIT~1\PROC\p18f4455.asm
                     WREG   0x000fe8       data     extern C:\MCC18\SRC\TRADIT~1\PROC\p18f4455.asm
                    FSR0L   0x000fe9       data     extern C:\MCC18\SRC\TRADIT~1\PROC\p18f4455.asm
                     FSR0   0x000fe9       data     extern C:\MCC18\SRC\TRADIT~1\PROC\p18f4455.asm
                    FSR0H   0x000fea       data     extern C:\MCC18\SRC\TRADIT~1\PROC\p18f4455.asm
                   PLUSW0   0x000feb       data     extern C:\MCC18\SRC\TRADIT~1\PROC\p18f4455.asm
                  PREINC0   0x000fec       data     extern C:\MCC18\SRC\TRADIT~1\PROC\p18f4455.asm
                 POSTDEC0   0x000fed       data     extern C:\MCC18\SRC\TRADIT~1\PROC\p18f4455.asm
                 POSTINC0   0x000fee       data     extern C:\MCC18\SRC\TRADIT~1\PROC\p18f4455.asm
                    INDF0   0x000fef       data     extern C:\MCC18\SRC\TRADIT~1\PROC\p18f4455.asm
              INTCON3bits   0x000ff0       data     extern C:\MCC18\SRC\TRADIT~1\PROC\p18f4455.asm
                  INTCON3   0x000ff0       data     extern C:\MCC18\SRC\TRADIT~1\PROC\p18f4455.asm
                  INTCON2   0x000ff1       data     extern C:\MCC18\SRC\TRADIT~1\PROC\p18f4455.asm
              INTCON2bits   0x000ff1       data     extern C:\MCC18\SRC\TRADIT~1\PROC\p18f4455.asm
               INTCONbits   0x000ff2       data     extern C:\MCC18\SRC\TRADIT~1\PROC\p18f4455.asm
                   INTCON   0x000ff2       data     extern C:\MCC18\SRC\TRADIT~1\PROC\p18f4455.asm
                     PROD   0x000ff3       data     extern C:\MCC18\SRC\TRADIT~1\PROC\p18f4455.asm
                    PRODL   0x000ff3       data     extern C:\MCC18\SRC\TRADIT~1\PROC\p18f4455.asm
                    PRODH   0x000ff4       data     extern C:\MCC18\SRC\TRADIT~1\PROC\p18f4455.asm
                   TABLAT   0x000ff5       data     extern C:\MCC18\SRC\TRADIT~1\PROC\p18f4455.asm
                  TBLPTRL   0x000ff6       data     extern C:\MCC18\SRC\TRADIT~1\PROC\p18f4455.asm
                   TBLPTR   0x000ff6       data     extern C:\MCC18\SRC\TRADIT~1\PROC\p18f4455.asm
                  TBLPTRH   0x000ff7       data     extern C:\MCC18\SRC\TRADIT~1\PROC\p18f4455.asm
                  TBLPTRU   0x000ff8       data     extern C:\MCC18\SRC\TRADIT~1\PROC\p18f4455.asm
                       PC   0x000ff9       data     extern C:\MCC18\SRC\TRADIT~1\PROC\p18f4455.asm
                      PCL   0x000ff9       data     extern C:\MCC18\SRC\TRADIT~1\PROC\p18f4455.asm
                   PCLATH   0x000ffa       data     extern C:\MCC18\SRC\TRADIT~1\PROC\p18f4455.asm
                   PCLATU   0x000ffb       data     extern C:\MCC18\SRC\TRADIT~1\PROC\p18f4455.asm
               STKPTRbits   0x000ffc       data     extern C:\MCC18\SRC\TRADIT~1\PROC\p18f4455.asm
                   STKPTR   0x000ffc       data     extern C:\MCC18\SRC\TRADIT~1\PROC\p18f4455.asm
                      TOS   0x000ffd       data     extern C:\MCC18\SRC\TRADIT~1\PROC\p18f4455.asm
                     TOSL   0x000ffd       data     extern C:\MCC18\SRC\TRADIT~1\PROC\p18f4455.asm
                     TOSH   0x000ffe       data     extern C:\MCC18\SRC\TRADIT~1\PROC\p18f4455.asm
                     TOSU   0x000fff       data     extern C:\MCC18\SRC\TRADIT~1\PROC\p18f4455.asm


