MPLINK 4.48, Linker
Linker Map File - Created Tue Aug 05 12:21:32 2014

                                 Section Info
                  Section       Type    Address   Location Size(Bytes)
                ---------  ---------  ---------  ---------  ---------
           RealInitVector       code   0x000000    program   0x000006
  RealInterruptVectorHigh       code   0x000008    program   0x000006
               _entry_scn       code   0x000a00    program   0x000006
      InterruptVectorHigh       code   0x000a08    program   0x000006
                main_code       code   0x000a2a    program   0x0000ac
                   .cinit    romdata   0x000ad6    program   0x00000e
.code_controller-simple.o       code   0x000ae4    program   0x000d5a
              .code_usb.o       code   0x00183e    program   0x00071e
          .code_hwcalls.o       code   0x001f5c    program   0x0004ac
             .code_leds.o       code   0x002408    program   0x0002ec
        .code_usbapplet.o       code   0x0026f4    program   0x000256
            .code_rs232.o       code   0x00294a    program   0x00024e
              .code_hid.o       code   0x002b98    program   0x00021c
   .romdata_usbdescript.o    romdata   0x002db4    program   0x000128
        .romdata_tables.o    romdata   0x002edc    program   0x000100
     .code_writeprogmem.o       code   0x002fdc    program   0x0000ca
          .code_intslct.o       code   0x0030a6    program   0x0000aa
         .code_MidiComm.o       code   0x003150    program   0x00009c
             .code_init.o       code   0x0031ec    program   0x000070
           .code_eeprom.o       code   0x00325c    program   0x000056
          .code_systick.o       code   0x0032b2    program   0x000044
         .code_exppedal.o       code   0x0032f6    program   0x00003a
                    .code       code   0x003330    program   0x00002e
          .romdata_leds.o    romdata   0x00335e    program   0x000024
             _startup_scn       code   0x003382    program   0x000022
         .code_fxd0808u.o       code   0x0033a4    program   0x00001c
.romdata_controller-simple.o    romdata   0x0033c0    program   0x000000
        .idata_eeprom.o_i    romdata   0x0033c0    program   0x000000
      .idata_fxd0808u.o_i    romdata   0x0033c0    program   0x000000
        .romdata_eeprom.o    romdata   0x0033c0    program   0x000000
      .romdata_MidiComm.o    romdata   0x0033c0    program   0x000000
       .romdata_systick.o    romdata   0x0033c0    program   0x000000
          .idata_leds.o_i    romdata   0x0033c0    program   0x000000
      .romdata_fxd0808u.o    romdata   0x0033c0    program   0x000000
       .idata_systick.o_i    romdata   0x0033c0    program   0x000000
        .idata_tables.o_i    romdata   0x0033c0    program   0x000000
      .romdata_exppedal.o    romdata   0x0033c0    program   0x000000
      .idata_exppedal.o_i    romdata   0x0033c0    program   0x000000
  .idata_writeprogmem.o_i    romdata   0x0033c0    program   0x000000
  .romdata_writeprogmem.o    romdata   0x0033c0    program   0x000000
.idata_controller-simple.o_i    romdata   0x0033c0    program   0x000012
          .idata_main.o_i    romdata   0x0033c0    program   0x000000
          .romdata_main.o    romdata   0x0033c0    program   0x000000
       .idata_startup.o_i    romdata   0x0033c0    program   0x000000
       .romdata_startup.o    romdata   0x0033c0    program   0x000000
           .idata_usb.o_i    romdata   0x0033c0    program   0x000000
           .romdata_usb.o    romdata   0x0033c0    program   0x000000
     .idata_usbapplet.o_i    romdata   0x0033c0    program   0x000000
     .romdata_usbapplet.o    romdata   0x0033c0    program   0x000000
   .idata_usbdescript.o_i    romdata   0x0033c0    program   0x000000
         .idata_rs232.o_i    romdata   0x0033c0    program   0x000000
         .romdata_rs232.o    romdata   0x0033c0    program   0x000000
           .idata_hid.o_i    romdata   0x0033c0    program   0x000000
           .romdata_hid.o    romdata   0x0033c0    program   0x000000
       .romdata_vectors.o    romdata   0x0033c0    program   0x000000
       .idata_vectors.o_i    romdata   0x0033c0    program   0x000000
       .romdata_hwcalls.o    romdata   0x0033c0    program   0x000000
       .idata_hwcalls.o_i    romdata   0x0033c0    program   0x000000
          .romdata_init.o    romdata   0x0033c0    program   0x000000
          .idata_init.o_i    romdata   0x0033c0    program   0x000000
       .romdata_intslct.o    romdata   0x0033c0    program   0x000000
       .idata_intslct.o_i    romdata   0x0033c0    program   0x000000
       .romdata_ram_def.o    romdata   0x0033c0    program   0x000000
       .idata_ram_def.o_i    romdata   0x0033c0    program   0x000000
      .idata_MidiComm.o_i    romdata   0x0033d2    program   0x000000
      .code_usbdescript.o       code   0x0033d2    program   0x000000
          .code_ram_def.o       code   0x0033d2    program   0x000000
           .code_tables.o       code   0x0033d2    program   0x000000
          .code_startup.o       code   0x0033d2    program   0x000000
             .code_main.o       code   0x0033d2    program   0x000000
          .code_vectors.o       code   0x0033d2    program   0x000000
              ROMSAVEDATA    romdata   0x004000    program   0x001fff
                MATH_DATA      udata   0x000000       data   0x000010
                 .tmpdata      udata   0x000010       data   0x000008
                accessram      udata   0x000018       data   0x000004
.idata_controller-simple.o      idata   0x000060       data   0x000012
                     usb5      udata   0x000072       data   0x000011
                     gpr1      udata   0x000100       data   0x0000c5
.udata_controller-simple.o      udata   0x0001c5       data   0x00002e
       .udata_usbapplet.o      udata   0x0001f3       data   0x000001
         .idata_hwcalls.o      idata   0x0001f4       data   0x000000
         .udata_vectors.o      udata   0x0001f4       data   0x000000
         .idata_vectors.o      idata   0x0001f4       data   0x000000
          .udata_eeprom.o      udata   0x0001f4       data   0x000000
          .idata_eeprom.o      idata   0x0001f4       data   0x000000
            .udata_leds.o      udata   0x0001f4       data   0x000000
            .idata_leds.o      idata   0x0001f4       data   0x000000
          .udata_tables.o      udata   0x0001f4       data   0x000000
          .idata_tables.o      idata   0x0001f4       data   0x000000
    .udata_writeprogmem.o      udata   0x0001f4       data   0x000000
    .idata_writeprogmem.o      idata   0x0001f4       data   0x000000
        .udata_exppedal.o      udata   0x0001f4       data   0x000000
        .idata_exppedal.o      idata   0x0001f4       data   0x000000
         .udata_systick.o      udata   0x0001f4       data   0x000000
         .idata_systick.o      idata   0x0001f4       data   0x000000
        .udata_MidiComm.o      udata   0x0001f4       data   0x000000
        .idata_MidiComm.o      idata   0x0001f4       data   0x000000
        .udata_fxd0808u.o      udata   0x0001f4       data   0x000000
        .idata_fxd0808u.o      idata   0x0001f4       data   0x000000
            .udata_main.o      udata   0x0001f4       data   0x000000
            .idata_main.o      idata   0x0001f4       data   0x000000
         .udata_startup.o      udata   0x0001f4       data   0x000000
         .idata_startup.o      idata   0x0001f4       data   0x000000
             .udata_usb.o      udata   0x0001f4       data   0x000000
             .idata_usb.o      idata   0x0001f4       data   0x000000
       .idata_usbapplet.o      idata   0x0001f4       data   0x000000
     .udata_usbdescript.o      udata   0x0001f4       data   0x000000
     .idata_usbdescript.o      idata   0x0001f4       data   0x000000
           .udata_rs232.o      udata   0x0001f4       data   0x000000
           .idata_rs232.o      idata   0x0001f4       data   0x000000
             .udata_hid.o      udata   0x0001f4       data   0x000000
             .idata_hid.o      idata   0x0001f4       data   0x000000
         .udata_ram_def.o      udata   0x0001f4       data   0x000000
         .idata_ram_def.o      idata   0x0001f4       data   0x000000
         .udata_intslct.o      udata   0x0001f4       data   0x000000
         .idata_intslct.o      idata   0x0001f4       data   0x000000
            .udata_init.o      udata   0x0001f4       data   0x000000
            .idata_init.o      idata   0x0001f4       data   0x000000
         .udata_hwcalls.o      udata   0x0001f4       data   0x000000
                  usbram4      udata   0x000400       data   0x0000a0
                   .stack      udata   0x000700       data   0x000100
            SFR_UNBANKED0      udata   0x000f62       data   0x00009e



                              Program Memory Usage 
                               Start         End      
                           ---------   ---------      
                            0x000000    0x000005      
                            0x000008    0x00000d      
                            0x000a00    0x000a05      
                            0x000a08    0x000a0d      
                            0x000a2a    0x0033d1      
                            0x004000    0x005ffe      
            18879 out of 30530 program addresses used, program memory utilization is 61%



                              Symbols - Sorted by Name
                     Name    Address   Location    Storage File                     
                ---------  ---------  ---------  --------- ---------                
           ADC_CONVERSION   0x001f5c    program     extern C:\git\go\src\github.com\JamesDunne\eminor2\v1\controller\PIC\hwcalls.c
             AllDigitsOff   0x002452    program     extern C:\git\go\src\github.com\JamesDunne\eminor2\v1\controller\PIC\leds.c
              AsciiTo7Seg   0x002642    program     extern C:\git\go\src\github.com\JamesDunne\eminor2\v1\controller\PIC\leds.c
                CLEAR_RAM   0x003330    program     extern C:\git\go\src\github.com\JamesDunne\eminor2\v1\controller\PIC\config.asm
          ClassReqHandler   0x002eda    program     extern C:\git\go\src\github.com\JamesDunne\eminor2\v1\controller\PIC\usbdescript.c
               ClearArray   0x001f32    program     extern C:\git\go\src\github.com\JamesDunne\eminor2\v1\controller\PIC\usb.c
                   EERead   0x00325c    program     extern C:\git\go\src\github.com\JamesDunne\eminor2\v1\controller\PIC\eeprom.c
                  EEWrite   0x00327a    program     extern C:\git\go\src\github.com\JamesDunne\eminor2\v1\controller\PIC\eeprom.c
EXPP_PEDAL_LINEAR_CONV_TABLE   0x002edc    program     extern C:\git\go\src\github.com\JamesDunne\eminor2\v1\controller\PIC\tables.c
             EraseProgMem   0x00304a    program     extern C:\git\go\src\github.com\JamesDunne\eminor2\v1\controller\PIC\writeprogmem.c
             ExpPedalRead   0x0032f6    program     extern C:\git\go\src\github.com\JamesDunne\eminor2\v1\controller\PIC\exppedal.c
                 FXD0808U   0x0033a4    program     extern E:\c18v3.46\pic18-lt\cxx-framework\src\traditional\math\fxd0808u.c
      HIDGetReportHandler   0x0026fe    program     extern C:\git\go\src\github.com\JamesDunne\eminor2\v1\controller\PIC\usbapplet.c
                HIDInitEP   0x002c96    program     extern C:\git\go\src\github.com\JamesDunne\eminor2\v1\controller\PIC\hid.c
              HIDRxReport   0x002d34    program     extern C:\git\go\src\github.com\JamesDunne\eminor2\v1\controller\PIC\hid.c
      HIDSetReportHandler   0x0026f4    program     extern C:\git\go\src\github.com\JamesDunne\eminor2\v1\controller\PIC\usbapplet.c
              HIDTxReport   0x002cc0    program     extern C:\git\go\src\github.com\JamesDunne\eminor2\v1\controller\PIC\hid.c
              HandleDigit   0x00246e    program     extern C:\git\go\src\github.com\JamesDunne\eminor2\v1\controller\PIC\leds.c
     InterruptHandlerHigh   0x0030a6    program     extern C:\git\go\src\github.com\JamesDunne\eminor2\v1\controller\PIC\intslct.c
      InterruptVectorHigh   0x000a08    program     extern C:\git\go\src\github.com\JamesDunne\eminor2\v1\controller\PIC\intslct.c
          LettersSegTable   0x003368    program     extern C:\git\go\src\github.com\JamesDunne\eminor2\v1\controller\PIC\leds.c
        MIDI_COMM_ROUTINE   0x003150    program     extern C:\git\go\src\github.com\JamesDunne\eminor2\v1\controller\PIC\MidiComm.c
             MIDI_ENQUEUE   0x0031b6    program     extern C:\git\go\src\github.com\JamesDunne\eminor2\v1\controller\PIC\MidiComm.c
                MfrString   0x002dec    program     extern C:\git\go\src\github.com\JamesDunne\eminor2\v1\controller\PIC\usbdescript.c
          NumbersSegTable   0x00335e    program     extern C:\git\go\src\github.com\JamesDunne\eminor2\v1\controller\PIC\leds.c
     PROCESS_COMM_REQUEST   0x00294a    program     extern C:\git\go\src\github.com\JamesDunne\eminor2\v1\controller\PIC\rs232.c
                PrdString   0x002e04    program     extern C:\git\go\src\github.com\JamesDunne\eminor2\v1\controller\PIC\usbdescript.c
             Process7Segs   0x002408    program     extern C:\git\go\src\github.com\JamesDunne\eminor2\v1\controller\PIC\leds.c
ProcessGenericTransferRead   0x00271c    program     extern C:\git\go\src\github.com\JamesDunne\eminor2\v1\controller\PIC\usbapplet.c
ProcessGenericTransferWrite   0x002888    program     extern C:\git\go\src\github.com\JamesDunne\eminor2\v1\controller\PIC\usbapplet.c
                 RAMCLEAR   0x003392    program     static                          
                RAMCLEAR1   0x003334    program     static C:\git\go\src\github.com\JamesDunne\eminor2\v1\controller\PIC\config.asm
     RESET_MIDI_TX_BUFFER   0x0031e2    program     extern C:\git\go\src\github.com\JamesDunne\eminor2\v1\controller\PIC\MidiComm.c
             ROM_SAVEDATA   0x004000    program     extern C:\git\go\src\github.com\JamesDunne\eminor2\v1\controller\PIC\tables.c
              ReadButtons   0x001ff6    program     extern C:\git\go\src\github.com\JamesDunne\eminor2\v1\controller\PIC\hwcalls.c
                   ReadEE   0x00305e    program     extern C:\git\go\src\github.com\JamesDunne\eminor2\v1\controller\PIC\writeprogmem.c
           RealInitVector   0x000000    program     extern C:\git\go\src\github.com\JamesDunne\eminor2\v1\controller\PIC\vectors.c
  RealInterruptVectorHigh   0x000008    program     extern C:\git\go\src\github.com\JamesDunne\eminor2\v1\controller\PIC\vectors.c
           Scroll7SegDisp   0x0026f2    program     extern C:\git\go\src\github.com\JamesDunne\eminor2\v1\controller\PIC\leds.c
       SendDataToShiftReg   0x001fa6    program     extern C:\git\go\src\github.com\JamesDunne\eminor2\v1\controller\PIC\hwcalls.c
                SerialNum   0x002e30    program     extern C:\git\go\src\github.com\JamesDunne\eminor2\v1\controller\PIC\usbdescript.c
               ServiceUSB   0x000ac8    program     extern C:\git\go\src\github.com\JamesDunne\eminor2\v1\controller\PIC\main.c
            SetDipAddress   0x002092    program     extern C:\git\go\src\github.com\JamesDunne\eminor2\v1\controller\PIC\hwcalls.c
             SetDispAscii   0x002514    program     extern C:\git\go\src\github.com\JamesDunne\eminor2\v1\controller\PIC\leds.c
               StartWrite   0x002fdc    program     extern C:\git\go\src\github.com\JamesDunne\eminor2\v1\controller\PIC\writeprogmem.c
        SystemTimeRoutine   0x0032b2    program     extern C:\git\go\src\github.com\JamesDunne\eminor2\v1\controller\PIC\systick.c
                    TXENQ   0x002b6c    program     extern C:\git\go\src\github.com\JamesDunne\eminor2\v1\controller\PIC\rs232.c
        USBCheckBusStatus   0x001df6    program     extern C:\git\go\src\github.com\JamesDunne\eminor2\v1\controller\PIC\usb.c
       USBCheckHIDRequest   0x002b98    program     extern C:\git\go\src\github.com\JamesDunne\eminor2\v1\controller\PIC\hid.c
       USBCheckStdRequest   0x00183e    program     extern C:\git\go\src\github.com\JamesDunne\eminor2\v1\controller\PIC\usb.c
         USBCtrlEPService   0x001b20    program     extern C:\git\go\src\github.com\JamesDunne\eminor2\v1\controller\PIC\usb.c
 USBCtrlEPServiceComplete   0x001d58    program     extern C:\git\go\src\github.com\JamesDunne\eminor2\v1\controller\PIC\usb.c
      USBCtrlTrfInHandler   0x001bca    program     extern C:\git\go\src\github.com\JamesDunne\eminor2\v1\controller\PIC\usb.c
     USBCtrlTrfOutHandler   0x001bac    program     extern C:\git\go\src\github.com\JamesDunne\eminor2\v1\controller\PIC\usb.c
      USBCtrlTrfRxService   0x001cde    program     extern C:\git\go\src\github.com\JamesDunne\eminor2\v1\controller\PIC\usb.c
   USBCtrlTrfSetupHandler   0x001b44    program     extern C:\git\go\src\github.com\JamesDunne\eminor2\v1\controller\PIC\usb.c
      USBCtrlTrfTxService   0x001c0a    program     extern C:\git\go\src\github.com\JamesDunne\eminor2\v1\controller\PIC\usb.c
         USBDriverService   0x001e2e    program     extern C:\git\go\src\github.com\JamesDunne\eminor2\v1\controller\PIC\usb.c
          USBErrorHandler   0x001ef0    program     extern C:\git\go\src\github.com\JamesDunne\eminor2\v1\controller\PIC\usb.c
         USBModuleDisable   0x001e20    program     extern C:\git\go\src\github.com\JamesDunne\eminor2\v1\controller\PIC\usb.c
          USBModuleEnable   0x001e12    program     extern C:\git\go\src\github.com\JamesDunne\eminor2\v1\controller\PIC\usb.c
USBPrepareForNextSetupTrf   0x001ddc    program     extern C:\git\go\src\github.com\JamesDunne\eminor2\v1\controller\PIC\usb.c
  USBProtocolResetHandler   0x001ef4    program     extern C:\git\go\src\github.com\JamesDunne\eminor2\v1\controller\PIC\usb.c
          USBRemoteWakeup   0x001ebc    program     extern C:\git\go\src\github.com\JamesDunne\eminor2\v1\controller\PIC\usb.c
            USBSoftDetach   0x001e2a    program     extern C:\git\go\src\github.com\JamesDunne\eminor2\v1\controller\PIC\usb.c
          USBStallHandler   0x001ee4    program     extern C:\git\go\src\github.com\JamesDunne\eminor2\v1\controller\PIC\usb.c
  USBStdFeatureReqHandler   0x001a7e    program     extern C:\git\go\src\github.com\JamesDunne\eminor2\v1\controller\PIC\usb.c
      USBStdGetDscHandler   0x0018ec    program     extern C:\git\go\src\github.com\JamesDunne\eminor2\v1\controller\PIC\usb.c
   USBStdGetStatusHandler   0x0019f0    program     extern C:\git\go\src\github.com\JamesDunne\eminor2\v1\controller\PIC\usb.c
      USBStdSetCfgHandler   0x0019a6    program     extern C:\git\go\src\github.com\JamesDunne\eminor2\v1\controller\PIC\usb.c
               USBSuspend   0x001eaa    program     extern C:\git\go\src\github.com\JamesDunne\eminor2\v1\controller\PIC\usb.c
       USBWakeFromSuspend   0x001eb4    program     extern C:\git\go\src\github.com\JamesDunne\eminor2\v1\controller\PIC\usb.c
               USB_CD_Ptr   0x002ece    program     extern C:\git\go\src\github.com\JamesDunne\eminor2\v1\controller\PIC\usbdescript.c
               USB_SD_Ptr   0x002ed2    program     extern C:\git\go\src\github.com\JamesDunne\eminor2\v1\controller\PIC\usbdescript.c
          USB_SOF_Handler   0x001ee0    program     extern C:\git\go\src\github.com\JamesDunne\eminor2\v1\controller\PIC\usb.c
               UpdateLeds   0x00210a    program     extern C:\git\go\src\github.com\JamesDunne\eminor2\v1\controller\PIC\hwcalls.c
                  WriteEE   0x00307a    program     extern C:\git\go\src\github.com\JamesDunne\eminor2\v1\controller\PIC\writeprogmem.c
             WriteProgMem   0x002fe8    program     extern C:\git\go\src\github.com\JamesDunne\eminor2\v1\controller\PIC\writeprogmem.c
           ___do_lbl00002   0x0032a2    program     static                          
           ___do_lbl00003   0x0032a6    program     static                          
           ___do_lbl00004   0x0032a0    program     static                          
          ___for_lbl00001   0x000ab2    program     static                          
          ___for_lbl00002   0x000ab4    program     static                          
          ___for_lbl00011   0x000a44    program     static                          
           ___if_lbl00003   0x000a5c    program     static                          
           ___if_lbl00004   0x000a6e    program     static                          
           ___if_lbl00005   0x000a78    program     static                          
           ___if_lbl00006   0x000a84    program     static                          
           ___if_lbl00007   0x000a90    program     static                          
           ___if_lbl00008   0x000a9a    program     static                          
           ___if_lbl00009   0x000aa4    program     static                          
           ___if_lbl00010   0x000aae    program     static                          
       ___return_lbl00000   0x0033be    program     static                          
       ___return_lbl00000   0x000004    program     static                          
       ___return_lbl00000   0x000ab4    program     static                          
       ___return_lbl00000   0x000a04    program     static                          
       ___return_lbl00000   0x000a0c    program     static                          
       ___return_lbl00001   0x00000c    program     static                          
       ___return_lbl00001   0x0033a2    program     static                          
       ___return_lbl00001   0x0032aa    program     static                          
       ___return_lbl00132   0x001f54    program     static                          
        ___while_lbl00133   0x001f46    program     static                          
        ___while_lbl00134   0x001f54    program     static                          
            __zero_memory   0x00333e    program     extern E:\c18v3.46\pic18-lt\cxx-framework\src\traditional\proc\p18f4455.asm
                   _entry   0x000a00    program     extern C:\git\go\src\github.com\JamesDunne\eminor2\v1\controller\PIC\startup.c
                 _startup   0x003382    program     extern C:\git\go\src\github.com\JamesDunne\eminor2\v1\controller\PIC\startup.c
                 activate   0x000fdc    program     static C:\git\go\src\github.com\JamesDunne\eminor2\v1\controller\common\controller-simple.c
              button_held   0x000c9c    program     static C:\git\go\src\github.com\JamesDunne\eminor2\v1\controller\common\controller-simple.c
           button_pressed   0x000c0c    program     static C:\git\go\src\github.com\JamesDunne\eminor2\v1\controller\common\controller-simple.c
          button_released   0x000cf8    program     static C:\git\go\src\github.com\JamesDunne\eminor2\v1\controller\common\controller-simple.c
                    cfg01   0x002dc6    program     extern C:\git\go\src\github.com\JamesDunne\eminor2\v1\controller\PIC\usbdescript.c
                compare_l   0x003354    program     static E:\c18v3.46\pic18-lt\cxx-framework\src\traditional\proc\p18f4455.asm
        control_toggleidx   0x0011c4    program     static C:\git\go\src\github.com\JamesDunne\eminor2\v1\controller\common\controller-simple.c
  controller_10msec_timer   0x001356    program     extern C:\git\go\src\github.com\JamesDunne\eminor2\v1\controller\common\controller-simple.c
        controller_handle   0x00143c    program     extern C:\git\go\src\github.com\JamesDunne\eminor2\v1\controller\common\controller-simple.c
          controller_init   0x001314    program     extern C:\git\go\src\github.com\JamesDunne\eminor2\v1\controller\common\controller-simple.c
               device_dsc   0x002db4    program     extern C:\git\go\src\github.com\JamesDunne\eminor2\v1\controller\PIC\usbdescript.c
             disable_mute   0x000fae    program     static C:\git\go\src\github.com\JamesDunne\eminor2\v1\controller\common\controller-simple.c
                  endloop   0x0033ba    program     static                          
                expr_poll   0x00219c    program     extern C:\git\go\src\github.com\JamesDunne\eminor2\v1\controller\PIC\hwcalls.c
               flash_load   0x0021a2    program     extern C:\git\go\src\github.com\JamesDunne\eminor2\v1\controller\PIC\hwcalls.c
              flash_store   0x00223c    program     extern C:\git\go\src\github.com\JamesDunne\eminor2\v1\controller\PIC\hwcalls.c
          fsw_led_disable   0x002168    program     extern C:\git\go\src\github.com\JamesDunne\eminor2\v1\controller\PIC\hwcalls.c
           fsw_led_enable   0x002140    program     extern C:\git\go\src\github.com\JamesDunne\eminor2\v1\controller\PIC\hwcalls.c
       fsw_led_set_active   0x002114    program     extern C:\git\go\src\github.com\JamesDunne\eminor2\v1\controller\PIC\hwcalls.c
                 fsw_poll   0x0020b6    program     extern C:\git\go\src\github.com\JamesDunne\eminor2\v1\controller\PIC\hwcalls.c
              gmaj_cc_set   0x000d88    program     static C:\git\go\src\github.com\JamesDunne\eminor2\v1\controller\common\controller-simple.c
           gmaj_cc_toggle   0x001286    program     static C:\git\go\src\github.com\JamesDunne\eminor2\v1\controller\common\controller-simple.c
              hid_rpt_UPS   0x002e52    program     extern C:\git\go\src\github.com\JamesDunne\eminor2\v1\controller\PIC\usbdescript.c
                     init   0x0031ec    program     extern C:\git\go\src\github.com\JamesDunne\eminor2\v1\controller\PIC\init.c
         leds_show_1digit   0x00261a    program     extern C:\git\go\src\github.com\JamesDunne\eminor2\v1\controller\PIC\leds.c
        leds_show_4alphas   0x002592    program     extern C:\git\go\src\github.com\JamesDunne\eminor2\v1\controller\PIC\leds.c
                     loop   0x0033ac    program     static                          
                     loop   0x00339c    program     static                          
                   loop_h   0x00334c    program     static E:\c18v3.46\pic18-lt\cxx-framework\src\traditional\proc\p18f4455.asm
                   loop_l   0x003356    program     static E:\c18v3.46\pic18-lt\cxx-framework\src\traditional\proc\p18f4455.asm
                     main   0x000a2a    program     extern C:\git\go\src\github.com\JamesDunne\eminor2\v1\controller\PIC\main.c
           midi_send_byte   0x001f8a    program     extern C:\git\go\src\github.com\JamesDunne\eminor2\v1\controller\PIC\hwcalls.c
           midi_send_cmd1   0x00238c    program     extern C:\git\go\src\github.com\JamesDunne\eminor2\v1\controller\PIC\hwcalls.c
           midi_send_cmd2   0x0023c4    program     extern C:\git\go\src\github.com\JamesDunne\eminor2\v1\controller\PIC\hwcalls.c
     prepare_emin_program   0x001122    program     static C:\git\go\src\github.com\JamesDunne\eminor2\v1\controller\common\controller-simple.c
            ralign_itoa10   0x000ae4    program     static C:\git\go\src\github.com\JamesDunne\eminor2\v1\controller\common\controller-simple.c
             reset_timer4   0x0012e2    program     static C:\git\go\src\github.com\JamesDunne\eminor2\v1\controller\common\controller-simple.c
                    sd000   0x002de8    program     extern C:\git\go\src\github.com\JamesDunne\eminor2\v1\controller\PIC\usbdescript.c
          set_rjm_channel   0x000fc6    program     static C:\git\go\src\github.com\JamesDunne\eminor2\v1\controller\common\controller-simple.c
          set_toggle_leds   0x000db6    program     static C:\git\go\src\github.com\JamesDunne\eminor2\v1\controller\common\controller-simple.c
             show_program   0x000b82    program     static C:\git\go\src\github.com\JamesDunne\eminor2\v1\controller\common\controller-simple.c
              slider_poll   0x002196    program     extern C:\git\go\src\github.com\JamesDunne\eminor2\v1\controller\PIC\hwcalls.c
      store_program_state   0x0010de    program     static C:\git\go\src\github.com\JamesDunne\eminor2\v1\controller\common\controller-simple.c
update_effects_MIDI_state   0x000ec8    program     static C:\git\go\src\github.com\JamesDunne\eminor2\v1\controller\common\controller-simple.c
               zero_block   0x00334c    program     static E:\c18v3.46\pic18-lt\cxx-framework\src\traditional\proc\p18f4455.asm
                   ADCON0   0x000fc2       data     extern E:\c18v3.46\pic18-lt\cxx-framework\src\traditional\proc\p18f4455.asm
               ADCON0bits   0x000fc2       data     extern E:\c18v3.46\pic18-lt\cxx-framework\src\traditional\proc\p18f4455.asm
                   ADCON1   0x000fc1       data     extern E:\c18v3.46\pic18-lt\cxx-framework\src\traditional\proc\p18f4455.asm
               ADCON1bits   0x000fc1       data     extern E:\c18v3.46\pic18-lt\cxx-framework\src\traditional\proc\p18f4455.asm
                   ADCON2   0x000fc0       data     extern E:\c18v3.46\pic18-lt\cxx-framework\src\traditional\proc\p18f4455.asm
               ADCON2bits   0x000fc0       data     extern E:\c18v3.46\pic18-lt\cxx-framework\src\traditional\proc\p18f4455.asm
                    ADRES   0x000fc3       data     extern E:\c18v3.46\pic18-lt\cxx-framework\src\traditional\proc\p18f4455.asm
                   ADRESH   0x000fc4       data     extern E:\c18v3.46\pic18-lt\cxx-framework\src\traditional\proc\p18f4455.asm
                   ADRESL   0x000fc3       data     extern E:\c18v3.46\pic18-lt\cxx-framework\src\traditional\proc\p18f4455.asm
                ArbFlags1   0x000019       data     extern C:\git\go\src\github.com\JamesDunne\eminor2\v1\controller\PIC\ram_def.c
                ArbFlags2   0x00001a       data     extern C:\git\go\src\github.com\JamesDunne\eminor2\v1\controller\PIC\ram_def.c
                  BAUDCON   0x000fb8       data     extern E:\c18v3.46\pic18-lt\cxx-framework\src\traditional\proc\p18f4455.asm
              BAUDCONbits   0x000fb8       data     extern E:\c18v3.46\pic18-lt\cxx-framework\src\traditional\proc\p18f4455.asm
                  BAUDCTL   0x000fb8       data     extern E:\c18v3.46\pic18-lt\cxx-framework\src\traditional\proc\p18f4455.asm
              BAUDCTLbits   0x000fb8       data     extern E:\c18v3.46\pic18-lt\cxx-framework\src\traditional\proc\p18f4455.asm
                      BSR   0x000fe0       data     extern E:\c18v3.46\pic18-lt\cxx-framework\src\traditional\proc\p18f4455.asm
              ButtonState   0x00014f       data     extern C:\git\go\src\github.com\JamesDunne\eminor2\v1\controller\PIC\ram_def.c
                   CCP1AS   0x000fb6       data     extern E:\c18v3.46\pic18-lt\cxx-framework\src\traditional\proc\p18f4455.asm
               CCP1ASbits   0x000fb6       data     extern E:\c18v3.46\pic18-lt\cxx-framework\src\traditional\proc\p18f4455.asm
                  CCP1CON   0x000fbd       data     extern E:\c18v3.46\pic18-lt\cxx-framework\src\traditional\proc\p18f4455.asm
              CCP1CONbits   0x000fbd       data     extern E:\c18v3.46\pic18-lt\cxx-framework\src\traditional\proc\p18f4455.asm
                  CCP1DEL   0x000fb7       data     extern E:\c18v3.46\pic18-lt\cxx-framework\src\traditional\proc\p18f4455.asm
              CCP1DELbits   0x000fb7       data     extern E:\c18v3.46\pic18-lt\cxx-framework\src\traditional\proc\p18f4455.asm
                  CCP2CON   0x000fba       data     extern E:\c18v3.46\pic18-lt\cxx-framework\src\traditional\proc\p18f4455.asm
              CCP2CONbits   0x000fba       data     extern E:\c18v3.46\pic18-lt\cxx-framework\src\traditional\proc\p18f4455.asm
                    CCPR1   0x000fbe       data     extern E:\c18v3.46\pic18-lt\cxx-framework\src\traditional\proc\p18f4455.asm
                   CCPR1H   0x000fbf       data     extern E:\c18v3.46\pic18-lt\cxx-framework\src\traditional\proc\p18f4455.asm
                   CCPR1L   0x000fbe       data     extern E:\c18v3.46\pic18-lt\cxx-framework\src\traditional\proc\p18f4455.asm
                    CCPR2   0x000fbb       data     extern E:\c18v3.46\pic18-lt\cxx-framework\src\traditional\proc\p18f4455.asm
                   CCPR2H   0x000fbc       data     extern E:\c18v3.46\pic18-lt\cxx-framework\src\traditional\proc\p18f4455.asm
                   CCPR2L   0x000fbb       data     extern E:\c18v3.46\pic18-lt\cxx-framework\src\traditional\proc\p18f4455.asm
                    CMCON   0x000fb4       data     extern E:\c18v3.46\pic18-lt\cxx-framework\src\traditional\proc\p18f4455.asm
                CMCONbits   0x000fb4       data     extern E:\c18v3.46\pic18-lt\cxx-framework\src\traditional\proc\p18f4455.asm
                   CVRCON   0x000fb5       data     extern E:\c18v3.46\pic18-lt\cxx-framework\src\traditional\proc\p18f4455.asm
               CVRCONbits   0x000fb5       data     extern E:\c18v3.46\pic18-lt\cxx-framework\src\traditional\proc\p18f4455.asm
               ComPointer   0x000156       data     extern C:\git\go\src\github.com\JamesDunne\eminor2\v1\controller\PIC\ram_def.c
               CommFlags1   0x000018       data     extern C:\git\go\src\github.com\JamesDunne\eminor2\v1\controller\PIC\ram_def.c
              CtrlTrfData   0x000450       data     extern C:\git\go\src\github.com\JamesDunne\eminor2\v1\controller\PIC\usb.c
                     DDRA   0x000f92       data     extern E:\c18v3.46\pic18-lt\cxx-framework\src\traditional\proc\p18f4455.asm
                 DDRAbits   0x000f92       data     extern E:\c18v3.46\pic18-lt\cxx-framework\src\traditional\proc\p18f4455.asm
                     DDRB   0x000f93       data     extern E:\c18v3.46\pic18-lt\cxx-framework\src\traditional\proc\p18f4455.asm
                 DDRBbits   0x000f93       data     extern E:\c18v3.46\pic18-lt\cxx-framework\src\traditional\proc\p18f4455.asm
                     DDRC   0x000f94       data     extern E:\c18v3.46\pic18-lt\cxx-framework\src\traditional\proc\p18f4455.asm
                 DDRCbits   0x000f94       data     extern E:\c18v3.46\pic18-lt\cxx-framework\src\traditional\proc\p18f4455.asm
                     DDRD   0x000f95       data     extern E:\c18v3.46\pic18-lt\cxx-framework\src\traditional\proc\p18f4455.asm
                 DDRDbits   0x000f95       data     extern E:\c18v3.46\pic18-lt\cxx-framework\src\traditional\proc\p18f4455.asm
                     DDRE   0x000f96       data     extern E:\c18v3.46\pic18-lt\cxx-framework\src\traditional\proc\p18f4455.asm
                 DDREbits   0x000f96       data     extern E:\c18v3.46\pic18-lt\cxx-framework\src\traditional\proc\p18f4455.asm
         DispNumOfCommons   0x00014d       data     extern C:\git\go\src\github.com\JamesDunne\eminor2\v1\controller\PIC\ram_def.c
              DispSegData   0x000100       data     extern C:\git\go\src\github.com\JamesDunne\eminor2\v1\controller\PIC\ram_def.c
                  ECCP1AS   0x000fb6       data     extern E:\c18v3.46\pic18-lt\cxx-framework\src\traditional\proc\p18f4455.asm
              ECCP1ASbits   0x000fb6       data     extern E:\c18v3.46\pic18-lt\cxx-framework\src\traditional\proc\p18f4455.asm
                 ECCP1CON   0x000fbd       data     extern E:\c18v3.46\pic18-lt\cxx-framework\src\traditional\proc\p18f4455.asm
             ECCP1CONbits   0x000fbd       data     extern E:\c18v3.46\pic18-lt\cxx-framework\src\traditional\proc\p18f4455.asm
                 ECCP1DEL   0x000fb7       data     extern E:\c18v3.46\pic18-lt\cxx-framework\src\traditional\proc\p18f4455.asm
             ECCP1DELbits   0x000fb7       data     extern E:\c18v3.46\pic18-lt\cxx-framework\src\traditional\proc\p18f4455.asm
                    EEADR   0x000fa9       data     extern E:\c18v3.46\pic18-lt\cxx-framework\src\traditional\proc\p18f4455.asm
                   EECON1   0x000fa6       data     extern E:\c18v3.46\pic18-lt\cxx-framework\src\traditional\proc\p18f4455.asm
               EECON1bits   0x000fa6       data     extern E:\c18v3.46\pic18-lt\cxx-framework\src\traditional\proc\p18f4455.asm
                   EECON2   0x000fa7       data     extern E:\c18v3.46\pic18-lt\cxx-framework\src\traditional\proc\p18f4455.asm
                   EEDATA   0x000fa8       data     extern E:\c18v3.46\pic18-lt\cxx-framework\src\traditional\proc\p18f4455.asm
              ExpPedalAvg   0x000157       data     extern C:\git\go\src\github.com\JamesDunne\eminor2\v1\controller\PIC\ram_def.c
             ExpPedalInst   0x000150       data     extern C:\git\go\src\github.com\JamesDunne\eminor2\v1\controller\PIC\ram_def.c
                     FSR0   0x000fe9       data     extern E:\c18v3.46\pic18-lt\cxx-framework\src\traditional\proc\p18f4455.asm
                    FSR0H   0x000fea       data     extern E:\c18v3.46\pic18-lt\cxx-framework\src\traditional\proc\p18f4455.asm
                    FSR0L   0x000fe9       data     extern E:\c18v3.46\pic18-lt\cxx-framework\src\traditional\proc\p18f4455.asm
                     FSR1   0x000fe1       data     extern E:\c18v3.46\pic18-lt\cxx-framework\src\traditional\proc\p18f4455.asm
                    FSR1H   0x000fe2       data     extern E:\c18v3.46\pic18-lt\cxx-framework\src\traditional\proc\p18f4455.asm
                    FSR1L   0x000fe1       data     extern E:\c18v3.46\pic18-lt\cxx-framework\src\traditional\proc\p18f4455.asm
                     FSR2   0x000fd9       data     extern E:\c18v3.46\pic18-lt\cxx-framework\src\traditional\proc\p18f4455.asm
                    FSR2H   0x000fda       data     extern E:\c18v3.46\pic18-lt\cxx-framework\src\traditional\proc\p18f4455.asm
                    FSR2L   0x000fd9       data     extern E:\c18v3.46\pic18-lt\cxx-framework\src\traditional\proc\p18f4455.asm
                  HLVDCON   0x000fd2       data     extern E:\c18v3.46\pic18-lt\cxx-framework\src\traditional\proc\p18f4455.asm
              HLVDCONbits   0x000fd2       data     extern E:\c18v3.46\pic18-lt\cxx-framework\src\traditional\proc\p18f4455.asm
                    INDF0   0x000fef       data     extern E:\c18v3.46\pic18-lt\cxx-framework\src\traditional\proc\p18f4455.asm
                    INDF1   0x000fe7       data     extern E:\c18v3.46\pic18-lt\cxx-framework\src\traditional\proc\p18f4455.asm
                    INDF2   0x000fdf       data     extern E:\c18v3.46\pic18-lt\cxx-framework\src\traditional\proc\p18f4455.asm
                   INTCON   0x000ff2       data     extern E:\c18v3.46\pic18-lt\cxx-framework\src\traditional\proc\p18f4455.asm
                  INTCON2   0x000ff1       data     extern E:\c18v3.46\pic18-lt\cxx-framework\src\traditional\proc\p18f4455.asm
              INTCON2bits   0x000ff1       data     extern E:\c18v3.46\pic18-lt\cxx-framework\src\traditional\proc\p18f4455.asm
                  INTCON3   0x000ff0       data     extern E:\c18v3.46\pic18-lt\cxx-framework\src\traditional\proc\p18f4455.asm
              INTCON3bits   0x000ff0       data     extern E:\c18v3.46\pic18-lt\cxx-framework\src\traditional\proc\p18f4455.asm
               INTCONbits   0x000ff2       data     extern E:\c18v3.46\pic18-lt\cxx-framework\src\traditional\proc\p18f4455.asm
                     IPR1   0x000f9f       data     extern E:\c18v3.46\pic18-lt\cxx-framework\src\traditional\proc\p18f4455.asm
                 IPR1bits   0x000f9f       data     extern E:\c18v3.46\pic18-lt\cxx-framework\src\traditional\proc\p18f4455.asm
                     IPR2   0x000fa2       data     extern E:\c18v3.46\pic18-lt\cxx-framework\src\traditional\proc\p18f4455.asm
                 IPR2bits   0x000fa2       data     extern E:\c18v3.46\pic18-lt\cxx-framework\src\traditional\proc\p18f4455.asm
                     LATA   0x000f89       data     extern E:\c18v3.46\pic18-lt\cxx-framework\src\traditional\proc\p18f4455.asm
                 LATAbits   0x000f89       data     extern E:\c18v3.46\pic18-lt\cxx-framework\src\traditional\proc\p18f4455.asm
                     LATB   0x000f8a       data     extern E:\c18v3.46\pic18-lt\cxx-framework\src\traditional\proc\p18f4455.asm
                 LATBbits   0x000f8a       data     extern E:\c18v3.46\pic18-lt\cxx-framework\src\traditional\proc\p18f4455.asm
                     LATC   0x000f8b       data     extern E:\c18v3.46\pic18-lt\cxx-framework\src\traditional\proc\p18f4455.asm
                 LATCbits   0x000f8b       data     extern E:\c18v3.46\pic18-lt\cxx-framework\src\traditional\proc\p18f4455.asm
                     LATD   0x000f8c       data     extern E:\c18v3.46\pic18-lt\cxx-framework\src\traditional\proc\p18f4455.asm
                 LATDbits   0x000f8c       data     extern E:\c18v3.46\pic18-lt\cxx-framework\src\traditional\proc\p18f4455.asm
                     LATE   0x000f8d       data     extern E:\c18v3.46\pic18-lt\cxx-framework\src\traditional\proc\p18f4455.asm
                 LATEbits   0x000f8d       data     extern E:\c18v3.46\pic18-lt\cxx-framework\src\traditional\proc\p18f4455.asm
                   LVDCON   0x000fd2       data     extern E:\c18v3.46\pic18-lt\cxx-framework\src\traditional\proc\p18f4455.asm
               LVDCONbits   0x000fd2       data     extern E:\c18v3.46\pic18-lt\cxx-framework\src\traditional\proc\p18f4455.asm
                LedStates   0x00014e       data     extern C:\git\go\src\github.com\JamesDunne\eminor2\v1\controller\PIC\ram_def.c
               MiscFlags1   0x00001b       data     extern C:\git\go\src\github.com\JamesDunne\eminor2\v1\controller\PIC\ram_def.c
              NVRCommAddr   0x000147       data     extern C:\git\go\src\github.com\JamesDunne\eminor2\v1\controller\PIC\ram_def.c
                   OSCCON   0x000fd3       data     extern E:\c18v3.46\pic18-lt\cxx-framework\src\traditional\proc\p18f4455.asm
               OSCCONbits   0x000fd3       data     extern E:\c18v3.46\pic18-lt\cxx-framework\src\traditional\proc\p18f4455.asm
                  OSCTUNE   0x000f9b       data     extern E:\c18v3.46\pic18-lt\cxx-framework\src\traditional\proc\p18f4455.asm
              OSCTUNEbits   0x000f9b       data     extern E:\c18v3.46\pic18-lt\cxx-framework\src\traditional\proc\p18f4455.asm
                       PC   0x000ff9       data     extern E:\c18v3.46\pic18-lt\cxx-framework\src\traditional\proc\p18f4455.asm
                      PCL   0x000ff9       data     extern E:\c18v3.46\pic18-lt\cxx-framework\src\traditional\proc\p18f4455.asm
                   PCLATH   0x000ffa       data     extern E:\c18v3.46\pic18-lt\cxx-framework\src\traditional\proc\p18f4455.asm
                   PCLATU   0x000ffb       data     extern E:\c18v3.46\pic18-lt\cxx-framework\src\traditional\proc\p18f4455.asm
                     PIE1   0x000f9d       data     extern E:\c18v3.46\pic18-lt\cxx-framework\src\traditional\proc\p18f4455.asm
                 PIE1bits   0x000f9d       data     extern E:\c18v3.46\pic18-lt\cxx-framework\src\traditional\proc\p18f4455.asm
                     PIE2   0x000fa0       data     extern E:\c18v3.46\pic18-lt\cxx-framework\src\traditional\proc\p18f4455.asm
                 PIE2bits   0x000fa0       data     extern E:\c18v3.46\pic18-lt\cxx-framework\src\traditional\proc\p18f4455.asm
                     PIR1   0x000f9e       data     extern E:\c18v3.46\pic18-lt\cxx-framework\src\traditional\proc\p18f4455.asm
                 PIR1bits   0x000f9e       data     extern E:\c18v3.46\pic18-lt\cxx-framework\src\traditional\proc\p18f4455.asm
                     PIR2   0x000fa1       data     extern E:\c18v3.46\pic18-lt\cxx-framework\src\traditional\proc\p18f4455.asm
                 PIR2bits   0x000fa1       data     extern E:\c18v3.46\pic18-lt\cxx-framework\src\traditional\proc\p18f4455.asm
                   PLUSW0   0x000feb       data     extern E:\c18v3.46\pic18-lt\cxx-framework\src\traditional\proc\p18f4455.asm
                   PLUSW1   0x000fe3       data     extern E:\c18v3.46\pic18-lt\cxx-framework\src\traditional\proc\p18f4455.asm
                   PLUSW2   0x000fdb       data     extern E:\c18v3.46\pic18-lt\cxx-framework\src\traditional\proc\p18f4455.asm
                    PORTA   0x000f80       data     extern E:\c18v3.46\pic18-lt\cxx-framework\src\traditional\proc\p18f4455.asm
                PORTAbits   0x000f80       data     extern E:\c18v3.46\pic18-lt\cxx-framework\src\traditional\proc\p18f4455.asm
                    PORTB   0x000f81       data     extern E:\c18v3.46\pic18-lt\cxx-framework\src\traditional\proc\p18f4455.asm
                PORTBbits   0x000f81       data     extern E:\c18v3.46\pic18-lt\cxx-framework\src\traditional\proc\p18f4455.asm
                    PORTC   0x000f82       data     extern E:\c18v3.46\pic18-lt\cxx-framework\src\traditional\proc\p18f4455.asm
                PORTCbits   0x000f82       data     extern E:\c18v3.46\pic18-lt\cxx-framework\src\traditional\proc\p18f4455.asm
                    PORTD   0x000f83       data     extern E:\c18v3.46\pic18-lt\cxx-framework\src\traditional\proc\p18f4455.asm
                PORTDbits   0x000f83       data     extern E:\c18v3.46\pic18-lt\cxx-framework\src\traditional\proc\p18f4455.asm
                    PORTE   0x000f84       data     extern E:\c18v3.46\pic18-lt\cxx-framework\src\traditional\proc\p18f4455.asm
                PORTEbits   0x000f84       data     extern E:\c18v3.46\pic18-lt\cxx-framework\src\traditional\proc\p18f4455.asm
                 POSTDEC0   0x000fed       data     extern E:\c18v3.46\pic18-lt\cxx-framework\src\traditional\proc\p18f4455.asm
                 POSTDEC1   0x000fe5       data     extern E:\c18v3.46\pic18-lt\cxx-framework\src\traditional\proc\p18f4455.asm
                 POSTDEC2   0x000fdd       data     extern E:\c18v3.46\pic18-lt\cxx-framework\src\traditional\proc\p18f4455.asm
                 POSTINC0   0x000fee       data     extern E:\c18v3.46\pic18-lt\cxx-framework\src\traditional\proc\p18f4455.asm
                 POSTINC1   0x000fe6       data     extern E:\c18v3.46\pic18-lt\cxx-framework\src\traditional\proc\p18f4455.asm
                 POSTINC2   0x000fde       data     extern E:\c18v3.46\pic18-lt\cxx-framework\src\traditional\proc\p18f4455.asm
                      PR2   0x000fcb       data     extern E:\c18v3.46\pic18-lt\cxx-framework\src\traditional\proc\p18f4455.asm
                  PREINC0   0x000fec       data     extern E:\c18v3.46\pic18-lt\cxx-framework\src\traditional\proc\p18f4455.asm
                  PREINC1   0x000fe4       data     extern E:\c18v3.46\pic18-lt\cxx-framework\src\traditional\proc\p18f4455.asm
                  PREINC2   0x000fdc       data     extern E:\c18v3.46\pic18-lt\cxx-framework\src\traditional\proc\p18f4455.asm
                     PROD   0x000ff3       data     extern E:\c18v3.46\pic18-lt\cxx-framework\src\traditional\proc\p18f4455.asm
                    PRODH   0x000ff4       data     extern E:\c18v3.46\pic18-lt\cxx-framework\src\traditional\proc\p18f4455.asm
                    PRODL   0x000ff3       data     extern E:\c18v3.46\pic18-lt\cxx-framework\src\traditional\proc\p18f4455.asm
               PresentCmd   0x0001f3       data     extern C:\git\go\src\github.com\JamesDunne\eminor2\v1\controller\PIC\usbapplet.c
              ProgMemAddr   0x000105       data     extern C:\git\go\src\github.com\JamesDunne\eminor2\v1\controller\PIC\ram_def.c
            ProgmemBuffer   0x000107       data     extern C:\git\go\src\github.com\JamesDunne\eminor2\v1\controller\PIC\ram_def.c
              RAMCommAddr   0x000149       data     extern C:\git\go\src\github.com\JamesDunne\eminor2\v1\controller\PIC\ram_def.c
                     RCON   0x000fd0       data     extern E:\c18v3.46\pic18-lt\cxx-framework\src\traditional\proc\p18f4455.asm
                 RCONbits   0x000fd0       data     extern E:\c18v3.46\pic18-lt\cxx-framework\src\traditional\proc\p18f4455.asm
                    RCREG   0x000fae       data     extern E:\c18v3.46\pic18-lt\cxx-framework\src\traditional\proc\p18f4455.asm
                    RCSTA   0x000fab       data     extern E:\c18v3.46\pic18-lt\cxx-framework\src\traditional\proc\p18f4455.asm
                RCSTAbits   0x000fab       data     extern E:\c18v3.46\pic18-lt\cxx-framework\src\traditional\proc\p18f4455.asm
              ROMCommAddr   0x00014b       data     extern C:\git\go\src\github.com\JamesDunne\eminor2\v1\controller\PIC\ram_def.c
             ResponseType   0x0001c4       data     extern C:\git\go\src\github.com\JamesDunne\eminor2\v1\controller\PIC\ram_def.c
                     SIGN   0x00000e       data     extern E:\c18v3.46\pic18-lt\cxx-framework\src\traditional\math\cmath18.asm
                    SPBRG   0x000faf       data     extern E:\c18v3.46\pic18-lt\cxx-framework\src\traditional\proc\p18f4455.asm
                   SPBRGH   0x000fb0       data     extern E:\c18v3.46\pic18-lt\cxx-framework\src\traditional\proc\p18f4455.asm
                   SPPCFG   0x000f63       data     extern E:\c18v3.46\pic18-lt\cxx-framework\src\traditional\proc\p18f4455.asm
               SPPCFGbits   0x000f63       data     extern E:\c18v3.46\pic18-lt\cxx-framework\src\traditional\proc\p18f4455.asm
                   SPPCON   0x000f65       data     extern E:\c18v3.46\pic18-lt\cxx-framework\src\traditional\proc\p18f4455.asm
               SPPCONbits   0x000f65       data     extern E:\c18v3.46\pic18-lt\cxx-framework\src\traditional\proc\p18f4455.asm
                  SPPDATA   0x000f62       data     extern E:\c18v3.46\pic18-lt\cxx-framework\src\traditional\proc\p18f4455.asm
                   SPPEPS   0x000f64       data     extern E:\c18v3.46\pic18-lt\cxx-framework\src\traditional\proc\p18f4455.asm
               SPPEPSbits   0x000f64       data     extern E:\c18v3.46\pic18-lt\cxx-framework\src\traditional\proc\p18f4455.asm
                   SSPADD   0x000fc8       data     extern E:\c18v3.46\pic18-lt\cxx-framework\src\traditional\proc\p18f4455.asm
                   SSPBUF   0x000fc9       data     extern E:\c18v3.46\pic18-lt\cxx-framework\src\traditional\proc\p18f4455.asm
                  SSPCON1   0x000fc6       data     extern E:\c18v3.46\pic18-lt\cxx-framework\src\traditional\proc\p18f4455.asm
              SSPCON1bits   0x000fc6       data     extern E:\c18v3.46\pic18-lt\cxx-framework\src\traditional\proc\p18f4455.asm
                  SSPCON2   0x000fc5       data     extern E:\c18v3.46\pic18-lt\cxx-framework\src\traditional\proc\p18f4455.asm
              SSPCON2bits   0x000fc5       data     extern E:\c18v3.46\pic18-lt\cxx-framework\src\traditional\proc\p18f4455.asm
                  SSPSTAT   0x000fc7       data     extern E:\c18v3.46\pic18-lt\cxx-framework\src\traditional\proc\p18f4455.asm
              SSPSTATbits   0x000fc7       data     extern E:\c18v3.46\pic18-lt\cxx-framework\src\traditional\proc\p18f4455.asm
                   STATUS   0x000fd8       data     extern E:\c18v3.46\pic18-lt\cxx-framework\src\traditional\proc\p18f4455.asm
               STATUSbits   0x000fd8       data     extern E:\c18v3.46\pic18-lt\cxx-framework\src\traditional\proc\p18f4455.asm
                   STKPTR   0x000ffc       data     extern E:\c18v3.46\pic18-lt\cxx-framework\src\traditional\proc\p18f4455.asm
               STKPTRbits   0x000ffc       data     extern E:\c18v3.46\pic18-lt\cxx-framework\src\traditional\proc\p18f4455.asm
                 SetupPkt   0x000410       data     extern C:\git\go\src\github.com\JamesDunne\eminor2\v1\controller\PIC\usb.c
              SystickCntr   0x000151       data     extern C:\git\go\src\github.com\JamesDunne\eminor2\v1\controller\PIC\ram_def.c
             SystickCntr2   0x000152       data     extern C:\git\go\src\github.com\JamesDunne\eminor2\v1\controller\PIC\ram_def.c
             SystickCntr3   0x000153       data     extern C:\git\go\src\github.com\JamesDunne\eminor2\v1\controller\PIC\ram_def.c
             SystickCntr4   0x000154       data     extern C:\git\go\src\github.com\JamesDunne\eminor2\v1\controller\PIC\ram_def.c
             SystickCntr5   0x000155       data     extern C:\git\go\src\github.com\JamesDunne\eminor2\v1\controller\PIC\ram_def.c
                    T0CON   0x000fd5       data     extern E:\c18v3.46\pic18-lt\cxx-framework\src\traditional\proc\p18f4455.asm
                T0CONbits   0x000fd5       data     extern E:\c18v3.46\pic18-lt\cxx-framework\src\traditional\proc\p18f4455.asm
                    T1CON   0x000fcd       data     extern E:\c18v3.46\pic18-lt\cxx-framework\src\traditional\proc\p18f4455.asm
                T1CONbits   0x000fcd       data     extern E:\c18v3.46\pic18-lt\cxx-framework\src\traditional\proc\p18f4455.asm
                    T2CON   0x000fca       data     extern E:\c18v3.46\pic18-lt\cxx-framework\src\traditional\proc\p18f4455.asm
                T2CONbits   0x000fca       data     extern E:\c18v3.46\pic18-lt\cxx-framework\src\traditional\proc\p18f4455.asm
                    T3CON   0x000fb1       data     extern E:\c18v3.46\pic18-lt\cxx-framework\src\traditional\proc\p18f4455.asm
                T3CONbits   0x000fb1       data     extern E:\c18v3.46\pic18-lt\cxx-framework\src\traditional\proc\p18f4455.asm
                   TABLAT   0x000ff5       data     extern E:\c18v3.46\pic18-lt\cxx-framework\src\traditional\proc\p18f4455.asm
                   TBLPTR   0x000ff6       data     extern E:\c18v3.46\pic18-lt\cxx-framework\src\traditional\proc\p18f4455.asm
                  TBLPTRH   0x000ff7       data     extern E:\c18v3.46\pic18-lt\cxx-framework\src\traditional\proc\p18f4455.asm
                  TBLPTRL   0x000ff6       data     extern E:\c18v3.46\pic18-lt\cxx-framework\src\traditional\proc\p18f4455.asm
                  TBLPTRU   0x000ff8       data     extern E:\c18v3.46\pic18-lt\cxx-framework\src\traditional\proc\p18f4455.asm
                    TMR0H   0x000fd7       data     extern E:\c18v3.46\pic18-lt\cxx-framework\src\traditional\proc\p18f4455.asm
                    TMR0L   0x000fd6       data     extern E:\c18v3.46\pic18-lt\cxx-framework\src\traditional\proc\p18f4455.asm
                    TMR1H   0x000fcf       data     extern E:\c18v3.46\pic18-lt\cxx-framework\src\traditional\proc\p18f4455.asm
                    TMR1L   0x000fce       data     extern E:\c18v3.46\pic18-lt\cxx-framework\src\traditional\proc\p18f4455.asm
                     TMR2   0x000fcc       data     extern E:\c18v3.46\pic18-lt\cxx-framework\src\traditional\proc\p18f4455.asm
                    TMR3H   0x000fb3       data     extern E:\c18v3.46\pic18-lt\cxx-framework\src\traditional\proc\p18f4455.asm
                    TMR3L   0x000fb2       data     extern E:\c18v3.46\pic18-lt\cxx-framework\src\traditional\proc\p18f4455.asm
                      TOS   0x000ffd       data     extern E:\c18v3.46\pic18-lt\cxx-framework\src\traditional\proc\p18f4455.asm
                     TOSH   0x000ffe       data     extern E:\c18v3.46\pic18-lt\cxx-framework\src\traditional\proc\p18f4455.asm
                     TOSL   0x000ffd       data     extern E:\c18v3.46\pic18-lt\cxx-framework\src\traditional\proc\p18f4455.asm
                     TOSU   0x000fff       data     extern E:\c18v3.46\pic18-lt\cxx-framework\src\traditional\proc\p18f4455.asm
                    TRISA   0x000f92       data     extern E:\c18v3.46\pic18-lt\cxx-framework\src\traditional\proc\p18f4455.asm
                TRISAbits   0x000f92       data     extern E:\c18v3.46\pic18-lt\cxx-framework\src\traditional\proc\p18f4455.asm
                    TRISB   0x000f93       data     extern E:\c18v3.46\pic18-lt\cxx-framework\src\traditional\proc\p18f4455.asm
                TRISBbits   0x000f93       data     extern E:\c18v3.46\pic18-lt\cxx-framework\src\traditional\proc\p18f4455.asm
                    TRISC   0x000f94       data     extern E:\c18v3.46\pic18-lt\cxx-framework\src\traditional\proc\p18f4455.asm
                TRISCbits   0x000f94       data     extern E:\c18v3.46\pic18-lt\cxx-framework\src\traditional\proc\p18f4455.asm
                    TRISD   0x000f95       data     extern E:\c18v3.46\pic18-lt\cxx-framework\src\traditional\proc\p18f4455.asm
                TRISDbits   0x000f95       data     extern E:\c18v3.46\pic18-lt\cxx-framework\src\traditional\proc\p18f4455.asm
                    TRISE   0x000f96       data     extern E:\c18v3.46\pic18-lt\cxx-framework\src\traditional\proc\p18f4455.asm
                TRISEbits   0x000f96       data     extern E:\c18v3.46\pic18-lt\cxx-framework\src\traditional\proc\p18f4455.asm
                    TXREG   0x000fad       data     extern E:\c18v3.46\pic18-lt\cxx-framework\src\traditional\proc\p18f4455.asm
                    TXSTA   0x000fac       data     extern E:\c18v3.46\pic18-lt\cxx-framework\src\traditional\proc\p18f4455.asm
                TXSTAbits   0x000fac       data     extern E:\c18v3.46\pic18-lt\cxx-framework\src\traditional\proc\p18f4455.asm
              TxBufOutPtr   0x000182       data     extern C:\git\go\src\github.com\JamesDunne\eminor2\v1\controller\PIC\ram_def.c
                 TxBufPtr   0x000181       data     extern C:\git\go\src\github.com\JamesDunne\eminor2\v1\controller\PIC\ram_def.c
                 TxBuffer   0x000159       data     extern C:\git\go\src\github.com\JamesDunne\eminor2\v1\controller\PIC\ram_def.c
                    UADDR   0x000f6e       data     extern E:\c18v3.46\pic18-lt\cxx-framework\src\traditional\proc\p18f4455.asm
                UADDRbits   0x000f6e       data     extern E:\c18v3.46\pic18-lt\cxx-framework\src\traditional\proc\p18f4455.asm
                     UCFG   0x000f6f       data     extern E:\c18v3.46\pic18-lt\cxx-framework\src\traditional\proc\p18f4455.asm
                 UCFGbits   0x000f6f       data     extern E:\c18v3.46\pic18-lt\cxx-framework\src\traditional\proc\p18f4455.asm
                     UCON   0x000f6d       data     extern E:\c18v3.46\pic18-lt\cxx-framework\src\traditional\proc\p18f4455.asm
                 UCONbits   0x000f6d       data     extern E:\c18v3.46\pic18-lt\cxx-framework\src\traditional\proc\p18f4455.asm
                     UEIE   0x000f6b       data     extern E:\c18v3.46\pic18-lt\cxx-framework\src\traditional\proc\p18f4455.asm
                 UEIEbits   0x000f6b       data     extern E:\c18v3.46\pic18-lt\cxx-framework\src\traditional\proc\p18f4455.asm
                     UEIR   0x000f6a       data     extern E:\c18v3.46\pic18-lt\cxx-framework\src\traditional\proc\p18f4455.asm
                 UEIRbits   0x000f6a       data     extern E:\c18v3.46\pic18-lt\cxx-framework\src\traditional\proc\p18f4455.asm
                     UEP0   0x000f70       data     extern E:\c18v3.46\pic18-lt\cxx-framework\src\traditional\proc\p18f4455.asm
                 UEP0bits   0x000f70       data     extern E:\c18v3.46\pic18-lt\cxx-framework\src\traditional\proc\p18f4455.asm
                     UEP1   0x000f71       data     extern E:\c18v3.46\pic18-lt\cxx-framework\src\traditional\proc\p18f4455.asm
                    UEP10   0x000f7a       data     extern E:\c18v3.46\pic18-lt\cxx-framework\src\traditional\proc\p18f4455.asm
                UEP10bits   0x000f7a       data     extern E:\c18v3.46\pic18-lt\cxx-framework\src\traditional\proc\p18f4455.asm
                    UEP11   0x000f7b       data     extern E:\c18v3.46\pic18-lt\cxx-framework\src\traditional\proc\p18f4455.asm
                UEP11bits   0x000f7b       data     extern E:\c18v3.46\pic18-lt\cxx-framework\src\traditional\proc\p18f4455.asm
                    UEP12   0x000f7c       data     extern E:\c18v3.46\pic18-lt\cxx-framework\src\traditional\proc\p18f4455.asm
                UEP12bits   0x000f7c       data     extern E:\c18v3.46\pic18-lt\cxx-framework\src\traditional\proc\p18f4455.asm
                    UEP13   0x000f7d       data     extern E:\c18v3.46\pic18-lt\cxx-framework\src\traditional\proc\p18f4455.asm
                UEP13bits   0x000f7d       data     extern E:\c18v3.46\pic18-lt\cxx-framework\src\traditional\proc\p18f4455.asm
                    UEP14   0x000f7e       data     extern E:\c18v3.46\pic18-lt\cxx-framework\src\traditional\proc\p18f4455.asm
                UEP14bits   0x000f7e       data     extern E:\c18v3.46\pic18-lt\cxx-framework\src\traditional\proc\p18f4455.asm
                    UEP15   0x000f7f       data     extern E:\c18v3.46\pic18-lt\cxx-framework\src\traditional\proc\p18f4455.asm
                UEP15bits   0x000f7f       data     extern E:\c18v3.46\pic18-lt\cxx-framework\src\traditional\proc\p18f4455.asm
                 UEP1bits   0x000f71       data     extern E:\c18v3.46\pic18-lt\cxx-framework\src\traditional\proc\p18f4455.asm
                     UEP2   0x000f72       data     extern E:\c18v3.46\pic18-lt\cxx-framework\src\traditional\proc\p18f4455.asm
                 UEP2bits   0x000f72       data     extern E:\c18v3.46\pic18-lt\cxx-framework\src\traditional\proc\p18f4455.asm
                     UEP3   0x000f73       data     extern E:\c18v3.46\pic18-lt\cxx-framework\src\traditional\proc\p18f4455.asm
                 UEP3bits   0x000f73       data     extern E:\c18v3.46\pic18-lt\cxx-framework\src\traditional\proc\p18f4455.asm
                     UEP4   0x000f74       data     extern E:\c18v3.46\pic18-lt\cxx-framework\src\traditional\proc\p18f4455.asm
                 UEP4bits   0x000f74       data     extern E:\c18v3.46\pic18-lt\cxx-framework\src\traditional\proc\p18f4455.asm
                     UEP5   0x000f75       data     extern E:\c18v3.46\pic18-lt\cxx-framework\src\traditional\proc\p18f4455.asm
                 UEP5bits   0x000f75       data     extern E:\c18v3.46\pic18-lt\cxx-framework\src\traditional\proc\p18f4455.asm
                     UEP6   0x000f76       data     extern E:\c18v3.46\pic18-lt\cxx-framework\src\traditional\proc\p18f4455.asm
                 UEP6bits   0x000f76       data     extern E:\c18v3.46\pic18-lt\cxx-framework\src\traditional\proc\p18f4455.asm
                     UEP7   0x000f77       data     extern E:\c18v3.46\pic18-lt\cxx-framework\src\traditional\proc\p18f4455.asm
                 UEP7bits   0x000f77       data     extern E:\c18v3.46\pic18-lt\cxx-framework\src\traditional\proc\p18f4455.asm
                     UEP8   0x000f78       data     extern E:\c18v3.46\pic18-lt\cxx-framework\src\traditional\proc\p18f4455.asm
                 UEP8bits   0x000f78       data     extern E:\c18v3.46\pic18-lt\cxx-framework\src\traditional\proc\p18f4455.asm
                     UEP9   0x000f79       data     extern E:\c18v3.46\pic18-lt\cxx-framework\src\traditional\proc\p18f4455.asm
                 UEP9bits   0x000f79       data     extern E:\c18v3.46\pic18-lt\cxx-framework\src\traditional\proc\p18f4455.asm
                     UFRM   0x000f66       data     extern E:\c18v3.46\pic18-lt\cxx-framework\src\traditional\proc\p18f4455.asm
                    UFRMH   0x000f67       data     extern E:\c18v3.46\pic18-lt\cxx-framework\src\traditional\proc\p18f4455.asm
                UFRMHbits   0x000f67       data     extern E:\c18v3.46\pic18-lt\cxx-framework\src\traditional\proc\p18f4455.asm
                    UFRML   0x000f66       data     extern E:\c18v3.46\pic18-lt\cxx-framework\src\traditional\proc\p18f4455.asm
                UFRMLbits   0x000f66       data     extern E:\c18v3.46\pic18-lt\cxx-framework\src\traditional\proc\p18f4455.asm
                      UIE   0x000f69       data     extern E:\c18v3.46\pic18-lt\cxx-framework\src\traditional\proc\p18f4455.asm
                  UIEbits   0x000f69       data     extern E:\c18v3.46\pic18-lt\cxx-framework\src\traditional\proc\p18f4455.asm
                      UIR   0x000f68       data     extern E:\c18v3.46\pic18-lt\cxx-framework\src\traditional\proc\p18f4455.asm
                  UIRbits   0x000f68       data     extern E:\c18v3.46\pic18-lt\cxx-framework\src\traditional\proc\p18f4455.asm
           USBDataPointer   0x000183       data     extern C:\git\go\src\github.com\JamesDunne\eminor2\v1\controller\PIC\ram_def.c
       USBEP0DataInBuffer   0x000184       data     extern C:\git\go\src\github.com\JamesDunne\eminor2\v1\controller\PIC\ram_def.c
                    USTAT   0x000f6c       data     extern E:\c18v3.46\pic18-lt\cxx-framework\src\traditional\proc\p18f4455.asm
                USTATbits   0x000f6c       data     extern E:\c18v3.46\pic18-lt\cxx-framework\src\traditional\proc\p18f4455.asm
                   WDTCON   0x000fd1       data     extern E:\c18v3.46\pic18-lt\cxx-framework\src\traditional\proc\p18f4455.asm
               WDTCONbits   0x000fd1       data     extern E:\c18v3.46\pic18-lt\cxx-framework\src\traditional\proc\p18f4455.asm
                     WREG   0x000fe8       data     extern E:\c18v3.46\pic18-lt\cxx-framework\src\traditional\proc\p18f4455.asm
                 __AARGB0   0x000007       data     extern E:\c18v3.46\pic18-lt\cxx-framework\src\traditional\math\aarg.asm
                 __AARGB1   0x000006       data     extern E:\c18v3.46\pic18-lt\cxx-framework\src\traditional\math\aarg.asm
                 __AARGB2   0x000005       data     extern E:\c18v3.46\pic18-lt\cxx-framework\src\traditional\math\aarg.asm
                 __AARGB3   0x000004       data     extern E:\c18v3.46\pic18-lt\cxx-framework\src\traditional\math\aarg.asm
                 __AARGB4   0x000003       data     extern E:\c18v3.46\pic18-lt\cxx-framework\src\traditional\math\aarg.asm
                 __AARGB5   0x000002       data     extern E:\c18v3.46\pic18-lt\cxx-framework\src\traditional\math\aarg.asm
                 __AARGB6   0x000001       data     extern E:\c18v3.46\pic18-lt\cxx-framework\src\traditional\math\aarg.asm
                 __AARGB7   0x000000       data     extern E:\c18v3.46\pic18-lt\cxx-framework\src\traditional\math\aarg.asm
                   __AEXP   0x000008       data     extern E:\c18v3.46\pic18-lt\cxx-framework\src\traditional\math\aarg.asm
                 __BARGB0   0x00000c       data     extern E:\c18v3.46\pic18-lt\cxx-framework\src\traditional\math\barg.asm
                 __BARGB1   0x00000b       data     extern E:\c18v3.46\pic18-lt\cxx-framework\src\traditional\math\barg.asm
                 __BARGB2   0x00000a       data     extern E:\c18v3.46\pic18-lt\cxx-framework\src\traditional\math\barg.asm
                 __BARGB3   0x000009       data     extern E:\c18v3.46\pic18-lt\cxx-framework\src\traditional\math\barg.asm
                   __BEXP   0x00000d       data     extern E:\c18v3.46\pic18-lt\cxx-framework\src\traditional\math\barg.asm
                __FPFLAGS   0x00000f       data     extern E:\c18v3.46\pic18-lt\cxx-framework\src\traditional\math\cmath18.asm
            __FPFLAGSbits   0x00000f       data     extern E:\c18v3.46\pic18-lt\cxx-framework\src\traditional\math\cmath18.asm
                  __REMB0   0x000003       data     extern E:\c18v3.46\pic18-lt\cxx-framework\src\traditional\math\aarg.asm
                  __REMB1   0x000002       data     extern E:\c18v3.46\pic18-lt\cxx-framework\src\traditional\math\aarg.asm
                  __REMB2   0x000001       data     extern E:\c18v3.46\pic18-lt\cxx-framework\src\traditional\math\aarg.asm
                  __REMB3   0x000000       data     extern E:\c18v3.46\pic18-lt\cxx-framework\src\traditional\math\aarg.asm
                  __tmp_0   0x000010       data     static C:\git\go\src\github.com\JamesDunne\eminor2\v1\controller\common\controller-simple.c
                  __tmp_0   0x000010       data     static C:\git\go\src\github.com\JamesDunne\eminor2\v1\controller\PIC\usb.c
                  __tmp_0   0x000010       data     static C:\git\go\src\github.com\JamesDunne\eminor2\v1\controller\PIC\usbapplet.c
                  __tmp_0   0x000010       data     static C:\git\go\src\github.com\JamesDunne\eminor2\v1\controller\PIC\hid.c
                  __tmp_0   0x000010       data     static C:\git\go\src\github.com\JamesDunne\eminor2\v1\controller\PIC\hwcalls.c
                  __tmp_0   0x000010       data     static C:\git\go\src\github.com\JamesDunne\eminor2\v1\controller\PIC\leds.c
                  __tmp_0   0x000010       data     static C:\git\go\src\github.com\JamesDunne\eminor2\v1\controller\PIC\writeprogmem.c
          active_protocol   0x000081       data     extern C:\git\go\src\github.com\JamesDunne\eminor2\v1\controller\PIC\hid.c
     control4_button_mask   0x00006e       data     extern C:\git\go\src\github.com\JamesDunne\eminor2\v1\controller\common\controller-simple.c
     control_press_values   0x0001c5       data     extern C:\git\go\src\github.com\JamesDunne\eminor2\v1\controller\common\controller-simple.c
   ctrl_trf_session_owner   0x000077       data     extern C:\git\go\src\github.com\JamesDunne\eminor2\v1\controller\PIC\usb.c
           ctrl_trf_state   0x000076       data     extern C:\git\go\src\github.com\JamesDunne\eminor2\v1\controller\PIC\usb.c
              delay_count   0x00007e       data     static C:\git\go\src\github.com\JamesDunne\eminor2\v1\controller\PIC\usb.c
             emin_program   0x000061       data     extern C:\git\go\src\github.com\JamesDunne\eminor2\v1\controller\common\controller-simple.c
                    ep0Bi   0x000404       data     extern C:\git\go\src\github.com\JamesDunne\eminor2\v1\controller\PIC\usb.c
                    ep0Bo   0x000400       data     extern C:\git\go\src\github.com\JamesDunne\eminor2\v1\controller\PIC\usb.c
                    ep1Bi   0x00040c       data     extern C:\git\go\src\github.com\JamesDunne\eminor2\v1\controller\PIC\usb.c
                    ep1Bo   0x000408       data     extern C:\git\go\src\github.com\JamesDunne\eminor2\v1\controller\PIC\usb.c
             gmaj_program   0x000062       data     extern C:\git\go\src\github.com\JamesDunne\eminor2\v1\controller\common\controller-simple.c
            hid_report_in   0x000498       data     extern C:\git\go\src\github.com\JamesDunne\eminor2\v1\controller\PIC\usb.c
           hid_report_out   0x000490       data     extern C:\git\go\src\github.com\JamesDunne\eminor2\v1\controller\PIC\usb.c
           hid_rpt_rx_len   0x000082       data     extern C:\git\go\src\github.com\JamesDunne\eminor2\v1\controller\PIC\hid.c
                idle_rate   0x000080       data     extern C:\git\go\src\github.com\JamesDunne\eminor2\v1\controller\PIC\hid.c
              mute_toggle   0x00006c       data     extern C:\git\go\src\github.com\JamesDunne\eminor2\v1\controller\common\controller-simple.c
         new_emin_program   0x000066       data     extern C:\git\go\src\github.com\JamesDunne\eminor2\v1\controller\common\controller-simple.c
          new_rjm_channel   0x000065       data     extern C:\git\go\src\github.com\JamesDunne\eminor2\v1\controller\common\controller-simple.c
         old_gmaj_program   0x000064       data     extern C:\git\go\src\github.com\JamesDunne\eminor2\v1\controller\common\controller-simple.c
           old_rjm_actual   0x000063       data     extern C:\git\go\src\github.com\JamesDunne\eminor2\v1\controller\common\controller-simple.c
                     pDst   0x00007a       data     extern C:\git\go\src\github.com\JamesDunne\eminor2\v1\controller\PIC\usb.c
                     pSrc   0x000078       data     extern C:\git\go\src\github.com\JamesDunne\eminor2\v1\controller\PIC\usb.c
                       pr   0x0001d3       data     extern C:\git\go\src\github.com\JamesDunne\eminor2\v1\controller\common\controller-simple.c
              rjm_channel   0x000060       data     extern C:\git\go\src\github.com\JamesDunne\eminor2\v1\controller\common\controller-simple.c
                   stored   0x00006b       data     extern C:\git\go\src\github.com\JamesDunne\eminor2\v1\controller\common\controller-simple.c
                  sw_curr   0x0001cb       data     extern C:\git\go\src\github.com\JamesDunne\eminor2\v1\controller\common\controller-simple.c
                  sw_last   0x0001cf       data     extern C:\git\go\src\github.com\JamesDunne\eminor2\v1\controller\common\controller-simple.c
              switch_mode   0x000067       data     extern C:\git\go\src\github.com\JamesDunne\eminor2\v1\controller\common\controller-simple.c
               tap_toggle   0x00006d       data     extern C:\git\go\src\github.com\JamesDunne\eminor2\v1\controller\common\controller-simple.c
                timer_alt   0x00006a       data     extern C:\git\go\src\github.com\JamesDunne\eminor2\v1\controller\common\controller-simple.c
           timer_control4   0x000068       data     extern C:\git\go\src\github.com\JamesDunne\eminor2\v1\controller\common\controller-simple.c
    timer_control4_enable   0x000069       data     extern C:\git\go\src\github.com\JamesDunne\eminor2\v1\controller\common\controller-simple.c
           usb_active_cfg   0x000074       data     extern C:\git\go\src\github.com\JamesDunne\eminor2\v1\controller\PIC\usb.c
             usb_alt_intf   0x000075       data     extern C:\git\go\src\github.com\JamesDunne\eminor2\v1\controller\PIC\usb.c
         usb_device_state   0x000072       data     extern C:\git\go\src\github.com\JamesDunne\eminor2\v1\controller\PIC\usb.c
                 usb_stat   0x000073       data     extern C:\git\go\src\github.com\JamesDunne\eminor2\v1\controller\PIC\usb.c
                   wCount   0x00007c       data     extern C:\git\go\src\github.com\JamesDunne\eminor2\v1\controller\PIC\usb.c



                              Symbols - Sorted by Address
                     Name    Address   Location    Storage File                     
                ---------  ---------  ---------  --------- ---------                
           RealInitVector   0x000000    program     extern C:\git\go\src\github.com\JamesDunne\eminor2\v1\controller\PIC\vectors.c
       ___return_lbl00000   0x000004    program     static                          
  RealInterruptVectorHigh   0x000008    program     extern C:\git\go\src\github.com\JamesDunne\eminor2\v1\controller\PIC\vectors.c
       ___return_lbl00001   0x00000c    program     static                          
                   _entry   0x000a00    program     extern C:\git\go\src\github.com\JamesDunne\eminor2\v1\controller\PIC\startup.c
       ___return_lbl00000   0x000a04    program     static                          
      InterruptVectorHigh   0x000a08    program     extern C:\git\go\src\github.com\JamesDunne\eminor2\v1\controller\PIC\intslct.c
       ___return_lbl00000   0x000a0c    program     static                          
                     main   0x000a2a    program     extern C:\git\go\src\github.com\JamesDunne\eminor2\v1\controller\PIC\main.c
          ___for_lbl00011   0x000a44    program     static                          
           ___if_lbl00003   0x000a5c    program     static                          
           ___if_lbl00004   0x000a6e    program     static                          
           ___if_lbl00005   0x000a78    program     static                          
           ___if_lbl00006   0x000a84    program     static                          
           ___if_lbl00007   0x000a90    program     static                          
           ___if_lbl00008   0x000a9a    program     static                          
           ___if_lbl00009   0x000aa4    program     static                          
           ___if_lbl00010   0x000aae    program     static                          
          ___for_lbl00001   0x000ab2    program     static                          
          ___for_lbl00002   0x000ab4    program     static                          
       ___return_lbl00000   0x000ab4    program     static                          
               ServiceUSB   0x000ac8    program     extern C:\git\go\src\github.com\JamesDunne\eminor2\v1\controller\PIC\main.c
            ralign_itoa10   0x000ae4    program     static C:\git\go\src\github.com\JamesDunne\eminor2\v1\controller\common\controller-simple.c
             show_program   0x000b82    program     static C:\git\go\src\github.com\JamesDunne\eminor2\v1\controller\common\controller-simple.c
           button_pressed   0x000c0c    program     static C:\git\go\src\github.com\JamesDunne\eminor2\v1\controller\common\controller-simple.c
              button_held   0x000c9c    program     static C:\git\go\src\github.com\JamesDunne\eminor2\v1\controller\common\controller-simple.c
          button_released   0x000cf8    program     static C:\git\go\src\github.com\JamesDunne\eminor2\v1\controller\common\controller-simple.c
              gmaj_cc_set   0x000d88    program     static C:\git\go\src\github.com\JamesDunne\eminor2\v1\controller\common\controller-simple.c
          set_toggle_leds   0x000db6    program     static C:\git\go\src\github.com\JamesDunne\eminor2\v1\controller\common\controller-simple.c
update_effects_MIDI_state   0x000ec8    program     static C:\git\go\src\github.com\JamesDunne\eminor2\v1\controller\common\controller-simple.c
             disable_mute   0x000fae    program     static C:\git\go\src\github.com\JamesDunne\eminor2\v1\controller\common\controller-simple.c
          set_rjm_channel   0x000fc6    program     static C:\git\go\src\github.com\JamesDunne\eminor2\v1\controller\common\controller-simple.c
                 activate   0x000fdc    program     static C:\git\go\src\github.com\JamesDunne\eminor2\v1\controller\common\controller-simple.c
      store_program_state   0x0010de    program     static C:\git\go\src\github.com\JamesDunne\eminor2\v1\controller\common\controller-simple.c
     prepare_emin_program   0x001122    program     static C:\git\go\src\github.com\JamesDunne\eminor2\v1\controller\common\controller-simple.c
        control_toggleidx   0x0011c4    program     static C:\git\go\src\github.com\JamesDunne\eminor2\v1\controller\common\controller-simple.c
           gmaj_cc_toggle   0x001286    program     static C:\git\go\src\github.com\JamesDunne\eminor2\v1\controller\common\controller-simple.c
             reset_timer4   0x0012e2    program     static C:\git\go\src\github.com\JamesDunne\eminor2\v1\controller\common\controller-simple.c
          controller_init   0x001314    program     extern C:\git\go\src\github.com\JamesDunne\eminor2\v1\controller\common\controller-simple.c
  controller_10msec_timer   0x001356    program     extern C:\git\go\src\github.com\JamesDunne\eminor2\v1\controller\common\controller-simple.c
        controller_handle   0x00143c    program     extern C:\git\go\src\github.com\JamesDunne\eminor2\v1\controller\common\controller-simple.c
       USBCheckStdRequest   0x00183e    program     extern C:\git\go\src\github.com\JamesDunne\eminor2\v1\controller\PIC\usb.c
      USBStdGetDscHandler   0x0018ec    program     extern C:\git\go\src\github.com\JamesDunne\eminor2\v1\controller\PIC\usb.c
      USBStdSetCfgHandler   0x0019a6    program     extern C:\git\go\src\github.com\JamesDunne\eminor2\v1\controller\PIC\usb.c
   USBStdGetStatusHandler   0x0019f0    program     extern C:\git\go\src\github.com\JamesDunne\eminor2\v1\controller\PIC\usb.c
  USBStdFeatureReqHandler   0x001a7e    program     extern C:\git\go\src\github.com\JamesDunne\eminor2\v1\controller\PIC\usb.c
         USBCtrlEPService   0x001b20    program     extern C:\git\go\src\github.com\JamesDunne\eminor2\v1\controller\PIC\usb.c
   USBCtrlTrfSetupHandler   0x001b44    program     extern C:\git\go\src\github.com\JamesDunne\eminor2\v1\controller\PIC\usb.c
     USBCtrlTrfOutHandler   0x001bac    program     extern C:\git\go\src\github.com\JamesDunne\eminor2\v1\controller\PIC\usb.c
      USBCtrlTrfInHandler   0x001bca    program     extern C:\git\go\src\github.com\JamesDunne\eminor2\v1\controller\PIC\usb.c
      USBCtrlTrfTxService   0x001c0a    program     extern C:\git\go\src\github.com\JamesDunne\eminor2\v1\controller\PIC\usb.c
[...]
                     DDRD   0x000f95       data     extern E:\c18v3.46\pic18-lt\cxx-framework\src\traditional\proc\p18f4455.asm
                TRISEbits   0x000f96       data     extern E:\c18v3.46\pic18-lt\cxx-framework\src\traditional\proc\p18f4455.asm
                    TRISE   0x000f96       data     extern E:\c18v3.46\pic18-lt\cxx-framework\src\traditional\proc\p18f4455.asm
                     DDRE   0x000f96       data     extern E:\c18v3.46\pic18-lt\cxx-framework\src\traditional\proc\p18f4455.asm
                 DDREbits   0x000f96       data     extern E:\c18v3.46\pic18-lt\cxx-framework\src\traditional\proc\p18f4455.asm
              OSCTUNEbits   0x000f9b       data     extern E:\c18v3.46\pic18-lt\cxx-framework\src\traditional\proc\p18f4455.asm
                  OSCTUNE   0x000f9b       data     extern E:\c18v3.46\pic18-lt\cxx-framework\src\traditional\proc\p18f4455.asm
                 PIE1bits   0x000f9d       data     extern E:\c18v3.46\pic18-lt\cxx-framework\src\traditional\proc\p18f4455.asm
                     PIE1   0x000f9d       data     extern E:\c18v3.46\pic18-lt\cxx-framework\src\traditional\proc\p18f4455.asm
                     PIR1   0x000f9e       data     extern E:\c18v3.46\pic18-lt\cxx-framework\src\traditional\proc\p18f4455.asm
                 PIR1bits   0x000f9e       data     extern E:\c18v3.46\pic18-lt\cxx-framework\src\traditional\proc\p18f4455.asm
                     IPR1   0x000f9f       data     extern E:\c18v3.46\pic18-lt\cxx-framework\src\traditional\proc\p18f4455.asm
                 IPR1bits   0x000f9f       data     extern E:\c18v3.46\pic18-lt\cxx-framework\src\traditional\proc\p18f4455.asm
                     PIE2   0x000fa0       data     extern E:\c18v3.46\pic18-lt\cxx-framework\src\traditional\proc\p18f4455.asm
                 PIE2bits   0x000fa0       data     extern E:\c18v3.46\pic18-lt\cxx-framework\src\traditional\proc\p18f4455.asm
                 PIR2bits   0x000fa1       data     extern E:\c18v3.46\pic18-lt\cxx-framework\src\traditional\proc\p18f4455.asm
                     PIR2   0x000fa1       data     extern E:\c18v3.46\pic18-lt\cxx-framework\src\traditional\proc\p18f4455.asm
                 IPR2bits   0x000fa2       data     extern E:\c18v3.46\pic18-lt\cxx-framework\src\traditional\proc\p18f4455.asm
                     IPR2   0x000fa2       data     extern E:\c18v3.46\pic18-lt\cxx-framework\src\traditional\proc\p18f4455.asm
               EECON1bits   0x000fa6       data     extern E:\c18v3.46\pic18-lt\cxx-framework\src\traditional\proc\p18f4455.asm
                   EECON1   0x000fa6       data     extern E:\c18v3.46\pic18-lt\cxx-framework\src\traditional\proc\p18f4455.asm
                   EECON2   0x000fa7       data     extern E:\c18v3.46\pic18-lt\cxx-framework\src\traditional\proc\p18f4455.asm
                   EEDATA   0x000fa8       data     extern E:\c18v3.46\pic18-lt\cxx-framework\src\traditional\proc\p18f4455.asm
                    EEADR   0x000fa9       data     extern E:\c18v3.46\pic18-lt\cxx-framework\src\traditional\proc\p18f4455.asm
                RCSTAbits   0x000fab       data     extern E:\c18v3.46\pic18-lt\cxx-framework\src\traditional\proc\p18f4455.asm
                    RCSTA   0x000fab       data     extern E:\c18v3.46\pic18-lt\cxx-framework\src\traditional\proc\p18f4455.asm
                TXSTAbits   0x000fac       data     extern E:\c18v3.46\pic18-lt\cxx-framework\src\traditional\proc\p18f4455.asm
                    TXSTA   0x000fac       data     extern E:\c18v3.46\pic18-lt\cxx-framework\src\traditional\proc\p18f4455.asm
                    TXREG   0x000fad       data     extern E:\c18v3.46\pic18-lt\cxx-framework\src\traditional\proc\p18f4455.asm
                    RCREG   0x000fae       data     extern E:\c18v3.46\pic18-lt\cxx-framework\src\traditional\proc\p18f4455.asm
                    SPBRG   0x000faf       data     extern E:\c18v3.46\pic18-lt\cxx-framework\src\traditional\proc\p18f4455.asm
                   SPBRGH   0x000fb0       data     extern E:\c18v3.46\pic18-lt\cxx-framework\src\traditional\proc\p18f4455.asm
                    T3CON   0x000fb1       data     extern E:\c18v3.46\pic18-lt\cxx-framework\src\traditional\proc\p18f4455.asm
                T3CONbits   0x000fb1       data     extern E:\c18v3.46\pic18-lt\cxx-framework\src\traditional\proc\p18f4455.asm
                    TMR3L   0x000fb2       data     extern E:\c18v3.46\pic18-lt\cxx-framework\src\traditional\proc\p18f4455.asm
                    TMR3H   0x000fb3       data     extern E:\c18v3.46\pic18-lt\cxx-framework\src\traditional\proc\p18f4455.asm
                CMCONbits   0x000fb4       data     extern E:\c18v3.46\pic18-lt\cxx-framework\src\traditional\proc\p18f4455.asm
                    CMCON   0x000fb4       data     extern E:\c18v3.46\pic18-lt\cxx-framework\src\traditional\proc\p18f4455.asm
               CVRCONbits   0x000fb5       data     extern E:\c18v3.46\pic18-lt\cxx-framework\src\traditional\proc\p18f4455.asm
                   CVRCON   0x000fb5       data     extern E:\c18v3.46\pic18-lt\cxx-framework\src\traditional\proc\p18f4455.asm
                   CCP1AS   0x000fb6       data     extern E:\c18v3.46\pic18-lt\cxx-framework\src\traditional\proc\p18f4455.asm
               CCP1ASbits   0x000fb6       data     extern E:\c18v3.46\pic18-lt\cxx-framework\src\traditional\proc\p18f4455.asm
              ECCP1ASbits   0x000fb6       data     extern E:\c18v3.46\pic18-lt\cxx-framework\src\traditional\proc\p18f4455.asm
                  ECCP1AS   0x000fb6       data     extern E:\c18v3.46\pic18-lt\cxx-framework\src\traditional\proc\p18f4455.asm
                  CCP1DEL   0x000fb7       data     extern E:\c18v3.46\pic18-lt\cxx-framework\src\traditional\proc\p18f4455.asm
              CCP1DELbits   0x000fb7       data     extern E:\c18v3.46\pic18-lt\cxx-framework\src\traditional\proc\p18f4455.asm
                 ECCP1DEL   0x000fb7       data     extern E:\c18v3.46\pic18-lt\cxx-framework\src\traditional\proc\p18f4455.asm
             ECCP1DELbits   0x000fb7       data     extern E:\c18v3.46\pic18-lt\cxx-framework\src\traditional\proc\p18f4455.asm
                  BAUDCON   0x000fb8       data     extern E:\c18v3.46\pic18-lt\cxx-framework\src\traditional\proc\p18f4455.asm
              BAUDCONbits   0x000fb8       data     extern E:\c18v3.46\pic18-lt\cxx-framework\src\traditional\proc\p18f4455.asm
                  BAUDCTL   0x000fb8       data     extern E:\c18v3.46\pic18-lt\cxx-framework\src\traditional\proc\p18f4455.asm
              BAUDCTLbits   0x000fb8       data     extern E:\c18v3.46\pic18-lt\cxx-framework\src\traditional\proc\p18f4455.asm
                  CCP2CON   0x000fba       data     extern E:\c18v3.46\pic18-lt\cxx-framework\src\traditional\proc\p18f4455.asm
              CCP2CONbits   0x000fba       data     extern E:\c18v3.46\pic18-lt\cxx-framework\src\traditional\proc\p18f4455.asm
                   CCPR2L   0x000fbb       data     extern E:\c18v3.46\pic18-lt\cxx-framework\src\traditional\proc\p18f4455.asm
                    CCPR2   0x000fbb       data     extern E:\c18v3.46\pic18-lt\cxx-framework\src\traditional\proc\p18f4455.asm
                   CCPR2H   0x000fbc       data     extern E:\c18v3.46\pic18-lt\cxx-framework\src\traditional\proc\p18f4455.asm
                  CCP1CON   0x000fbd       data     extern E:\c18v3.46\pic18-lt\cxx-framework\src\traditional\proc\p18f4455.asm
             ECCP1CONbits   0x000fbd       data     extern E:\c18v3.46\pic18-lt\cxx-framework\src\traditional\proc\p18f4455.asm
                 ECCP1CON   0x000fbd       data     extern E:\c18v3.46\pic18-lt\cxx-framework\src\traditional\proc\p18f4455.asm
              CCP1CONbits   0x000fbd       data     extern E:\c18v3.46\pic18-lt\cxx-framework\src\traditional\proc\p18f4455.asm
                   CCPR1L   0x000fbe       data     extern E:\c18v3.46\pic18-lt\cxx-framework\src\traditional\proc\p18f4455.asm
                    CCPR1   0x000fbe       data     extern E:\c18v3.46\pic18-lt\cxx-framework\src\traditional\proc\p18f4455.asm
                   CCPR1H   0x000fbf       data     extern E:\c18v3.46\pic18-lt\cxx-framework\src\traditional\proc\p18f4455.asm
               ADCON2bits   0x000fc0       data     extern E:\c18v3.46\pic18-lt\cxx-framework\src\traditional\proc\p18f4455.asm
                   ADCON2   0x000fc0       data     extern E:\c18v3.46\pic18-lt\cxx-framework\src\traditional\proc\p18f4455.asm
               ADCON1bits   0x000fc1       data     extern E:\c18v3.46\pic18-lt\cxx-framework\src\traditional\proc\p18f4455.asm
                   ADCON1   0x000fc1       data     extern E:\c18v3.46\pic18-lt\cxx-framework\src\traditional\proc\p18f4455.asm
                   ADCON0   0x000fc2       data     extern E:\c18v3.46\pic18-lt\cxx-framework\src\traditional\proc\p18f4455.asm
               ADCON0bits   0x000fc2       data     extern E:\c18v3.46\pic18-lt\cxx-framework\src\traditional\proc\p18f4455.asm
                    ADRES   0x000fc3       data     extern E:\c18v3.46\pic18-lt\cxx-framework\src\traditional\proc\p18f4455.asm
                   ADRESL   0x000fc3       data     extern E:\c18v3.46\pic18-lt\cxx-framework\src\traditional\proc\p18f4455.asm
                   ADRESH   0x000fc4       data     extern E:\c18v3.46\pic18-lt\cxx-framework\src\traditional\proc\p18f4455.asm
                  SSPCON2   0x000fc5       data     extern E:\c18v3.46\pic18-lt\cxx-framework\src\traditional\proc\p18f4455.asm
              SSPCON2bits   0x000fc5       data     extern E:\c18v3.46\pic18-lt\cxx-framework\src\traditional\proc\p18f4455.asm
                  SSPCON1   0x000fc6       data     extern E:\c18v3.46\pic18-lt\cxx-framework\src\traditional\proc\p18f4455.asm
              SSPCON1bits   0x000fc6       data     extern E:\c18v3.46\pic18-lt\cxx-framework\src\traditional\proc\p18f4455.asm
                  SSPSTAT   0x000fc7       data     extern E:\c18v3.46\pic18-lt\cxx-framework\src\traditional\proc\p18f4455.asm
              SSPSTATbits   0x000fc7       data     extern E:\c18v3.46\pic18-lt\cxx-framework\src\traditional\proc\p18f4455.asm
                   SSPADD   0x000fc8       data     extern E:\c18v3.46\pic18-lt\cxx-framework\src\traditional\proc\p18f4455.asm
                   SSPBUF   0x000fc9       data     extern E:\c18v3.46\pic18-lt\cxx-framework\src\traditional\proc\p18f4455.asm
                T2CONbits   0x000fca       data     extern E:\c18v3.46\pic18-lt\cxx-framework\src\traditional\proc\p18f4455.asm
                    T2CON   0x000fca       data     extern E:\c18v3.46\pic18-lt\cxx-framework\src\traditional\proc\p18f4455.asm
                      PR2   0x000fcb       data     extern E:\c18v3.46\pic18-lt\cxx-framework\src\traditional\proc\p18f4455.asm
                     TMR2   0x000fcc       data     extern E:\c18v3.46\pic18-lt\cxx-framework\src\traditional\proc\p18f4455.asm
                T1CONbits   0x000fcd       data     extern E:\c18v3.46\pic18-lt\cxx-framework\src\traditional\proc\p18f4455.asm
                    T1CON   0x000fcd       data     extern E:\c18v3.46\pic18-lt\cxx-framework\src\traditional\proc\p18f4455.asm
                    TMR1L   0x000fce       data     extern E:\c18v3.46\pic18-lt\cxx-framework\src\traditional\proc\p18f4455.asm
                    TMR1H   0x000fcf       data     extern E:\c18v3.46\pic18-lt\cxx-framework\src\traditional\proc\p18f4455.asm
                     RCON   0x000fd0       data     extern E:\c18v3.46\pic18-lt\cxx-framework\src\traditional\proc\p18f4455.asm
                 RCONbits   0x000fd0       data     extern E:\c18v3.46\pic18-lt\cxx-framework\src\traditional\proc\p18f4455.asm
               WDTCONbits   0x000fd1       data     extern E:\c18v3.46\pic18-lt\cxx-framework\src\traditional\proc\p18f4455.asm
                   WDTCON   0x000fd1       data     extern E:\c18v3.46\pic18-lt\cxx-framework\src\traditional\proc\p18f4455.asm
               LVDCONbits   0x000fd2       data     extern E:\c18v3.46\pic18-lt\cxx-framework\src\traditional\proc\p18f4455.asm
                   LVDCON   0x000fd2       data     extern E:\c18v3.46\pic18-lt\cxx-framework\src\traditional\proc\p18f4455.asm
              HLVDCONbits   0x000fd2       data     extern E:\c18v3.46\pic18-lt\cxx-framework\src\traditional\proc\p18f4455.asm
                  HLVDCON   0x000fd2       data     extern E:\c18v3.46\pic18-lt\cxx-framework\src\traditional\proc\p18f4455.asm
               OSCCONbits   0x000fd3       data     extern E:\c18v3.46\pic18-lt\cxx-framework\src\traditional\proc\p18f4455.asm
                   OSCCON   0x000fd3       data     extern E:\c18v3.46\pic18-lt\cxx-framework\src\traditional\proc\p18f4455.asm
                    T0CON   0x000fd5       data     extern E:\c18v3.46\pic18-lt\cxx-framework\src\traditional\proc\p18f4455.asm
                T0CONbits   0x000fd5       data     extern E:\c18v3.46\pic18-lt\cxx-framework\src\traditional\proc\p18f4455.asm
                    TMR0L   0x000fd6       data     extern E:\c18v3.46\pic18-lt\cxx-framework\src\traditional\proc\p18f4455.asm
                    TMR0H   0x000fd7       data     extern E:\c18v3.46\pic18-lt\cxx-framework\src\traditional\proc\p18f4455.asm
               STATUSbits   0x000fd8       data     extern E:\c18v3.46\pic18-lt\cxx-framework\src\traditional\proc\p18f4455.asm
                   STATUS   0x000fd8       data     extern E:\c18v3.46\pic18-lt\cxx-framework\src\traditional\proc\p18f4455.asm
                    FSR2L   0x000fd9       data     extern E:\c18v3.46\pic18-lt\cxx-framework\src\traditional\proc\p18f4455.asm
                     FSR2   0x000fd9       data     extern E:\c18v3.46\pic18-lt\cxx-framework\src\traditional\proc\p18f4455.asm
                    FSR2H   0x000fda       data     extern E:\c18v3.46\pic18-lt\cxx-framework\src\traditional\proc\p18f4455.asm
                   PLUSW2   0x000fdb       data     extern E:\c18v3.46\pic18-lt\cxx-framework\src\traditional\proc\p18f4455.asm
                  PREINC2   0x000fdc       data     extern E:\c18v3.46\pic18-lt\cxx-framework\src\traditional\proc\p18f4455.asm
                 POSTDEC2   0x000fdd       data     extern E:\c18v3.46\pic18-lt\cxx-framework\src\traditional\proc\p18f4455.asm
                 POSTINC2   0x000fde       data     extern E:\c18v3.46\pic18-lt\cxx-framework\src\traditional\proc\p18f4455.asm
                    INDF2   0x000fdf       data     extern E:\c18v3.46\pic18-lt\cxx-framework\src\traditional\proc\p18f4455.asm
                      BSR   0x000fe0       data     extern E:\c18v3.46\pic18-lt\cxx-framework\src\traditional\proc\p18f4455.asm
                     FSR1   0x000fe1       data     extern E:\c18v3.46\pic18-lt\cxx-framework\src\traditional\proc\p18f4455.asm
                    FSR1L   0x000fe1       data     extern E:\c18v3.46\pic18-lt\cxx-framework\src\traditional\proc\p18f4455.asm
                    FSR1H   0x000fe2       data     extern E:\c18v3.46\pic18-lt\cxx-framework\src\traditional\proc\p18f4455.asm
                   PLUSW1   0x000fe3       data     extern E:\c18v3.46\pic18-lt\cxx-framework\src\traditional\proc\p18f4455.asm
                  PREINC1   0x000fe4       data     extern E:\c18v3.46\pic18-lt\cxx-framework\src\traditional\proc\p18f4455.asm
                 POSTDEC1   0x000fe5       data     extern E:\c18v3.46\pic18-lt\cxx-framework\src\traditional\proc\p18f4455.asm
                 POSTINC1   0x000fe6       data     extern E:\c18v3.46\pic18-lt\cxx-framework\src\traditional\proc\p18f4455.asm
                    INDF1   0x000fe7       data     extern E:\c18v3.46\pic18-lt\cxx-framework\src\traditional\proc\p18f4455.asm
                     WREG   0x000fe8       data     extern E:\c18v3.46\pic18-lt\cxx-framework\src\traditional\proc\p18f4455.asm
                     FSR0   0x000fe9       data     extern E:\c18v3.46\pic18-lt\cxx-framework\src\traditional\proc\p18f4455.asm
                    FSR0L   0x000fe9       data     extern E:\c18v3.46\pic18-lt\cxx-framework\src\traditional\proc\p18f4455.asm
                    FSR0H   0x000fea       data     extern E:\c18v3.46\pic18-lt\cxx-framework\src\traditional\proc\p18f4455.asm
                   PLUSW0   0x000feb       data     extern E:\c18v3.46\pic18-lt\cxx-framework\src\traditional\proc\p18f4455.asm
                  PREINC0   0x000fec       data     extern E:\c18v3.46\pic18-lt\cxx-framework\src\traditional\proc\p18f4455.asm
                 POSTDEC0   0x000fed       data     extern E:\c18v3.46\pic18-lt\cxx-framework\src\traditional\proc\p18f4455.asm
                 POSTINC0   0x000fee       data     extern E:\c18v3.46\pic18-lt\cxx-framework\src\traditional\proc\p18f4455.asm
                    INDF0   0x000fef       data     extern E:\c18v3.46\pic18-lt\cxx-framework\src\traditional\proc\p18f4455.asm
              INTCON3bits   0x000ff0       data     extern E:\c18v3.46\pic18-lt\cxx-framework\src\traditional\proc\p18f4455.asm
                  INTCON3   0x000ff0       data     extern E:\c18v3.46\pic18-lt\cxx-framework\src\traditional\proc\p18f4455.asm
              INTCON2bits   0x000ff1       data     extern E:\c18v3.46\pic18-lt\cxx-framework\src\traditional\proc\p18f4455.asm
                  INTCON2   0x000ff1       data     extern E:\c18v3.46\pic18-lt\cxx-framework\src\traditional\proc\p18f4455.asm
               INTCONbits   0x000ff2       data     extern E:\c18v3.46\pic18-lt\cxx-framework\src\traditional\proc\p18f4455.asm
                   INTCON   0x000ff2       data     extern E:\c18v3.46\pic18-lt\cxx-framework\src\traditional\proc\p18f4455.asm
                     PROD   0x000ff3       data     extern E:\c18v3.46\pic18-lt\cxx-framework\src\traditional\proc\p18f4455.asm
                    PRODL   0x000ff3       data     extern E:\c18v3.46\pic18-lt\cxx-framework\src\traditional\proc\p18f4455.asm
                    PRODH   0x000ff4       data     extern E:\c18v3.46\pic18-lt\cxx-framework\src\traditional\proc\p18f4455.asm
                   TABLAT   0x000ff5       data     extern E:\c18v3.46\pic18-lt\cxx-framework\src\traditional\proc\p18f4455.asm
                   TBLPTR   0x000ff6       data     extern E:\c18v3.46\pic18-lt\cxx-framework\src\traditional\proc\p18f4455.asm
                  TBLPTRL   0x000ff6       data     extern E:\c18v3.46\pic18-lt\cxx-framework\src\traditional\proc\p18f4455.asm
                  TBLPTRH   0x000ff7       data     extern E:\c18v3.46\pic18-lt\cxx-framework\src\traditional\proc\p18f4455.asm
                  TBLPTRU   0x000ff8       data     extern E:\c18v3.46\pic18-lt\cxx-framework\src\traditional\proc\p18f4455.asm
                      PCL   0x000ff9       data     extern E:\c18v3.46\pic18-lt\cxx-framework\src\traditional\proc\p18f4455.asm
                       PC   0x000ff9       data     extern E:\c18v3.46\pic18-lt\cxx-framework\src\traditional\proc\p18f4455.asm
                   PCLATH   0x000ffa       data     extern E:\c18v3.46\pic18-lt\cxx-framework\src\traditional\proc\p18f4455.asm
                   PCLATU   0x000ffb       data     extern E:\c18v3.46\pic18-lt\cxx-framework\src\traditional\proc\p18f4455.asm
                   STKPTR   0x000ffc       data     extern E:\c18v3.46\pic18-lt\cxx-framework\src\traditional\proc\p18f4455.asm
               STKPTRbits   0x000ffc       data     extern E:\c18v3.46\pic18-lt\cxx-framework\src\traditional\proc\p18f4455.asm
                      TOS   0x000ffd       data     extern E:\c18v3.46\pic18-lt\cxx-framework\src\traditional\proc\p18f4455.asm
                     TOSL   0x000ffd       data     extern E:\c18v3.46\pic18-lt\cxx-framework\src\traditional\proc\p18f4455.asm
                     TOSH   0x000ffe       data     extern E:\c18v3.46\pic18-lt\cxx-framework\src\traditional\proc\p18f4455.asm
                     TOSU   0x000fff       data     extern E:\c18v3.46\pic18-lt\cxx-framework\src\traditional\proc\p18f4455.asm


