MPLINK 4.48, Linker
Linker Map File - Created Mon Dec 29 12:19:37 2014

                                 Section Info
                  Section       Type    Address   Location Size(Bytes)
                ---------  ---------  ---------  ---------  ---------
           RealInitVector       code   0x000000    program   0x000006
  RealInterruptVectorHigh       code   0x000008    program   0x000006
               _entry_scn       code   0x000a00    program   0x000006
      InterruptVectorHigh       code   0x000a08    program   0x000006
                main_code       code   0x000a2a    program   0x000096
                   .cinit    romdata   0x000ac0    program   0x000002
          .code_hwcalls.o       code   0x000ac2    program   0x000430
 .code_controller-axefx.o       code   0x000ef2    program   0x0003b6
             .code_leds.o       code   0x0012a8    program   0x0002ec
     .code_writeprogmem.o       code   0x001594    program   0x0000ca
          .code_intslct.o       code   0x00165e    program   0x0000aa
         .code_MidiComm.o       code   0x001708    program   0x00009c
             .code_init.o       code   0x0017a4    program   0x000060
           .code_eeprom.o       code   0x001804    program   0x000056
          .code_systick.o       code   0x00185a    program   0x000042
                    .code       code   0x00189c    program   0x00002e
          .romdata_leds.o    romdata   0x0018ca    program   0x000024
             _startup_scn       code   0x0018ee    program   0x000020
         .code_fxd0808u.o       code   0x00190e    program   0x00001c
      .romdata_MidiComm.o    romdata   0x00192a    program   0x000000
      .idata_MidiComm.o_i    romdata   0x00192a    program   0x000000
.idata_controller-axefx.o_i    romdata   0x00192a    program   0x000000
.romdata_controller-axefx.o    romdata   0x00192a    program   0x000000
       .romdata_systick.o    romdata   0x00192a    program   0x000000
      .idata_fxd0808u.o_i    romdata   0x00192a    program   0x000000
       .idata_systick.o_i    romdata   0x00192a    program   0x000000
      .romdata_fxd0808u.o    romdata   0x00192a    program   0x000000
  .romdata_writeprogmem.o    romdata   0x00192a    program   0x000000
  .idata_writeprogmem.o_i    romdata   0x00192a    program   0x000000
           .code_tables.o       code   0x00192a    program   0x000000
        .romdata_tables.o    romdata   0x00192a    program   0x000000
        .idata_tables.o_i    romdata   0x00192a    program   0x000000
          .idata_main.o_i    romdata   0x00192a    program   0x000000
          .code_startup.o       code   0x00192a    program   0x000000
       .romdata_startup.o    romdata   0x00192a    program   0x000000
       .idata_ram_def.o_i    romdata   0x00192a    program   0x000000
       .romdata_ram_def.o    romdata   0x00192a    program   0x000000
          .code_ram_def.o       code   0x00192a    program   0x000000
       .idata_intslct.o_i    romdata   0x00192a    program   0x000000
       .romdata_intslct.o    romdata   0x00192a    program   0x000000
       .idata_startup.o_i    romdata   0x00192a    program   0x000000
          .idata_init.o_i    romdata   0x00192a    program   0x000000
          .romdata_init.o    romdata   0x00192a    program   0x000000
       .idata_hwcalls.o_i    romdata   0x00192a    program   0x000000
       .romdata_hwcalls.o    romdata   0x00192a    program   0x000000
       .idata_vectors.o_i    romdata   0x00192a    program   0x000000
       .romdata_vectors.o    romdata   0x00192a    program   0x000000
          .code_vectors.o       code   0x00192a    program   0x000000
             .code_main.o       code   0x00192a    program   0x000000
          .romdata_main.o    romdata   0x00192a    program   0x000000
        .idata_eeprom.o_i    romdata   0x00192a    program   0x000000
        .romdata_eeprom.o    romdata   0x00192a    program   0x000000
          .idata_leds.o_i    romdata   0x00192a    program   0x000000
              ROMSAVEDATA    romdata   0x004000    program   0x001fff
                MATH_DATA      udata   0x000000       data   0x00000e
                accessram      udata   0x00000e       data   0x000004
                 .tmpdata      udata   0x000012       data   0x000004
                     gpr1      udata   0x000100       data   0x0000c5
.udata_controller-axefx.o      udata   0x0001c5       data   0x000004
.idata_controller-axefx.o      idata   0x0001c9       data   0x000000
        .idata_MidiComm.o      idata   0x0001c9       data   0x000000
        .udata_MidiComm.o      udata   0x0001c9       data   0x000000
        .udata_fxd0808u.o      udata   0x0001c9       data   0x000000
        .idata_fxd0808u.o      idata   0x0001c9       data   0x000000
         .idata_systick.o      idata   0x0001c9       data   0x000000
         .udata_systick.o      udata   0x0001c9       data   0x000000
    .idata_writeprogmem.o      idata   0x0001c9       data   0x000000
    .udata_writeprogmem.o      udata   0x0001c9       data   0x000000
          .idata_tables.o      idata   0x0001c9       data   0x000000
          .udata_tables.o      udata   0x0001c9       data   0x000000
            .idata_leds.o      idata   0x0001c9       data   0x000000
            .udata_leds.o      udata   0x0001c9       data   0x000000
          .idata_eeprom.o      idata   0x0001c9       data   0x000000
            .udata_main.o      udata   0x0001c9       data   0x000000
            .idata_main.o      idata   0x0001c9       data   0x000000
         .udata_startup.o      udata   0x0001c9       data   0x000000
         .idata_startup.o      idata   0x0001c9       data   0x000000
         .udata_ram_def.o      udata   0x0001c9       data   0x000000
         .idata_ram_def.o      idata   0x0001c9       data   0x000000
         .udata_intslct.o      udata   0x0001c9       data   0x000000
         .idata_intslct.o      idata   0x0001c9       data   0x000000
            .udata_init.o      udata   0x0001c9       data   0x000000
            .idata_init.o      idata   0x0001c9       data   0x000000
         .udata_hwcalls.o      udata   0x0001c9       data   0x000000
         .idata_hwcalls.o      idata   0x0001c9       data   0x000000
         .udata_vectors.o      udata   0x0001c9       data   0x000000
         .idata_vectors.o      idata   0x0001c9       data   0x000000
          .udata_eeprom.o      udata   0x0001c9       data   0x000000
                   .stack      udata   0x000700       data   0x000100
            SFR_UNBANKED0      udata   0x000f62       data   0x00009e



                              Program Memory Usage 
                               Start         End      
                           ---------   ---------      
                            0x000000    0x000005      
                            0x000008    0x00000d      
                            0x000a00    0x000a05      
                            0x000a08    0x000a0d      
                            0x000a2a    0x001929      
                            0x004000    0x005ffe      
            12055 out of 22338 program addresses used, program memory utilization is 53%



                              Symbols - Sorted by Name
                     Name    Address   Location    Storage File                     
                ---------  ---------  ---------  --------- ---------                
             AllDigitsOff   0x0012f2    program     extern C:\git\go\src\github.com\JamesDunne\eminor2\v1\controller\PIC\leds.c
              AsciiTo7Seg   0x0014e2    program     extern C:\git\go\src\github.com\JamesDunne\eminor2\v1\controller\PIC\leds.c
                CLEAR_RAM   0x00189c    program     extern C:\git\go\src\github.com\JamesDunne\eminor2\v1\controller\PIC\config.asm
                   EERead   0x001804    program     extern C:\git\go\src\github.com\JamesDunne\eminor2\v1\controller\PIC\eeprom.c
                  EEWrite   0x001822    program     extern C:\git\go\src\github.com\JamesDunne\eminor2\v1\controller\PIC\eeprom.c
             EraseProgMem   0x001602    program     extern C:\git\go\src\github.com\JamesDunne\eminor2\v1\controller\PIC\writeprogmem.c
                 FXD0808U   0x00190e    program     extern E:\c18v3.46\pic18-lt\cxx-framework\src\traditional\math\fxd0808u.c
              HandleDigit   0x00130e    program     extern C:\git\go\src\github.com\JamesDunne\eminor2\v1\controller\PIC\leds.c
     InterruptHandlerHigh   0x00165e    program     extern C:\git\go\src\github.com\JamesDunne\eminor2\v1\controller\PIC\intslct.c
      InterruptVectorHigh   0x000a08    program     extern C:\git\go\src\github.com\JamesDunne\eminor2\v1\controller\PIC\intslct.c
          LettersSegTable   0x0018d4    program     extern C:\git\go\src\github.com\JamesDunne\eminor2\v1\controller\PIC\leds.c
        MIDI_COMM_ROUTINE   0x001708    program     extern C:\git\go\src\github.com\JamesDunne\eminor2\v1\controller\PIC\MidiComm.c
             MIDI_ENQUEUE   0x00176e    program     extern C:\git\go\src\github.com\JamesDunne\eminor2\v1\controller\PIC\MidiComm.c
          NumbersSegTable   0x0018ca    program     extern C:\git\go\src\github.com\JamesDunne\eminor2\v1\controller\PIC\leds.c
             Process7Segs   0x0012a8    program     extern C:\git\go\src\github.com\JamesDunne\eminor2\v1\controller\PIC\leds.c
                 RAMCLEAR   0x0018fc    program     static                          
                RAMCLEAR1   0x0018a0    program     static C:\git\go\src\github.com\JamesDunne\eminor2\v1\controller\PIC\config.asm
     RESET_MIDI_TX_BUFFER   0x00179a    program     extern C:\git\go\src\github.com\JamesDunne\eminor2\v1\controller\PIC\MidiComm.c
             ROM_SAVEDATA   0x004000    program     extern C:\git\go\src\github.com\JamesDunne\eminor2\v1\controller\PIC\tables.c
              ReadButtons   0x000b2e    program     extern C:\git\go\src\github.com\JamesDunne\eminor2\v1\controller\PIC\hwcalls.c
                   ReadEE   0x001616    program     extern C:\git\go\src\github.com\JamesDunne\eminor2\v1\controller\PIC\writeprogmem.c
           RealInitVector   0x000000    program     extern C:\git\go\src\github.com\JamesDunne\eminor2\v1\controller\PIC\vectors.c
  RealInterruptVectorHigh   0x000008    program     extern C:\git\go\src\github.com\JamesDunne\eminor2\v1\controller\PIC\vectors.c
           Scroll7SegDisp   0x001592    program     extern C:\git\go\src\github.com\JamesDunne\eminor2\v1\controller\PIC\leds.c
       SendDataToShiftReg   0x000ade    program     extern C:\git\go\src\github.com\JamesDunne\eminor2\v1\controller\PIC\hwcalls.c
            SetDipAddress   0x000bca    program     extern C:\git\go\src\github.com\JamesDunne\eminor2\v1\controller\PIC\hwcalls.c
             SetDispAscii   0x0013b4    program     extern C:\git\go\src\github.com\JamesDunne\eminor2\v1\controller\PIC\leds.c
               StartWrite   0x001594    program     extern C:\git\go\src\github.com\JamesDunne\eminor2\v1\controller\PIC\writeprogmem.c
        SystemTimeRoutine   0x00185a    program     extern C:\git\go\src\github.com\JamesDunne\eminor2\v1\controller\PIC\systick.c
               UpdateLeds   0x000bf4    program     extern C:\git\go\src\github.com\JamesDunne\eminor2\v1\controller\PIC\hwcalls.c
                  WriteEE   0x001632    program     extern C:\git\go\src\github.com\JamesDunne\eminor2\v1\controller\PIC\writeprogmem.c
             WriteProgMem   0x0015a0    program     extern C:\git\go\src\github.com\JamesDunne\eminor2\v1\controller\PIC\writeprogmem.c
           ___do_lbl00002   0x00184a    program     static                          
           ___do_lbl00003   0x00184e    program     static                          
           ___do_lbl00004   0x001848    program     static                          
          ___for_lbl00001   0x000aaa    program     static                          
          ___for_lbl00002   0x000aac    program     static                          
          ___for_lbl00010   0x000a48    program     static                          
           ___if_lbl00003   0x000a5e    program     static                          
           ___if_lbl00004   0x000a70    program     static                          
           ___if_lbl00005   0x000a7c    program     static                          
           ___if_lbl00006   0x000a88    program     static                          
           ___if_lbl00007   0x000a92    program     static                          
           ___if_lbl00008   0x000a9c    program     static                          
           ___if_lbl00009   0x000aa6    program     static                          
       ___return_lbl00000   0x001928    program     static                          
       ___return_lbl00000   0x000004    program     static                          
       ___return_lbl00000   0x000aac    program     static                          
       ___return_lbl00000   0x000a04    program     static                          
       ___return_lbl00000   0x000a0c    program     static                          
       ___return_lbl00001   0x00000c    program     static                          
       ___return_lbl00001   0x001852    program     static                          
       ___return_lbl00001   0x00190c    program     static                          
            __zero_memory   0x0018aa    program     extern E:\c18v3.46\pic18-lt\cxx-framework\src\traditional\proc\p18f4455.asm
                   _entry   0x000a00    program     extern C:\git\go\src\github.com\JamesDunne\eminor2\v1\controller\PIC\startup.c
                 _startup   0x0018ee    program     extern C:\git\go\src\github.com\JamesDunne\eminor2\v1\controller\PIC\startup.c
          axe_midi_cc_set   0x00106c    program     static C:\git\go\src\github.com\JamesDunne\eminor2\v1\controller\common\controller-axefx.c
          axe_set_program   0x00109a    program     static C:\git\go\src\github.com\JamesDunne\eminor2\v1\controller\common\controller-axefx.c
            axe_set_scene   0x0010c8    program     static C:\git\go\src\github.com\JamesDunne\eminor2\v1\controller\common\controller-axefx.c
              button_held   0x001014    program     static C:\git\go\src\github.com\JamesDunne\eminor2\v1\controller\common\controller-axefx.c
           button_pressed   0x000fe4    program     static C:\git\go\src\github.com\JamesDunne\eminor2\v1\controller\common\controller-axefx.c
          button_released   0x00103c    program     static C:\git\go\src\github.com\JamesDunne\eminor2\v1\controller\common\controller-axefx.c
                compare_l   0x0018c0    program     static E:\c18v3.46\pic18-lt\cxx-framework\src\traditional\proc\p18f4455.asm
  controller_10msec_timer   0x0011fc    program     extern C:\git\go\src\github.com\JamesDunne\eminor2\v1\controller\common\controller-axefx.c
        controller_handle   0x0011fe    program     extern C:\git\go\src\github.com\JamesDunne\eminor2\v1\controller\common\controller-axefx.c
          controller_init   0x0011ea    program     extern C:\git\go\src\github.com\JamesDunne\eminor2\v1\controller\common\controller-axefx.c
                  endloop   0x001924    program     static                          
                expr_poll   0x000c86    program     extern C:\git\go\src\github.com\JamesDunne\eminor2\v1\controller\PIC\hwcalls.c
               flash_load   0x000c8c    program     extern C:\git\go\src\github.com\JamesDunne\eminor2\v1\controller\PIC\hwcalls.c
              flash_store   0x000d26    program     extern C:\git\go\src\github.com\JamesDunne\eminor2\v1\controller\PIC\hwcalls.c
          fsw_led_disable   0x000c52    program     extern C:\git\go\src\github.com\JamesDunne\eminor2\v1\controller\PIC\hwcalls.c
           fsw_led_enable   0x000c2a    program     extern C:\git\go\src\github.com\JamesDunne\eminor2\v1\controller\PIC\hwcalls.c
       fsw_led_set_active   0x000bfe    program     extern C:\git\go\src\github.com\JamesDunne\eminor2\v1\controller\PIC\hwcalls.c
                 fsw_poll   0x000bee    program     extern C:\git\go\src\github.com\JamesDunne\eminor2\v1\controller\PIC\hwcalls.c
                     init   0x0017a4    program     extern C:\git\go\src\github.com\JamesDunne\eminor2\v1\controller\PIC\init.c
         leds_show_1digit   0x0014ba    program     extern C:\git\go\src\github.com\JamesDunne\eminor2\v1\controller\PIC\leds.c
        leds_show_4alphas   0x001432    program     extern C:\git\go\src\github.com\JamesDunne\eminor2\v1\controller\PIC\leds.c
                     loop   0x001916    program     static                          
                     loop   0x001906    program     static                          
                   loop_h   0x0018b8    program     static E:\c18v3.46\pic18-lt\cxx-framework\src\traditional\proc\p18f4455.asm
                   loop_l   0x0018c2    program     static E:\c18v3.46\pic18-lt\cxx-framework\src\traditional\proc\p18f4455.asm
                     main   0x000a2a    program     extern C:\git\go\src\github.com\JamesDunne\eminor2\v1\controller\PIC\main.c
           midi_send_byte   0x000ac2    program     extern C:\git\go\src\github.com\JamesDunne\eminor2\v1\controller\PIC\hwcalls.c
           midi_send_cmd1   0x000e76    program     extern C:\git\go\src\github.com\JamesDunne\eminor2\v1\controller\PIC\hwcalls.c
           midi_send_cmd2   0x000eae    program     extern C:\git\go\src\github.com\JamesDunne\eminor2\v1\controller\PIC\hwcalls.c
            ralign_itoa10   0x000ef2    program     static C:\git\go\src\github.com\JamesDunne\eminor2\v1\controller\common\controller-axefx.c
              slider_poll   0x000c80    program     extern C:\git\go\src\github.com\JamesDunne\eminor2\v1\controller\PIC\hwcalls.c
              update_7seg   0x000f92    program     static C:\git\go\src\github.com\JamesDunne\eminor2\v1\controller\common\controller-axefx.c
               zero_block   0x0018b8    program     static E:\c18v3.46\pic18-lt\cxx-framework\src\traditional\proc\p18f4455.asm
                   ADCON0   0x000fc2       data     extern E:\c18v3.46\pic18-lt\cxx-framework\src\traditional\proc\p18f4455.asm
               ADCON0bits   0x000fc2       data     extern E:\c18v3.46\pic18-lt\cxx-framework\src\traditional\proc\p18f4455.asm
                   ADCON1   0x000fc1       data     extern E:\c18v3.46\pic18-lt\cxx-framework\src\traditional\proc\p18f4455.asm
               ADCON1bits   0x000fc1       data     extern E:\c18v3.46\pic18-lt\cxx-framework\src\traditional\proc\p18f4455.asm
                   ADCON2   0x000fc0       data     extern E:\c18v3.46\pic18-lt\cxx-framework\src\traditional\proc\p18f4455.asm
               ADCON2bits   0x000fc0       data     extern E:\c18v3.46\pic18-lt\cxx-framework\src\traditional\proc\p18f4455.asm
                    ADRES   0x000fc3       data     extern E:\c18v3.46\pic18-lt\cxx-framework\src\traditional\proc\p18f4455.asm
                   ADRESH   0x000fc4       data     extern E:\c18v3.46\pic18-lt\cxx-framework\src\traditional\proc\p18f4455.asm
                   ADRESL   0x000fc3       data     extern E:\c18v3.46\pic18-lt\cxx-framework\src\traditional\proc\p18f4455.asm
                ArbFlags1   0x00000f       data     extern C:\git\go\src\github.com\JamesDunne\eminor2\v1\controller\PIC\ram_def.c
                ArbFlags2   0x000010       data     extern C:\git\go\src\github.com\JamesDunne\eminor2\v1\controller\PIC\ram_def.c
                  BAUDCON   0x000fb8       data     extern E:\c18v3.46\pic18-lt\cxx-framework\src\traditional\proc\p18f4455.asm
              BAUDCONbits   0x000fb8       data     extern E:\c18v3.46\pic18-lt\cxx-framework\src\traditional\proc\p18f4455.asm
                  BAUDCTL   0x000fb8       data     extern E:\c18v3.46\pic18-lt\cxx-framework\src\traditional\proc\p18f4455.asm
              BAUDCTLbits   0x000fb8       data     extern E:\c18v3.46\pic18-lt\cxx-framework\src\traditional\proc\p18f4455.asm
                      BSR   0x000fe0       data     extern E:\c18v3.46\pic18-lt\cxx-framework\src\traditional\proc\p18f4455.asm
              ButtonState   0x00014f       data     extern C:\git\go\src\github.com\JamesDunne\eminor2\v1\controller\PIC\ram_def.c
                   CCP1AS   0x000fb6       data     extern E:\c18v3.46\pic18-lt\cxx-framework\src\traditional\proc\p18f4455.asm
               CCP1ASbits   0x000fb6       data     extern E:\c18v3.46\pic18-lt\cxx-framework\src\traditional\proc\p18f4455.asm
                  CCP1CON   0x000fbd       data     extern E:\c18v3.46\pic18-lt\cxx-framework\src\traditional\proc\p18f4455.asm
              CCP1CONbits   0x000fbd       data     extern E:\c18v3.46\pic18-lt\cxx-framework\src\traditional\proc\p18f4455.asm
                  CCP1DEL   0x000fb7       data     extern E:\c18v3.46\pic18-lt\cxx-framework\src\traditional\proc\p18f4455.asm
              CCP1DELbits   0x000fb7       data     extern E:\c18v3.46\pic18-lt\cxx-framework\src\traditional\proc\p18f4455.asm
                  CCP2CON   0x000fba       data     extern E:\c18v3.46\pic18-lt\cxx-framework\src\traditional\proc\p18f4455.asm
              CCP2CONbits   0x000fba       data     extern E:\c18v3.46\pic18-lt\cxx-framework\src\traditional\proc\p18f4455.asm
                    CCPR1   0x000fbe       data     extern E:\c18v3.46\pic18-lt\cxx-framework\src\traditional\proc\p18f4455.asm
                   CCPR1H   0x000fbf       data     extern E:\c18v3.46\pic18-lt\cxx-framework\src\traditional\proc\p18f4455.asm
                   CCPR1L   0x000fbe       data     extern E:\c18v3.46\pic18-lt\cxx-framework\src\traditional\proc\p18f4455.asm
                    CCPR2   0x000fbb       data     extern E:\c18v3.46\pic18-lt\cxx-framework\src\traditional\proc\p18f4455.asm
                   CCPR2H   0x000fbc       data     extern E:\c18v3.46\pic18-lt\cxx-framework\src\traditional\proc\p18f4455.asm
                   CCPR2L   0x000fbb       data     extern E:\c18v3.46\pic18-lt\cxx-framework\src\traditional\proc\p18f4455.asm
                    CMCON   0x000fb4       data     extern E:\c18v3.46\pic18-lt\cxx-framework\src\traditional\proc\p18f4455.asm
                CMCONbits   0x000fb4       data     extern E:\c18v3.46\pic18-lt\cxx-framework\src\traditional\proc\p18f4455.asm
                   CVRCON   0x000fb5       data     extern E:\c18v3.46\pic18-lt\cxx-framework\src\traditional\proc\p18f4455.asm
               CVRCONbits   0x000fb5       data     extern E:\c18v3.46\pic18-lt\cxx-framework\src\traditional\proc\p18f4455.asm
               ComPointer   0x000156       data     extern C:\git\go\src\github.com\JamesDunne\eminor2\v1\controller\PIC\ram_def.c
               CommFlags1   0x00000e       data     extern C:\git\go\src\github.com\JamesDunne\eminor2\v1\controller\PIC\ram_def.c
                     DDRA   0x000f92       data     extern E:\c18v3.46\pic18-lt\cxx-framework\src\traditional\proc\p18f4455.asm
                 DDRAbits   0x000f92       data     extern E:\c18v3.46\pic18-lt\cxx-framework\src\traditional\proc\p18f4455.asm
                     DDRB   0x000f93       data     extern E:\c18v3.46\pic18-lt\cxx-framework\src\traditional\proc\p18f4455.asm
                 DDRBbits   0x000f93       data     extern E:\c18v3.46\pic18-lt\cxx-framework\src\traditional\proc\p18f4455.asm
                     DDRC   0x000f94       data     extern E:\c18v3.46\pic18-lt\cxx-framework\src\traditional\proc\p18f4455.asm
                 DDRCbits   0x000f94       data     extern E:\c18v3.46\pic18-lt\cxx-framework\src\traditional\proc\p18f4455.asm
                     DDRD   0x000f95       data     extern E:\c18v3.46\pic18-lt\cxx-framework\src\traditional\proc\p18f4455.asm
                 DDRDbits   0x000f95       data     extern E:\c18v3.46\pic18-lt\cxx-framework\src\traditional\proc\p18f4455.asm
                     DDRE   0x000f96       data     extern E:\c18v3.46\pic18-lt\cxx-framework\src\traditional\proc\p18f4455.asm
                 DDREbits   0x000f96       data     extern E:\c18v3.46\pic18-lt\cxx-framework\src\traditional\proc\p18f4455.asm
         DispNumOfCommons   0x00014d       data     extern C:\git\go\src\github.com\JamesDunne\eminor2\v1\controller\PIC\ram_def.c
              DispSegData   0x000100       data     extern C:\git\go\src\github.com\JamesDunne\eminor2\v1\controller\PIC\ram_def.c
                  ECCP1AS   0x000fb6       data     extern E:\c18v3.46\pic18-lt\cxx-framework\src\traditional\proc\p18f4455.asm
              ECCP1ASbits   0x000fb6       data     extern E:\c18v3.46\pic18-lt\cxx-framework\src\traditional\proc\p18f4455.asm
                 ECCP1CON   0x000fbd       data     extern E:\c18v3.46\pic18-lt\cxx-framework\src\traditional\proc\p18f4455.asm
             ECCP1CONbits   0x000fbd       data     extern E:\c18v3.46\pic18-lt\cxx-framework\src\traditional\proc\p18f4455.asm
                 ECCP1DEL   0x000fb7       data     extern E:\c18v3.46\pic18-lt\cxx-framework\src\traditional\proc\p18f4455.asm
             ECCP1DELbits   0x000fb7       data     extern E:\c18v3.46\pic18-lt\cxx-framework\src\traditional\proc\p18f4455.asm
                    EEADR   0x000fa9       data     extern E:\c18v3.46\pic18-lt\cxx-framework\src\traditional\proc\p18f4455.asm
                   EECON1   0x000fa6       data     extern E:\c18v3.46\pic18-lt\cxx-framework\src\traditional\proc\p18f4455.asm
               EECON1bits   0x000fa6       data     extern E:\c18v3.46\pic18-lt\cxx-framework\src\traditional\proc\p18f4455.asm
                   EECON2   0x000fa7       data     extern E:\c18v3.46\pic18-lt\cxx-framework\src\traditional\proc\p18f4455.asm
                   EEDATA   0x000fa8       data     extern E:\c18v3.46\pic18-lt\cxx-framework\src\traditional\proc\p18f4455.asm
              ExpPedalAvg   0x000157       data     extern C:\git\go\src\github.com\JamesDunne\eminor2\v1\controller\PIC\ram_def.c
             ExpPedalInst   0x000150       data     extern C:\git\go\src\github.com\JamesDunne\eminor2\v1\controller\PIC\ram_def.c
                     FSR0   0x000fe9       data     extern E:\c18v3.46\pic18-lt\cxx-framework\src\traditional\proc\p18f4455.asm
                    FSR0H   0x000fea       data     extern E:\c18v3.46\pic18-lt\cxx-framework\src\traditional\proc\p18f4455.asm
                    FSR0L   0x000fe9       data     extern E:\c18v3.46\pic18-lt\cxx-framework\src\traditional\proc\p18f4455.asm
                     FSR1   0x000fe1       data     extern E:\c18v3.46\pic18-lt\cxx-framework\src\traditional\proc\p18f4455.asm
                    FSR1H   0x000fe2       data     extern E:\c18v3.46\pic18-lt\cxx-framework\src\traditional\proc\p18f4455.asm
                    FSR1L   0x000fe1       data     extern E:\c18v3.46\pic18-lt\cxx-framework\src\traditional\proc\p18f4455.asm
                     FSR2   0x000fd9       data     extern E:\c18v3.46\pic18-lt\cxx-framework\src\traditional\proc\p18f4455.asm
                    FSR2H   0x000fda       data     extern E:\c18v3.46\pic18-lt\cxx-framework\src\traditional\proc\p18f4455.asm
                    FSR2L   0x000fd9       data     extern E:\c18v3.46\pic18-lt\cxx-framework\src\traditional\proc\p18f4455.asm
                  HLVDCON   0x000fd2       data     extern E:\c18v3.46\pic18-lt\cxx-framework\src\traditional\proc\p18f4455.asm
              HLVDCONbits   0x000fd2       data     extern E:\c18v3.46\pic18-lt\cxx-framework\src\traditional\proc\p18f4455.asm
                    INDF0   0x000fef       data     extern E:\c18v3.46\pic18-lt\cxx-framework\src\traditional\proc\p18f4455.asm
                    INDF1   0x000fe7       data     extern E:\c18v3.46\pic18-lt\cxx-framework\src\traditional\proc\p18f4455.asm
                    INDF2   0x000fdf       data     extern E:\c18v3.46\pic18-lt\cxx-framework\src\traditional\proc\p18f4455.asm
                   INTCON   0x000ff2       data     extern E:\c18v3.46\pic18-lt\cxx-framework\src\traditional\proc\p18f4455.asm
                  INTCON2   0x000ff1       data     extern E:\c18v3.46\pic18-lt\cxx-framework\src\traditional\proc\p18f4455.asm
              INTCON2bits   0x000ff1       data     extern E:\c18v3.46\pic18-lt\cxx-framework\src\traditional\proc\p18f4455.asm
                  INTCON3   0x000ff0       data     extern E:\c18v3.46\pic18-lt\cxx-framework\src\traditional\proc\p18f4455.asm
              INTCON3bits   0x000ff0       data     extern E:\c18v3.46\pic18-lt\cxx-framework\src\traditional\proc\p18f4455.asm
               INTCONbits   0x000ff2       data     extern E:\c18v3.46\pic18-lt\cxx-framework\src\traditional\proc\p18f4455.asm
                     IPR1   0x000f9f       data     extern E:\c18v3.46\pic18-lt\cxx-framework\src\traditional\proc\p18f4455.asm
                 IPR1bits   0x000f9f       data     extern E:\c18v3.46\pic18-lt\cxx-framework\src\traditional\proc\p18f4455.asm
                     IPR2   0x000fa2       data     extern E:\c18v3.46\pic18-lt\cxx-framework\src\traditional\proc\p18f4455.asm
                 IPR2bits   0x000fa2       data     extern E:\c18v3.46\pic18-lt\cxx-framework\src\traditional\proc\p18f4455.asm
                     LATA   0x000f89       data     extern E:\c18v3.46\pic18-lt\cxx-framework\src\traditional\proc\p18f4455.asm
                 LATAbits   0x000f89       data     extern E:\c18v3.46\pic18-lt\cxx-framework\src\traditional\proc\p18f4455.asm
                     LATB   0x000f8a       data     extern E:\c18v3.46\pic18-lt\cxx-framework\src\traditional\proc\p18f4455.asm
                 LATBbits   0x000f8a       data     extern E:\c18v3.46\pic18-lt\cxx-framework\src\traditional\proc\p18f4455.asm
                     LATC   0x000f8b       data     extern E:\c18v3.46\pic18-lt\cxx-framework\src\traditional\proc\p18f4455.asm
                 LATCbits   0x000f8b       data     extern E:\c18v3.46\pic18-lt\cxx-framework\src\traditional\proc\p18f4455.asm
                     LATD   0x000f8c       data     extern E:\c18v3.46\pic18-lt\cxx-framework\src\traditional\proc\p18f4455.asm
                 LATDbits   0x000f8c       data     extern E:\c18v3.46\pic18-lt\cxx-framework\src\traditional\proc\p18f4455.asm
                     LATE   0x000f8d       data     extern E:\c18v3.46\pic18-lt\cxx-framework\src\traditional\proc\p18f4455.asm
                 LATEbits   0x000f8d       data     extern E:\c18v3.46\pic18-lt\cxx-framework\src\traditional\proc\p18f4455.asm
                   LVDCON   0x000fd2       data     extern E:\c18v3.46\pic18-lt\cxx-framework\src\traditional\proc\p18f4455.asm
               LVDCONbits   0x000fd2       data     extern E:\c18v3.46\pic18-lt\cxx-framework\src\traditional\proc\p18f4455.asm
                LedStates   0x00014e       data     extern C:\git\go\src\github.com\JamesDunne\eminor2\v1\controller\PIC\ram_def.c
               MiscFlags1   0x000011       data     extern C:\git\go\src\github.com\JamesDunne\eminor2\v1\controller\PIC\ram_def.c
              NVRCommAddr   0x000147       data     extern C:\git\go\src\github.com\JamesDunne\eminor2\v1\controller\PIC\ram_def.c
                   OSCCON   0x000fd3       data     extern E:\c18v3.46\pic18-lt\cxx-framework\src\traditional\proc\p18f4455.asm
               OSCCONbits   0x000fd3       data     extern E:\c18v3.46\pic18-lt\cxx-framework\src\traditional\proc\p18f4455.asm
                  OSCTUNE   0x000f9b       data     extern E:\c18v3.46\pic18-lt\cxx-framework\src\traditional\proc\p18f4455.asm
              OSCTUNEbits   0x000f9b       data     extern E:\c18v3.46\pic18-lt\cxx-framework\src\traditional\proc\p18f4455.asm
                       PC   0x000ff9       data     extern E:\c18v3.46\pic18-lt\cxx-framework\src\traditional\proc\p18f4455.asm
                      PCL   0x000ff9       data     extern E:\c18v3.46\pic18-lt\cxx-framework\src\traditional\proc\p18f4455.asm
                   PCLATH   0x000ffa       data     extern E:\c18v3.46\pic18-lt\cxx-framework\src\traditional\proc\p18f4455.asm
                   PCLATU   0x000ffb       data     extern E:\c18v3.46\pic18-lt\cxx-framework\src\traditional\proc\p18f4455.asm
                     PIE1   0x000f9d       data     extern E:\c18v3.46\pic18-lt\cxx-framework\src\traditional\proc\p18f4455.asm
                 PIE1bits   0x000f9d       data     extern E:\c18v3.46\pic18-lt\cxx-framework\src\traditional\proc\p18f4455.asm
                     PIE2   0x000fa0       data     extern E:\c18v3.46\pic18-lt\cxx-framework\src\traditional\proc\p18f4455.asm
                 PIE2bits   0x000fa0       data     extern E:\c18v3.46\pic18-lt\cxx-framework\src\traditional\proc\p18f4455.asm
                     PIR1   0x000f9e       data     extern E:\c18v3.46\pic18-lt\cxx-framework\src\traditional\proc\p18f4455.asm
                 PIR1bits   0x000f9e       data     extern E:\c18v3.46\pic18-lt\cxx-framework\src\traditional\proc\p18f4455.asm
                     PIR2   0x000fa1       data     extern E:\c18v3.46\pic18-lt\cxx-framework\src\traditional\proc\p18f4455.asm
                 PIR2bits   0x000fa1       data     extern E:\c18v3.46\pic18-lt\cxx-framework\src\traditional\proc\p18f4455.asm
                   PLUSW0   0x000feb       data     extern E:\c18v3.46\pic18-lt\cxx-framework\src\traditional\proc\p18f4455.asm
                   PLUSW1   0x000fe3       data     extern E:\c18v3.46\pic18-lt\cxx-framework\src\traditional\proc\p18f4455.asm
                   PLUSW2   0x000fdb       data     extern E:\c18v3.46\pic18-lt\cxx-framework\src\traditional\proc\p18f4455.asm
                    PORTA   0x000f80       data     extern E:\c18v3.46\pic18-lt\cxx-framework\src\traditional\proc\p18f4455.asm
                PORTAbits   0x000f80       data     extern E:\c18v3.46\pic18-lt\cxx-framework\src\traditional\proc\p18f4455.asm
                    PORTB   0x000f81       data     extern E:\c18v3.46\pic18-lt\cxx-framework\src\traditional\proc\p18f4455.asm
                PORTBbits   0x000f81       data     extern E:\c18v3.46\pic18-lt\cxx-framework\src\traditional\proc\p18f4455.asm
                    PORTC   0x000f82       data     extern E:\c18v3.46\pic18-lt\cxx-framework\src\traditional\proc\p18f4455.asm
                PORTCbits   0x000f82       data     extern E:\c18v3.46\pic18-lt\cxx-framework\src\traditional\proc\p18f4455.asm
                    PORTD   0x000f83       data     extern E:\c18v3.46\pic18-lt\cxx-framework\src\traditional\proc\p18f4455.asm
                PORTDbits   0x000f83       data     extern E:\c18v3.46\pic18-lt\cxx-framework\src\traditional\proc\p18f4455.asm
                    PORTE   0x000f84       data     extern E:\c18v3.46\pic18-lt\cxx-framework\src\traditional\proc\p18f4455.asm
                PORTEbits   0x000f84       data     extern E:\c18v3.46\pic18-lt\cxx-framework\src\traditional\proc\p18f4455.asm
                 POSTDEC0   0x000fed       data     extern E:\c18v3.46\pic18-lt\cxx-framework\src\traditional\proc\p18f4455.asm
                 POSTDEC1   0x000fe5       data     extern E:\c18v3.46\pic18-lt\cxx-framework\src\traditional\proc\p18f4455.asm
                 POSTDEC2   0x000fdd       data     extern E:\c18v3.46\pic18-lt\cxx-framework\src\traditional\proc\p18f4455.asm
                 POSTINC0   0x000fee       data     extern E:\c18v3.46\pic18-lt\cxx-framework\src\traditional\proc\p18f4455.asm
                 POSTINC1   0x000fe6       data     extern E:\c18v3.46\pic18-lt\cxx-framework\src\traditional\proc\p18f4455.asm
                 POSTINC2   0x000fde       data     extern E:\c18v3.46\pic18-lt\cxx-framework\src\traditional\proc\p18f4455.asm
                      PR2   0x000fcb       data     extern E:\c18v3.46\pic18-lt\cxx-framework\src\traditional\proc\p18f4455.asm
                  PREINC0   0x000fec       data     extern E:\c18v3.46\pic18-lt\cxx-framework\src\traditional\proc\p18f4455.asm
                  PREINC1   0x000fe4       data     extern E:\c18v3.46\pic18-lt\cxx-framework\src\traditional\proc\p18f4455.asm
                  PREINC2   0x000fdc       data     extern E:\c18v3.46\pic18-lt\cxx-framework\src\traditional\proc\p18f4455.asm
                     PROD   0x000ff3       data     extern E:\c18v3.46\pic18-lt\cxx-framework\src\traditional\proc\p18f4455.asm
                    PRODH   0x000ff4       data     extern E:\c18v3.46\pic18-lt\cxx-framework\src\traditional\proc\p18f4455.asm
                    PRODL   0x000ff3       data     extern E:\c18v3.46\pic18-lt\cxx-framework\src\traditional\proc\p18f4455.asm
              ProgMemAddr   0x000105       data     extern C:\git\go\src\github.com\JamesDunne\eminor2\v1\controller\PIC\ram_def.c
            ProgmemBuffer   0x000107       data     extern C:\git\go\src\github.com\JamesDunne\eminor2\v1\controller\PIC\ram_def.c
              RAMCommAddr   0x000149       data     extern C:\git\go\src\github.com\JamesDunne\eminor2\v1\controller\PIC\ram_def.c
                     RCON   0x000fd0       data     extern E:\c18v3.46\pic18-lt\cxx-framework\src\traditional\proc\p18f4455.asm
                 RCONbits   0x000fd0       data     extern E:\c18v3.46\pic18-lt\cxx-framework\src\traditional\proc\p18f4455.asm
                    RCREG   0x000fae       data     extern E:\c18v3.46\pic18-lt\cxx-framework\src\traditional\proc\p18f4455.asm
                    RCSTA   0x000fab       data     extern E:\c18v3.46\pic18-lt\cxx-framework\src\traditional\proc\p18f4455.asm
                RCSTAbits   0x000fab       data     extern E:\c18v3.46\pic18-lt\cxx-framework\src\traditional\proc\p18f4455.asm
              ROMCommAddr   0x00014b       data     extern C:\git\go\src\github.com\JamesDunne\eminor2\v1\controller\PIC\ram_def.c
             ResponseType   0x0001c4       data     extern C:\git\go\src\github.com\JamesDunne\eminor2\v1\controller\PIC\ram_def.c
                    SPBRG   0x000faf       data     extern E:\c18v3.46\pic18-lt\cxx-framework\src\traditional\proc\p18f4455.asm
                   SPBRGH   0x000fb0       data     extern E:\c18v3.46\pic18-lt\cxx-framework\src\traditional\proc\p18f4455.asm
                   SPPCFG   0x000f63       data     extern E:\c18v3.46\pic18-lt\cxx-framework\src\traditional\proc\p18f4455.asm
               SPPCFGbits   0x000f63       data     extern E:\c18v3.46\pic18-lt\cxx-framework\src\traditional\proc\p18f4455.asm
                   SPPCON   0x000f65       data     extern E:\c18v3.46\pic18-lt\cxx-framework\src\traditional\proc\p18f4455.asm
               SPPCONbits   0x000f65       data     extern E:\c18v3.46\pic18-lt\cxx-framework\src\traditional\proc\p18f4455.asm
                  SPPDATA   0x000f62       data     extern E:\c18v3.46\pic18-lt\cxx-framework\src\traditional\proc\p18f4455.asm
                   SPPEPS   0x000f64       data     extern E:\c18v3.46\pic18-lt\cxx-framework\src\traditional\proc\p18f4455.asm
               SPPEPSbits   0x000f64       data     extern E:\c18v3.46\pic18-lt\cxx-framework\src\traditional\proc\p18f4455.asm
                   SSPADD   0x000fc8       data     extern E:\c18v3.46\pic18-lt\cxx-framework\src\traditional\proc\p18f4455.asm
                   SSPBUF   0x000fc9       data     extern E:\c18v3.46\pic18-lt\cxx-framework\src\traditional\proc\p18f4455.asm
                  SSPCON1   0x000fc6       data     extern E:\c18v3.46\pic18-lt\cxx-framework\src\traditional\proc\p18f4455.asm
              SSPCON1bits   0x000fc6       data     extern E:\c18v3.46\pic18-lt\cxx-framework\src\traditional\proc\p18f4455.asm
                  SSPCON2   0x000fc5       data     extern E:\c18v3.46\pic18-lt\cxx-framework\src\traditional\proc\p18f4455.asm
              SSPCON2bits   0x000fc5       data     extern E:\c18v3.46\pic18-lt\cxx-framework\src\traditional\proc\p18f4455.asm
                  SSPSTAT   0x000fc7       data     extern E:\c18v3.46\pic18-lt\cxx-framework\src\traditional\proc\p18f4455.asm
              SSPSTATbits   0x000fc7       data     extern E:\c18v3.46\pic18-lt\cxx-framework\src\traditional\proc\p18f4455.asm
                   STATUS   0x000fd8       data     extern E:\c18v3.46\pic18-lt\cxx-framework\src\traditional\proc\p18f4455.asm
               STATUSbits   0x000fd8       data     extern E:\c18v3.46\pic18-lt\cxx-framework\src\traditional\proc\p18f4455.asm
                   STKPTR   0x000ffc       data     extern E:\c18v3.46\pic18-lt\cxx-framework\src\traditional\proc\p18f4455.asm
               STKPTRbits   0x000ffc       data     extern E:\c18v3.46\pic18-lt\cxx-framework\src\traditional\proc\p18f4455.asm
              SystickCntr   0x000151       data     extern C:\git\go\src\github.com\JamesDunne\eminor2\v1\controller\PIC\ram_def.c
             SystickCntr2   0x000152       data     extern C:\git\go\src\github.com\JamesDunne\eminor2\v1\controller\PIC\ram_def.c
             SystickCntr3   0x000153       data     extern C:\git\go\src\github.com\JamesDunne\eminor2\v1\controller\PIC\ram_def.c
             SystickCntr4   0x000154       data     extern C:\git\go\src\github.com\JamesDunne\eminor2\v1\controller\PIC\ram_def.c
             SystickCntr5   0x000155       data     extern C:\git\go\src\github.com\JamesDunne\eminor2\v1\controller\PIC\ram_def.c
                    T0CON   0x000fd5       data     extern E:\c18v3.46\pic18-lt\cxx-framework\src\traditional\proc\p18f4455.asm
                T0CONbits   0x000fd5       data     extern E:\c18v3.46\pic18-lt\cxx-framework\src\traditional\proc\p18f4455.asm
                    T1CON   0x000fcd       data     extern E:\c18v3.46\pic18-lt\cxx-framework\src\traditional\proc\p18f4455.asm
                T1CONbits   0x000fcd       data     extern E:\c18v3.46\pic18-lt\cxx-framework\src\traditional\proc\p18f4455.asm
                    T2CON   0x000fca       data     extern E:\c18v3.46\pic18-lt\cxx-framework\src\traditional\proc\p18f4455.asm
                T2CONbits   0x000fca       data     extern E:\c18v3.46\pic18-lt\cxx-framework\src\traditional\proc\p18f4455.asm
                    T3CON   0x000fb1       data     extern E:\c18v3.46\pic18-lt\cxx-framework\src\traditional\proc\p18f4455.asm
                T3CONbits   0x000fb1       data     extern E:\c18v3.46\pic18-lt\cxx-framework\src\traditional\proc\p18f4455.asm
                   TABLAT   0x000ff5       data     extern E:\c18v3.46\pic18-lt\cxx-framework\src\traditional\proc\p18f4455.asm
                   TBLPTR   0x000ff6       data     extern E:\c18v3.46\pic18-lt\cxx-framework\src\traditional\proc\p18f4455.asm
                  TBLPTRH   0x000ff7       data     extern E:\c18v3.46\pic18-lt\cxx-framework\src\traditional\proc\p18f4455.asm
                  TBLPTRL   0x000ff6       data     extern E:\c18v3.46\pic18-lt\cxx-framework\src\traditional\proc\p18f4455.asm
                  TBLPTRU   0x000ff8       data     extern E:\c18v3.46\pic18-lt\cxx-framework\src\traditional\proc\p18f4455.asm
                    TMR0H   0x000fd7       data     extern E:\c18v3.46\pic18-lt\cxx-framework\src\traditional\proc\p18f4455.asm
                    TMR0L   0x000fd6       data     extern E:\c18v3.46\pic18-lt\cxx-framework\src\traditional\proc\p18f4455.asm
                    TMR1H   0x000fcf       data     extern E:\c18v3.46\pic18-lt\cxx-framework\src\traditional\proc\p18f4455.asm
                    TMR1L   0x000fce       data     extern E:\c18v3.46\pic18-lt\cxx-framework\src\traditional\proc\p18f4455.asm
                     TMR2   0x000fcc       data     extern E:\c18v3.46\pic18-lt\cxx-framework\src\traditional\proc\p18f4455.asm
                    TMR3H   0x000fb3       data     extern E:\c18v3.46\pic18-lt\cxx-framework\src\traditional\proc\p18f4455.asm
                    TMR3L   0x000fb2       data     extern E:\c18v3.46\pic18-lt\cxx-framework\src\traditional\proc\p18f4455.asm
                      TOS   0x000ffd       data     extern E:\c18v3.46\pic18-lt\cxx-framework\src\traditional\proc\p18f4455.asm
                     TOSH   0x000ffe       data     extern E:\c18v3.46\pic18-lt\cxx-framework\src\traditional\proc\p18f4455.asm
                     TOSL   0x000ffd       data     extern E:\c18v3.46\pic18-lt\cxx-framework\src\traditional\proc\p18f4455.asm
                     TOSU   0x000fff       data     extern E:\c18v3.46\pic18-lt\cxx-framework\src\traditional\proc\p18f4455.asm
                    TRISA   0x000f92       data     extern E:\c18v3.46\pic18-lt\cxx-framework\src\traditional\proc\p18f4455.asm
                TRISAbits   0x000f92       data     extern E:\c18v3.46\pic18-lt\cxx-framework\src\traditional\proc\p18f4455.asm
                    TRISB   0x000f93       data     extern E:\c18v3.46\pic18-lt\cxx-framework\src\traditional\proc\p18f4455.asm
                TRISBbits   0x000f93       data     extern E:\c18v3.46\pic18-lt\cxx-framework\src\traditional\proc\p18f4455.asm
                    TRISC   0x000f94       data     extern E:\c18v3.46\pic18-lt\cxx-framework\src\traditional\proc\p18f4455.asm
                TRISCbits   0x000f94       data     extern E:\c18v3.46\pic18-lt\cxx-framework\src\traditional\proc\p18f4455.asm
                    TRISD   0x000f95       data     extern E:\c18v3.46\pic18-lt\cxx-framework\src\traditional\proc\p18f4455.asm
                TRISDbits   0x000f95       data     extern E:\c18v3.46\pic18-lt\cxx-framework\src\traditional\proc\p18f4455.asm
                    TRISE   0x000f96       data     extern E:\c18v3.46\pic18-lt\cxx-framework\src\traditional\proc\p18f4455.asm
                TRISEbits   0x000f96       data     extern E:\c18v3.46\pic18-lt\cxx-framework\src\traditional\proc\p18f4455.asm
                    TXREG   0x000fad       data     extern E:\c18v3.46\pic18-lt\cxx-framework\src\traditional\proc\p18f4455.asm
                    TXSTA   0x000fac       data     extern E:\c18v3.46\pic18-lt\cxx-framework\src\traditional\proc\p18f4455.asm
                TXSTAbits   0x000fac       data     extern E:\c18v3.46\pic18-lt\cxx-framework\src\traditional\proc\p18f4455.asm
              TxBufOutPtr   0x000182       data     extern C:\git\go\src\github.com\JamesDunne\eminor2\v1\controller\PIC\ram_def.c
                 TxBufPtr   0x000181       data     extern C:\git\go\src\github.com\JamesDunne\eminor2\v1\controller\PIC\ram_def.c
                 TxBuffer   0x000159       data     extern C:\git\go\src\github.com\JamesDunne\eminor2\v1\controller\PIC\ram_def.c
                    UADDR   0x000f6e       data     extern E:\c18v3.46\pic18-lt\cxx-framework\src\traditional\proc\p18f4455.asm
                UADDRbits   0x000f6e       data     extern E:\c18v3.46\pic18-lt\cxx-framework\src\traditional\proc\p18f4455.asm
                     UCFG   0x000f6f       data     extern E:\c18v3.46\pic18-lt\cxx-framework\src\traditional\proc\p18f4455.asm
                 UCFGbits   0x000f6f       data     extern E:\c18v3.46\pic18-lt\cxx-framework\src\traditional\proc\p18f4455.asm
                     UCON   0x000f6d       data     extern E:\c18v3.46\pic18-lt\cxx-framework\src\traditional\proc\p18f4455.asm
                 UCONbits   0x000f6d       data     extern E:\c18v3.46\pic18-lt\cxx-framework\src\traditional\proc\p18f4455.asm
                     UEIE   0x000f6b       data     extern E:\c18v3.46\pic18-lt\cxx-framework\src\traditional\proc\p18f4455.asm
                 UEIEbits   0x000f6b       data     extern E:\c18v3.46\pic18-lt\cxx-framework\src\traditional\proc\p18f4455.asm
                     UEIR   0x000f6a       data     extern E:\c18v3.46\pic18-lt\cxx-framework\src\traditional\proc\p18f4455.asm
                 UEIRbits   0x000f6a       data     extern E:\c18v3.46\pic18-lt\cxx-framework\src\traditional\proc\p18f4455.asm
                     UEP0   0x000f70       data     extern E:\c18v3.46\pic18-lt\cxx-framework\src\traditional\proc\p18f4455.asm
                 UEP0bits   0x000f70       data     extern E:\c18v3.46\pic18-lt\cxx-framework\src\traditional\proc\p18f4455.asm
                     UEP1   0x000f71       data     extern E:\c18v3.46\pic18-lt\cxx-framework\src\traditional\proc\p18f4455.asm
                    UEP10   0x000f7a       data     extern E:\c18v3.46\pic18-lt\cxx-framework\src\traditional\proc\p18f4455.asm
                UEP10bits   0x000f7a       data     extern E:\c18v3.46\pic18-lt\cxx-framework\src\traditional\proc\p18f4455.asm
                    UEP11   0x000f7b       data     extern E:\c18v3.46\pic18-lt\cxx-framework\src\traditional\proc\p18f4455.asm
                UEP11bits   0x000f7b       data     extern E:\c18v3.46\pic18-lt\cxx-framework\src\traditional\proc\p18f4455.asm
                    UEP12   0x000f7c       data     extern E:\c18v3.46\pic18-lt\cxx-framework\src\traditional\proc\p18f4455.asm
                UEP12bits   0x000f7c       data     extern E:\c18v3.46\pic18-lt\cxx-framework\src\traditional\proc\p18f4455.asm
                    UEP13   0x000f7d       data     extern E:\c18v3.46\pic18-lt\cxx-framework\src\traditional\proc\p18f4455.asm
                UEP13bits   0x000f7d       data     extern E:\c18v3.46\pic18-lt\cxx-framework\src\traditional\proc\p18f4455.asm
                    UEP14   0x000f7e       data     extern E:\c18v3.46\pic18-lt\cxx-framework\src\traditional\proc\p18f4455.asm
                UEP14bits   0x000f7e       data     extern E:\c18v3.46\pic18-lt\cxx-framework\src\traditional\proc\p18f4455.asm
                    UEP15   0x000f7f       data     extern E:\c18v3.46\pic18-lt\cxx-framework\src\traditional\proc\p18f4455.asm
                UEP15bits   0x000f7f       data     extern E:\c18v3.46\pic18-lt\cxx-framework\src\traditional\proc\p18f4455.asm
                 UEP1bits   0x000f71       data     extern E:\c18v3.46\pic18-lt\cxx-framework\src\traditional\proc\p18f4455.asm
                     UEP2   0x000f72       data     extern E:\c18v3.46\pic18-lt\cxx-framework\src\traditional\proc\p18f4455.asm
                 UEP2bits   0x000f72       data     extern E:\c18v3.46\pic18-lt\cxx-framework\src\traditional\proc\p18f4455.asm
                     UEP3   0x000f73       data     extern E:\c18v3.46\pic18-lt\cxx-framework\src\traditional\proc\p18f4455.asm
                 UEP3bits   0x000f73       data     extern E:\c18v3.46\pic18-lt\cxx-framework\src\traditional\proc\p18f4455.asm
                     UEP4   0x000f74       data     extern E:\c18v3.46\pic18-lt\cxx-framework\src\traditional\proc\p18f4455.asm
                 UEP4bits   0x000f74       data     extern E:\c18v3.46\pic18-lt\cxx-framework\src\traditional\proc\p18f4455.asm
                     UEP5   0x000f75       data     extern E:\c18v3.46\pic18-lt\cxx-framework\src\traditional\proc\p18f4455.asm
                 UEP5bits   0x000f75       data     extern E:\c18v3.46\pic18-lt\cxx-framework\src\traditional\proc\p18f4455.asm
                     UEP6   0x000f76       data     extern E:\c18v3.46\pic18-lt\cxx-framework\src\traditional\proc\p18f4455.asm
                 UEP6bits   0x000f76       data     extern E:\c18v3.46\pic18-lt\cxx-framework\src\traditional\proc\p18f4455.asm
                     UEP7   0x000f77       data     extern E:\c18v3.46\pic18-lt\cxx-framework\src\traditional\proc\p18f4455.asm
                 UEP7bits   0x000f77       data     extern E:\c18v3.46\pic18-lt\cxx-framework\src\traditional\proc\p18f4455.asm
                     UEP8   0x000f78       data     extern E:\c18v3.46\pic18-lt\cxx-framework\src\traditional\proc\p18f4455.asm
                 UEP8bits   0x000f78       data     extern E:\c18v3.46\pic18-lt\cxx-framework\src\traditional\proc\p18f4455.asm
                     UEP9   0x000f79       data     extern E:\c18v3.46\pic18-lt\cxx-framework\src\traditional\proc\p18f4455.asm
                 UEP9bits   0x000f79       data     extern E:\c18v3.46\pic18-lt\cxx-framework\src\traditional\proc\p18f4455.asm
                     UFRM   0x000f66       data     extern E:\c18v3.46\pic18-lt\cxx-framework\src\traditional\proc\p18f4455.asm
                    UFRMH   0x000f67       data     extern E:\c18v3.46\pic18-lt\cxx-framework\src\traditional\proc\p18f4455.asm
                UFRMHbits   0x000f67       data     extern E:\c18v3.46\pic18-lt\cxx-framework\src\traditional\proc\p18f4455.asm
                    UFRML   0x000f66       data     extern E:\c18v3.46\pic18-lt\cxx-framework\src\traditional\proc\p18f4455.asm
                UFRMLbits   0x000f66       data     extern E:\c18v3.46\pic18-lt\cxx-framework\src\traditional\proc\p18f4455.asm
                      UIE   0x000f69       data     extern E:\c18v3.46\pic18-lt\cxx-framework\src\traditional\proc\p18f4455.asm
                  UIEbits   0x000f69       data     extern E:\c18v3.46\pic18-lt\cxx-framework\src\traditional\proc\p18f4455.asm
                      UIR   0x000f68       data     extern E:\c18v3.46\pic18-lt\cxx-framework\src\traditional\proc\p18f4455.asm
                  UIRbits   0x000f68       data     extern E:\c18v3.46\pic18-lt\cxx-framework\src\traditional\proc\p18f4455.asm
           USBDataPointer   0x000183       data     extern C:\git\go\src\github.com\JamesDunne\eminor2\v1\controller\PIC\ram_def.c
       USBEP0DataInBuffer   0x000184       data     extern C:\git\go\src\github.com\JamesDunne\eminor2\v1\controller\PIC\ram_def.c
                    USTAT   0x000f6c       data     extern E:\c18v3.46\pic18-lt\cxx-framework\src\traditional\proc\p18f4455.asm
                USTATbits   0x000f6c       data     extern E:\c18v3.46\pic18-lt\cxx-framework\src\traditional\proc\p18f4455.asm
                   WDTCON   0x000fd1       data     extern E:\c18v3.46\pic18-lt\cxx-framework\src\traditional\proc\p18f4455.asm
               WDTCONbits   0x000fd1       data     extern E:\c18v3.46\pic18-lt\cxx-framework\src\traditional\proc\p18f4455.asm
                     WREG   0x000fe8       data     extern E:\c18v3.46\pic18-lt\cxx-framework\src\traditional\proc\p18f4455.asm
                 __AARGB0   0x000007       data     extern E:\c18v3.46\pic18-lt\cxx-framework\src\traditional\math\aarg.asm
                 __AARGB1   0x000006       data     extern E:\c18v3.46\pic18-lt\cxx-framework\src\traditional\math\aarg.asm
                 __AARGB2   0x000005       data     extern E:\c18v3.46\pic18-lt\cxx-framework\src\traditional\math\aarg.asm
                 __AARGB3   0x000004       data     extern E:\c18v3.46\pic18-lt\cxx-framework\src\traditional\math\aarg.asm
                 __AARGB4   0x000003       data     extern E:\c18v3.46\pic18-lt\cxx-framework\src\traditional\math\aarg.asm
                 __AARGB5   0x000002       data     extern E:\c18v3.46\pic18-lt\cxx-framework\src\traditional\math\aarg.asm
                 __AARGB6   0x000001       data     extern E:\c18v3.46\pic18-lt\cxx-framework\src\traditional\math\aarg.asm
                 __AARGB7   0x000000       data     extern E:\c18v3.46\pic18-lt\cxx-framework\src\traditional\math\aarg.asm
                   __AEXP   0x000008       data     extern E:\c18v3.46\pic18-lt\cxx-framework\src\traditional\math\aarg.asm
                 __BARGB0   0x00000c       data     extern E:\c18v3.46\pic18-lt\cxx-framework\src\traditional\math\barg.asm
                 __BARGB1   0x00000b       data     extern E:\c18v3.46\pic18-lt\cxx-framework\src\traditional\math\barg.asm
                 __BARGB2   0x00000a       data     extern E:\c18v3.46\pic18-lt\cxx-framework\src\traditional\math\barg.asm
                 __BARGB3   0x000009       data     extern E:\c18v3.46\pic18-lt\cxx-framework\src\traditional\math\barg.asm
                   __BEXP   0x00000d       data     extern E:\c18v3.46\pic18-lt\cxx-framework\src\traditional\math\barg.asm
                  __REMB0   0x000003       data     extern E:\c18v3.46\pic18-lt\cxx-framework\src\traditional\math\aarg.asm
                  __REMB1   0x000002       data     extern E:\c18v3.46\pic18-lt\cxx-framework\src\traditional\math\aarg.asm
                  __REMB2   0x000001       data     extern E:\c18v3.46\pic18-lt\cxx-framework\src\traditional\math\aarg.asm
                  __REMB3   0x000000       data     extern E:\c18v3.46\pic18-lt\cxx-framework\src\traditional\math\aarg.asm
                  __tmp_0   0x000012       data     static C:\git\go\src\github.com\JamesDunne\eminor2\v1\controller\PIC\hwcalls.c
                  __tmp_0   0x000012       data     static C:\git\go\src\github.com\JamesDunne\eminor2\v1\controller\PIC\leds.c
                  __tmp_0   0x000012       data     static C:\git\go\src\github.com\JamesDunne\eminor2\v1\controller\PIC\writeprogmem.c
                  __tmp_0   0x000012       data     static C:\git\go\src\github.com\JamesDunne\eminor2\v1\controller\common\controller-axefx.c
              axe_program   0x0001c7       data     extern C:\git\go\src\github.com\JamesDunne\eminor2\v1\controller\common\controller-axefx.c
                axe_scene   0x0001c8       data     extern C:\git\go\src\github.com\JamesDunne\eminor2\v1\controller\common\controller-axefx.c
                  sw_curr   0x0001c5       data     extern C:\git\go\src\github.com\JamesDunne\eminor2\v1\controller\common\controller-axefx.c
                  sw_last   0x0001c6       data     extern C:\git\go\src\github.com\JamesDunne\eminor2\v1\controller\common\controller-axefx.c



                              Symbols - Sorted by Address
                     Name    Address   Location    Storage File                     
                ---------  ---------  ---------  --------- ---------                
           RealInitVector   0x000000    program     extern C:\git\go\src\github.com\JamesDunne\eminor2\v1\controller\PIC\vectors.c
       ___return_lbl00000   0x000004    program     static                          
  RealInterruptVectorHigh   0x000008    program     extern C:\git\go\src\github.com\JamesDunne\eminor2\v1\controller\PIC\vectors.c
       ___return_lbl00001   0x00000c    program     static                          
                   _entry   0x000a00    program     extern C:\git\go\src\github.com\JamesDunne\eminor2\v1\controller\PIC\startup.c
       ___return_lbl00000   0x000a04    program     static                          
      InterruptVectorHigh   0x000a08    program     extern C:\git\go\src\github.com\JamesDunne\eminor2\v1\controller\PIC\intslct.c
       ___return_lbl00000   0x000a0c    program     static                          
                     main   0x000a2a    program     extern C:\git\go\src\github.com\JamesDunne\eminor2\v1\controller\PIC\main.c
          ___for_lbl00010   0x000a48    program     static                          
           ___if_lbl00003   0x000a5e    program     static                          
           ___if_lbl00004   0x000a70    program     static                          
           ___if_lbl00005   0x000a7c    program     static                          
           ___if_lbl00006   0x000a88    program     static                          
           ___if_lbl00007   0x000a92    program     static                          
           ___if_lbl00008   0x000a9c    program     static                          
           ___if_lbl00009   0x000aa6    program     static                          
          ___for_lbl00001   0x000aaa    program     static                          
       ___return_lbl00000   0x000aac    program     static                          
          ___for_lbl00002   0x000aac    program     static                          
           midi_send_byte   0x000ac2    program     extern C:\git\go\src\github.com\JamesDunne\eminor2\v1\controller\PIC\hwcalls.c
       SendDataToShiftReg   0x000ade    program     extern C:\git\go\src\github.com\JamesDunne\eminor2\v1\controller\PIC\hwcalls.c
              ReadButtons   0x000b2e    program     extern C:\git\go\src\github.com\JamesDunne\eminor2\v1\controller\PIC\hwcalls.c
            SetDipAddress   0x000bca    program     extern C:\git\go\src\github.com\JamesDunne\eminor2\v1\controller\PIC\hwcalls.c
                 fsw_poll   0x000bee    program     extern C:\git\go\src\github.com\JamesDunne\eminor2\v1\controller\PIC\hwcalls.c
               UpdateLeds   0x000bf4    program     extern C:\git\go\src\github.com\JamesDunne\eminor2\v1\controller\PIC\hwcalls.c
       fsw_led_set_active   0x000bfe    program     extern C:\git\go\src\github.com\JamesDunne\eminor2\v1\controller\PIC\hwcalls.c
           fsw_led_enable   0x000c2a    program     extern C:\git\go\src\github.com\JamesDunne\eminor2\v1\controller\PIC\hwcalls.c
          fsw_led_disable   0x000c52    program     extern C:\git\go\src\github.com\JamesDunne\eminor2\v1\controller\PIC\hwcalls.c
              slider_poll   0x000c80    program     extern C:\git\go\src\github.com\JamesDunne\eminor2\v1\controller\PIC\hwcalls.c
                expr_poll   0x000c86    program     extern C:\git\go\src\github.com\JamesDunne\eminor2\v1\controller\PIC\hwcalls.c
               flash_load   0x000c8c    program     extern C:\git\go\src\github.com\JamesDunne\eminor2\v1\controller\PIC\hwcalls.c
              flash_store   0x000d26    program     extern C:\git\go\src\github.com\JamesDunne\eminor2\v1\controller\PIC\hwcalls.c
           midi_send_cmd1   0x000e76    program     extern C:\git\go\src\github.com\JamesDunne\eminor2\v1\controller\PIC\hwcalls.c
           midi_send_cmd2   0x000eae    program     extern C:\git\go\src\github.com\JamesDunne\eminor2\v1\controller\PIC\hwcalls.c
            ralign_itoa10   0x000ef2    program     static C:\git\go\src\github.com\JamesDunne\eminor2\v1\controller\common\controller-axefx.c
              update_7seg   0x000f92    program     static C:\git\go\src\github.com\JamesDunne\eminor2\v1\controller\common\controller-axefx.c
           button_pressed   0x000fe4    program     static C:\git\go\src\github.com\JamesDunne\eminor2\v1\controller\common\controller-axefx.c
              button_held   0x001014    program     static C:\git\go\src\github.com\JamesDunne\eminor2\v1\controller\common\controller-axefx.c
          button_released   0x00103c    program     static C:\git\go\src\github.com\JamesDunne\eminor2\v1\controller\common\controller-axefx.c
          axe_midi_cc_set   0x00106c    program     static C:\git\go\src\github.com\JamesDunne\eminor2\v1\controller\common\controller-axefx.c
          axe_set_program   0x00109a    program     static C:\git\go\src\github.com\JamesDunne\eminor2\v1\controller\common\controller-axefx.c
            axe_set_scene   0x0010c8    program     static C:\git\go\src\github.com\JamesDunne\eminor2\v1\controller\common\controller-axefx.c
          controller_init   0x0011ea    program     extern C:\git\go\src\github.com\JamesDunne\eminor2\v1\controller\common\controller-axefx.c
  controller_10msec_timer   0x0011fc    program     extern C:\git\go\src\github.com\JamesDunne\eminor2\v1\controller\common\controller-axefx.c
        controller_handle   0x0011fe    program     extern C:\git\go\src\github.com\JamesDunne\eminor2\v1\controller\common\controller-axefx.c
             Process7Segs   0x0012a8    program     extern C:\git\go\src\github.com\JamesDunne\eminor2\v1\controller\PIC\leds.c
             AllDigitsOff   0x0012f2    program     extern C:\git\go\src\github.com\JamesDunne\eminor2\v1\controller\PIC\leds.c
              HandleDigit   0x00130e    program     extern C:\git\go\src\github.com\JamesDunne\eminor2\v1\controller\PIC\leds.c
             SetDispAscii   0x0013b4    program     extern C:\git\go\src\github.com\JamesDunne\eminor2\v1\controller\PIC\leds.c
        leds_show_4alphas   0x001432    program     extern C:\git\go\src\github.com\JamesDunne\eminor2\v1\controller\PIC\leds.c
         leds_show_1digit   0x0014ba    program     extern C:\git\go\src\github.com\JamesDunne\eminor2\v1\controller\PIC\leds.c
              AsciiTo7Seg   0x0014e2    program     extern C:\git\go\src\github.com\JamesDunne\eminor2\v1\controller\PIC\leds.c
           Scroll7SegDisp   0x001592    program     extern C:\git\go\src\github.com\JamesDunne\eminor2\v1\controller\PIC\leds.c
               StartWrite   0x001594    program     extern C:\git\go\src\github.com\JamesDunne\eminor2\v1\controller\PIC\writeprogmem.c
             WriteProgMem   0x0015a0    program     extern C:\git\go\src\github.com\JamesDunne\eminor2\v1\controller\PIC\writeprogmem.c
             EraseProgMem   0x001602    program     extern C:\git\go\src\github.com\JamesDunne\eminor2\v1\controller\PIC\writeprogmem.c
                   ReadEE   0x001616    program     extern C:\git\go\src\github.com\JamesDunne\eminor2\v1\controller\PIC\writeprogmem.c
                  WriteEE   0x001632    program     extern C:\git\go\src\github.com\JamesDunne\eminor2\v1\controller\PIC\writeprogmem.c
     InterruptHandlerHigh   0x00165e    program     extern C:\git\go\src\github.com\JamesDunne\eminor2\v1\controller\PIC\intslct.c
        MIDI_COMM_ROUTINE   0x001708    program     extern C:\git\go\src\github.com\JamesDunne\eminor2\v1\controller\PIC\MidiComm.c
             MIDI_ENQUEUE   0x00176e    program     extern C:\git\go\src\github.com\JamesDunne\eminor2\v1\controller\PIC\MidiComm.c
     RESET_MIDI_TX_BUFFER   0x00179a    program     extern C:\git\go\src\github.com\JamesDunne\eminor2\v1\controller\PIC\MidiComm.c
                     init   0x0017a4    program     extern C:\git\go\src\github.com\JamesDunne\eminor2\v1\controller\PIC\init.c
                   EERead   0x001804    program     extern C:\git\go\src\github.com\JamesDunne\eminor2\v1\controller\PIC\eeprom.c
                  EEWrite   0x001822    program     extern C:\git\go\src\github.com\JamesDunne\eminor2\v1\controller\PIC\eeprom.c
           ___do_lbl00004   0x001848    program     static                          
           ___do_lbl00002   0x00184a    program     static                          
           ___do_lbl00003   0x00184e    program     static                          
       ___return_lbl00001   0x001852    program     static                          
        SystemTimeRoutine   0x00185a    program     extern C:\git\go\src\github.com\JamesDunne\eminor2\v1\controller\PIC\systick.c
                CLEAR_RAM   0x00189c    program     extern C:\git\go\src\github.com\JamesDunne\eminor2\v1\controller\PIC\config.asm
                RAMCLEAR1   0x0018a0    program     static C:\git\go\src\github.com\JamesDunne\eminor2\v1\controller\PIC\config.asm
            __zero_memory   0x0018aa    program     extern E:\c18v3.46\pic18-lt\cxx-framework\src\traditional\proc\p18f4455.asm
                   loop_h   0x0018b8    program     static E:\c18v3.46\pic18-lt\cxx-framework\src\traditional\proc\p18f4455.asm
               zero_block   0x0018b8    program     static E:\c18v3.46\pic18-lt\cxx-framework\src\traditional\proc\p18f4455.asm
                compare_l   0x0018c0    program     static E:\c18v3.46\pic18-lt\cxx-framework\src\traditional\proc\p18f4455.asm
                   loop_l   0x0018c2    program     static E:\c18v3.46\pic18-lt\cxx-framework\src\traditional\proc\p18f4455.asm
          NumbersSegTable   0x0018ca    program     extern C:\git\go\src\github.com\JamesDunne\eminor2\v1\controller\PIC\leds.c
          LettersSegTable   0x0018d4    program     extern C:\git\go\src\github.com\JamesDunne\eminor2\v1\controller\PIC\leds.c
                 _startup   0x0018ee    program     extern C:\git\go\src\github.com\JamesDunne\eminor2\v1\controller\PIC\startup.c
                 RAMCLEAR   0x0018fc    program     static                          
                     loop   0x001906    program     static                          
       ___return_lbl00001   0x00190c    program     static                          
                 FXD0808U   0x00190e    program     extern E:\c18v3.46\pic18-lt\cxx-framework\src\traditional\math\fxd0808u.c
                     loop   0x001916    program     static                          
                  endloop   0x001924    program     static                          
       ___return_lbl00000   0x001928    program     static                          
             ROM_SAVEDATA   0x004000    program     extern C:\git\go\src\github.com\JamesDunne\eminor2\v1\controller\PIC\tables.c
                 __AARGB7   0x000000       data     extern E:\c18v3.46\pic18-lt\cxx-framework\src\traditional\math\aarg.asm
                  __REMB3   0x000000       data     extern E:\c18v3.46\pic18-lt\cxx-framework\src\traditional\math\aarg.asm
                 __AARGB6   0x000001       data     extern E:\c18v3.46\pic18-lt\cxx-framework\src\traditional\math\aarg.asm
                  __REMB2   0x000001       data     extern E:\c18v3.46\pic18-lt\cxx-framework\src\traditional\math\aarg.asm
                 __AARGB5   0x000002       data     extern E:\c18v3.46\pic18-lt\cxx-framework\src\traditional\math\aarg.asm
                  __REMB1   0x000002       data     extern E:\c18v3.46\pic18-lt\cxx-framework\src\traditional\math\aarg.asm
                  __REMB0   0x000003       data     extern E:\c18v3.46\pic18-lt\cxx-framework\src\traditional\math\aarg.asm
                 __AARGB4   0x000003       data     extern E:\c18v3.46\pic18-lt\cxx-framework\src\traditional\math\aarg.asm
                 __AARGB3   0x000004       data     extern E:\c18v3.46\pic18-lt\cxx-framework\src\traditional\math\aarg.asm
                 __AARGB2   0x000005       data     extern E:\c18v3.46\pic18-lt\cxx-framework\src\traditional\math\aarg.asm
                 __AARGB1   0x000006       data     extern E:\c18v3.46\pic18-lt\cxx-framework\src\traditional\math\aarg.asm
                 __AARGB0   0x000007       data     extern E:\c18v3.46\pic18-lt\cxx-framework\src\traditional\math\aarg.asm
                   __AEXP   0x000008       data     extern E:\c18v3.46\pic18-lt\cxx-framework\src\traditional\math\aarg.asm
                 __BARGB3   0x000009       data     extern E:\c18v3.46\pic18-lt\cxx-framework\src\traditional\math\barg.asm
                 __BARGB2   0x00000a       data     extern E:\c18v3.46\pic18-lt\cxx-framework\src\traditional\math\barg.asm
                 __BARGB1   0x00000b       data     extern E:\c18v3.46\pic18-lt\cxx-framework\src\traditional\math\barg.asm
                 __BARGB0   0x00000c       data     extern E:\c18v3.46\pic18-lt\cxx-framework\src\traditional\math\barg.asm
                   __BEXP   0x00000d       data     extern E:\c18v3.46\pic18-lt\cxx-framework\src\traditional\math\barg.asm
               CommFlags1   0x00000e       data     extern C:\git\go\src\github.com\JamesDunne\eminor2\v1\controller\PIC\ram_def.c
                ArbFlags1   0x00000f       data     extern C:\git\go\src\github.com\JamesDunne\eminor2\v1\controller\PIC\ram_def.c
                ArbFlags2   0x000010       data     extern C:\git\go\src\github.com\JamesDunne\eminor2\v1\controller\PIC\ram_def.c
               MiscFlags1   0x000011       data     extern C:\git\go\src\github.com\JamesDunne\eminor2\v1\controller\PIC\ram_def.c
                  __tmp_0   0x000012       data     static C:\git\go\src\github.com\JamesDunne\eminor2\v1\controller\PIC\hwcalls.c
                  __tmp_0   0x000012       data     static C:\git\go\src\github.com\JamesDunne\eminor2\v1\controller\PIC\leds.c
                  __tmp_0   0x000012       data     static C:\git\go\src\github.com\JamesDunne\eminor2\v1\controller\PIC\writeprogmem.c
                  __tmp_0   0x000012       data     static C:\git\go\src\github.com\JamesDunne\eminor2\v1\controller\common\controller-axefx.c
              DispSegData   0x000100       data     extern C:\git\go\src\github.com\JamesDunne\eminor2\v1\controller\PIC\ram_def.c
              ProgMemAddr   0x000105       data     extern C:\git\go\src\github.com\JamesDunne\eminor2\v1\controller\PIC\ram_def.c
            ProgmemBuffer   0x000107       data     extern C:\git\go\src\github.com\JamesDunne\eminor2\v1\controller\PIC\ram_def.c
              NVRCommAddr   0x000147       data     extern C:\git\go\src\github.com\JamesDunne\eminor2\v1\controller\PIC\ram_def.c
              RAMCommAddr   0x000149       data     extern C:\git\go\src\github.com\JamesDunne\eminor2\v1\controller\PIC\ram_def.c
              ROMCommAddr   0x00014b       data     extern C:\git\go\src\github.com\JamesDunne\eminor2\v1\controller\PIC\ram_def.c
         DispNumOfCommons   0x00014d       data     extern C:\git\go\src\github.com\JamesDunne\eminor2\v1\controller\PIC\ram_def.c
                LedStates   0x00014e       data     extern C:\git\go\src\github.com\JamesDunne\eminor2\v1\controller\PIC\ram_def.c
              ButtonState   0x00014f       data     extern C:\git\go\src\github.com\JamesDunne\eminor2\v1\controller\PIC\ram_def.c
             ExpPedalInst   0x000150       data     extern C:\git\go\src\github.com\JamesDunne\eminor2\v1\controller\PIC\ram_def.c
              SystickCntr   0x000151       data     extern C:\git\go\src\github.com\JamesDunne\eminor2\v1\controller\PIC\ram_def.c
             SystickCntr2   0x000152       data     extern C:\git\go\src\github.com\JamesDunne\eminor2\v1\controller\PIC\ram_def.c
             SystickCntr3   0x000153       data     extern C:\git\go\src\github.com\JamesDunne\eminor2\v1\controller\PIC\ram_def.c
             SystickCntr4   0x000154       data     extern C:\git\go\src\github.com\JamesDunne\eminor2\v1\controller\PIC\ram_def.c
             SystickCntr5   0x000155       data     extern C:\git\go\src\github.com\JamesDunne\eminor2\v1\controller\PIC\ram_def.c
               ComPointer   0x000156       data     extern C:\git\go\src\github.com\JamesDunne\eminor2\v1\controller\PIC\ram_def.c
              ExpPedalAvg   0x000157       data     extern C:\git\go\src\github.com\JamesDunne\eminor2\v1\controller\PIC\ram_def.c
                 TxBuffer   0x000159       data     extern C:\git\go\src\github.com\JamesDunne\eminor2\v1\controller\PIC\ram_def.c
                 TxBufPtr   0x000181       data     extern C:\git\go\src\github.com\JamesDunne\eminor2\v1\controller\PIC\ram_def.c
              TxBufOutPtr   0x000182       data     extern C:\git\go\src\github.com\JamesDunne\eminor2\v1\controller\PIC\ram_def.c
           USBDataPointer   0x000183       data     extern C:\git\go\src\github.com\JamesDunne\eminor2\v1\controller\PIC\ram_def.c
       USBEP0DataInBuffer   0x000184       data     extern C:\git\go\src\github.com\JamesDunne\eminor2\v1\controller\PIC\ram_def.c
             ResponseType   0x0001c4       data     extern C:\git\go\src\github.com\JamesDunne\eminor2\v1\controller\PIC\ram_def.c
                  sw_curr   0x0001c5       data     extern C:\git\go\src\github.com\JamesDunne\eminor2\v1\controller\common\controller-axefx.c
                  sw_last   0x0001c6       data     extern C:\git\go\src\github.com\JamesDunne\eminor2\v1\controller\common\controller-axefx.c
              axe_program   0x0001c7       data     extern C:\git\go\src\github.com\JamesDunne\eminor2\v1\controller\common\controller-axefx.c
                axe_scene   0x0001c8       data     extern C:\git\go\src\github.com\JamesDunne\eminor2\v1\controller\common\controller-axefx.c
                  SPPDATA   0x000f62       data     extern E:\c18v3.46\pic18-lt\cxx-framework\src\traditional\proc\p18f4455.asm
               SPPCFGbits   0x000f63       data     extern E:\c18v3.46\pic18-lt\cxx-framework\src\traditional\proc\p18f4455.asm
                   SPPCFG   0x000f63       data     extern E:\c18v3.46\pic18-lt\cxx-framework\src\traditional\proc\p18f4455.asm
               SPPEPSbits   0x000f64       data     extern E:\c18v3.46\pic18-lt\cxx-framework\src\traditional\proc\p18f4455.asm
                   SPPEPS   0x000f64       data     extern E:\c18v3.46\pic18-lt\cxx-framework\src\traditional\proc\p18f4455.asm
                   SPPCON   0x000f65       data     extern E:\c18v3.46\pic18-lt\cxx-framework\src\traditional\proc\p18f4455.asm
               SPPCONbits   0x000f65       data     extern E:\c18v3.46\pic18-lt\cxx-framework\src\traditional\proc\p18f4455.asm
                    UFRML   0x000f66       data     extern E:\c18v3.46\pic18-lt\cxx-framework\src\traditional\proc\p18f4455.asm
                UFRMLbits   0x000f66       data     extern E:\c18v3.46\pic18-lt\cxx-framework\src\traditional\proc\p18f4455.asm
                     UFRM   0x000f66       data     extern E:\c18v3.46\pic18-lt\cxx-framework\src\traditional\proc\p18f4455.asm
                UFRMHbits   0x000f67       data     extern E:\c18v3.46\pic18-lt\cxx-framework\src\traditional\proc\p18f4455.asm
                    UFRMH   0x000f67       data     extern E:\c18v3.46\pic18-lt\cxx-framework\src\traditional\proc\p18f4455.asm
                      UIR   0x000f68       data     extern E:\c18v3.46\pic18-lt\cxx-framework\src\traditional\proc\p18f4455.asm
                  UIRbits   0x000f68       data     extern E:\c18v3.46\pic18-lt\cxx-framework\src\traditional\proc\p18f4455.asm
                      UIE   0x000f69       data     extern E:\c18v3.46\pic18-lt\cxx-framework\src\traditional\proc\p18f4455.asm
                  UIEbits   0x000f69       data     extern E:\c18v3.46\pic18-lt\cxx-framework\src\traditional\proc\p18f4455.asm
                 UEIRbits   0x000f6a       data     extern E:\c18v3.46\pic18-lt\cxx-framework\src\traditional\proc\p18f4455.asm
                     UEIR   0x000f6a       data     extern E:\c18v3.46\pic18-lt\cxx-framework\src\traditional\proc\p18f4455.asm
                     UEIE   0x000f6b       data     extern E:\c18v3.46\pic18-lt\cxx-framework\src\traditional\proc\p18f4455.asm
                 UEIEbits   0x000f6b       data     extern E:\c18v3.46\pic18-lt\cxx-framework\src\traditional\proc\p18f4455.asm
                USTATbits   0x000f6c       data     extern E:\c18v3.46\pic18-lt\cxx-framework\src\traditional\proc\p18f4455.asm
                    USTAT   0x000f6c       data     extern E:\c18v3.46\pic18-lt\cxx-framework\src\traditional\proc\p18f4455.asm
                     UCON   0x000f6d       data     extern E:\c18v3.46\pic18-lt\cxx-framework\src\traditional\proc\p18f4455.asm
                 UCONbits   0x000f6d       data     extern E:\c18v3.46\pic18-lt\cxx-framework\src\traditional\proc\p18f4455.asm
                    UADDR   0x000f6e       data     extern E:\c18v3.46\pic18-lt\cxx-framework\src\traditional\proc\p18f4455.asm
                UADDRbits   0x000f6e       data     extern E:\c18v3.46\pic18-lt\cxx-framework\src\traditional\proc\p18f4455.asm
                     UCFG   0x000f6f       data     extern E:\c18v3.46\pic18-lt\cxx-framework\src\traditional\proc\p18f4455.asm
                 UCFGbits   0x000f6f       data     extern E:\c18v3.46\pic18-lt\cxx-framework\src\traditional\proc\p18f4455.asm
                 UEP0bits   0x000f70       data     extern E:\c18v3.46\pic18-lt\cxx-framework\src\traditional\proc\p18f4455.asm
                     UEP0   0x000f70       data     extern E:\c18v3.46\pic18-lt\cxx-framework\src\traditional\proc\p18f4455.asm
                 UEP1bits   0x000f71       data     extern E:\c18v3.46\pic18-lt\cxx-framework\src\traditional\proc\p18f4455.asm
                     UEP1   0x000f71       data     extern E:\c18v3.46\pic18-lt\cxx-framework\src\traditional\proc\p18f4455.asm
                 UEP2bits   0x000f72       data     extern E:\c18v3.46\pic18-lt\cxx-framework\src\traditional\proc\p18f4455.asm
                     UEP2   0x000f72       data     extern E:\c18v3.46\pic18-lt\cxx-framework\src\traditional\proc\p18f4455.asm
                 UEP3bits   0x000f73       data     extern E:\c18v3.46\pic18-lt\cxx-framework\src\traditional\proc\p18f4455.asm
                     UEP3   0x000f73       data     extern E:\c18v3.46\pic18-lt\cxx-framework\src\traditional\proc\p18f4455.asm
[...]
                    TRISD   0x000f95       data     extern E:\c18v3.46\pic18-lt\cxx-framework\src\traditional\proc\p18f4455.asm
                TRISEbits   0x000f96       data     extern E:\c18v3.46\pic18-lt\cxx-framework\src\traditional\proc\p18f4455.asm
                    TRISE   0x000f96       data     extern E:\c18v3.46\pic18-lt\cxx-framework\src\traditional\proc\p18f4455.asm
                     DDRE   0x000f96       data     extern E:\c18v3.46\pic18-lt\cxx-framework\src\traditional\proc\p18f4455.asm
                 DDREbits   0x000f96       data     extern E:\c18v3.46\pic18-lt\cxx-framework\src\traditional\proc\p18f4455.asm
              OSCTUNEbits   0x000f9b       data     extern E:\c18v3.46\pic18-lt\cxx-framework\src\traditional\proc\p18f4455.asm
                  OSCTUNE   0x000f9b       data     extern E:\c18v3.46\pic18-lt\cxx-framework\src\traditional\proc\p18f4455.asm
                 PIE1bits   0x000f9d       data     extern E:\c18v3.46\pic18-lt\cxx-framework\src\traditional\proc\p18f4455.asm
                     PIE1   0x000f9d       data     extern E:\c18v3.46\pic18-lt\cxx-framework\src\traditional\proc\p18f4455.asm
                     PIR1   0x000f9e       data     extern E:\c18v3.46\pic18-lt\cxx-framework\src\traditional\proc\p18f4455.asm
                 PIR1bits   0x000f9e       data     extern E:\c18v3.46\pic18-lt\cxx-framework\src\traditional\proc\p18f4455.asm
                 IPR1bits   0x000f9f       data     extern E:\c18v3.46\pic18-lt\cxx-framework\src\traditional\proc\p18f4455.asm
                     IPR1   0x000f9f       data     extern E:\c18v3.46\pic18-lt\cxx-framework\src\traditional\proc\p18f4455.asm
                 PIE2bits   0x000fa0       data     extern E:\c18v3.46\pic18-lt\cxx-framework\src\traditional\proc\p18f4455.asm
                     PIE2   0x000fa0       data     extern E:\c18v3.46\pic18-lt\cxx-framework\src\traditional\proc\p18f4455.asm
                 PIR2bits   0x000fa1       data     extern E:\c18v3.46\pic18-lt\cxx-framework\src\traditional\proc\p18f4455.asm
                     PIR2   0x000fa1       data     extern E:\c18v3.46\pic18-lt\cxx-framework\src\traditional\proc\p18f4455.asm
                     IPR2   0x000fa2       data     extern E:\c18v3.46\pic18-lt\cxx-framework\src\traditional\proc\p18f4455.asm
                 IPR2bits   0x000fa2       data     extern E:\c18v3.46\pic18-lt\cxx-framework\src\traditional\proc\p18f4455.asm
               EECON1bits   0x000fa6       data     extern E:\c18v3.46\pic18-lt\cxx-framework\src\traditional\proc\p18f4455.asm
                   EECON1   0x000fa6       data     extern E:\c18v3.46\pic18-lt\cxx-framework\src\traditional\proc\p18f4455.asm
                   EECON2   0x000fa7       data     extern E:\c18v3.46\pic18-lt\cxx-framework\src\traditional\proc\p18f4455.asm
                   EEDATA   0x000fa8       data     extern E:\c18v3.46\pic18-lt\cxx-framework\src\traditional\proc\p18f4455.asm
                    EEADR   0x000fa9       data     extern E:\c18v3.46\pic18-lt\cxx-framework\src\traditional\proc\p18f4455.asm
                RCSTAbits   0x000fab       data     extern E:\c18v3.46\pic18-lt\cxx-framework\src\traditional\proc\p18f4455.asm
                    RCSTA   0x000fab       data     extern E:\c18v3.46\pic18-lt\cxx-framework\src\traditional\proc\p18f4455.asm
                    TXSTA   0x000fac       data     extern E:\c18v3.46\pic18-lt\cxx-framework\src\traditional\proc\p18f4455.asm
                TXSTAbits   0x000fac       data     extern E:\c18v3.46\pic18-lt\cxx-framework\src\traditional\proc\p18f4455.asm
                    TXREG   0x000fad       data     extern E:\c18v3.46\pic18-lt\cxx-framework\src\traditional\proc\p18f4455.asm
                    RCREG   0x000fae       data     extern E:\c18v3.46\pic18-lt\cxx-framework\src\traditional\proc\p18f4455.asm
                    SPBRG   0x000faf       data     extern E:\c18v3.46\pic18-lt\cxx-framework\src\traditional\proc\p18f4455.asm
                   SPBRGH   0x000fb0       data     extern E:\c18v3.46\pic18-lt\cxx-framework\src\traditional\proc\p18f4455.asm
                T3CONbits   0x000fb1       data     extern E:\c18v3.46\pic18-lt\cxx-framework\src\traditional\proc\p18f4455.asm
                    T3CON   0x000fb1       data     extern E:\c18v3.46\pic18-lt\cxx-framework\src\traditional\proc\p18f4455.asm
                    TMR3L   0x000fb2       data     extern E:\c18v3.46\pic18-lt\cxx-framework\src\traditional\proc\p18f4455.asm
                    TMR3H   0x000fb3       data     extern E:\c18v3.46\pic18-lt\cxx-framework\src\traditional\proc\p18f4455.asm
                CMCONbits   0x000fb4       data     extern E:\c18v3.46\pic18-lt\cxx-framework\src\traditional\proc\p18f4455.asm
                    CMCON   0x000fb4       data     extern E:\c18v3.46\pic18-lt\cxx-framework\src\traditional\proc\p18f4455.asm
                   CVRCON   0x000fb5       data     extern E:\c18v3.46\pic18-lt\cxx-framework\src\traditional\proc\p18f4455.asm
               CVRCONbits   0x000fb5       data     extern E:\c18v3.46\pic18-lt\cxx-framework\src\traditional\proc\p18f4455.asm
              ECCP1ASbits   0x000fb6       data     extern E:\c18v3.46\pic18-lt\cxx-framework\src\traditional\proc\p18f4455.asm
               CCP1ASbits   0x000fb6       data     extern E:\c18v3.46\pic18-lt\cxx-framework\src\traditional\proc\p18f4455.asm
                   CCP1AS   0x000fb6       data     extern E:\c18v3.46\pic18-lt\cxx-framework\src\traditional\proc\p18f4455.asm
                  ECCP1AS   0x000fb6       data     extern E:\c18v3.46\pic18-lt\cxx-framework\src\traditional\proc\p18f4455.asm
              CCP1DELbits   0x000fb7       data     extern E:\c18v3.46\pic18-lt\cxx-framework\src\traditional\proc\p18f4455.asm
                  CCP1DEL   0x000fb7       data     extern E:\c18v3.46\pic18-lt\cxx-framework\src\traditional\proc\p18f4455.asm
                 ECCP1DEL   0x000fb7       data     extern E:\c18v3.46\pic18-lt\cxx-framework\src\traditional\proc\p18f4455.asm
             ECCP1DELbits   0x000fb7       data     extern E:\c18v3.46\pic18-lt\cxx-framework\src\traditional\proc\p18f4455.asm
                  BAUDCON   0x000fb8       data     extern E:\c18v3.46\pic18-lt\cxx-framework\src\traditional\proc\p18f4455.asm
              BAUDCONbits   0x000fb8       data     extern E:\c18v3.46\pic18-lt\cxx-framework\src\traditional\proc\p18f4455.asm
                  BAUDCTL   0x000fb8       data     extern E:\c18v3.46\pic18-lt\cxx-framework\src\traditional\proc\p18f4455.asm
              BAUDCTLbits   0x000fb8       data     extern E:\c18v3.46\pic18-lt\cxx-framework\src\traditional\proc\p18f4455.asm
                  CCP2CON   0x000fba       data     extern E:\c18v3.46\pic18-lt\cxx-framework\src\traditional\proc\p18f4455.asm
              CCP2CONbits   0x000fba       data     extern E:\c18v3.46\pic18-lt\cxx-framework\src\traditional\proc\p18f4455.asm
                    CCPR2   0x000fbb       data     extern E:\c18v3.46\pic18-lt\cxx-framework\src\traditional\proc\p18f4455.asm
                   CCPR2L   0x000fbb       data     extern E:\c18v3.46\pic18-lt\cxx-framework\src\traditional\proc\p18f4455.asm
                   CCPR2H   0x000fbc       data     extern E:\c18v3.46\pic18-lt\cxx-framework\src\traditional\proc\p18f4455.asm
                  CCP1CON   0x000fbd       data     extern E:\c18v3.46\pic18-lt\cxx-framework\src\traditional\proc\p18f4455.asm
              CCP1CONbits   0x000fbd       data     extern E:\c18v3.46\pic18-lt\cxx-framework\src\traditional\proc\p18f4455.asm
                 ECCP1CON   0x000fbd       data     extern E:\c18v3.46\pic18-lt\cxx-framework\src\traditional\proc\p18f4455.asm
             ECCP1CONbits   0x000fbd       data     extern E:\c18v3.46\pic18-lt\cxx-framework\src\traditional\proc\p18f4455.asm
                   CCPR1L   0x000fbe       data     extern E:\c18v3.46\pic18-lt\cxx-framework\src\traditional\proc\p18f4455.asm
                    CCPR1   0x000fbe       data     extern E:\c18v3.46\pic18-lt\cxx-framework\src\traditional\proc\p18f4455.asm
                   CCPR1H   0x000fbf       data     extern E:\c18v3.46\pic18-lt\cxx-framework\src\traditional\proc\p18f4455.asm
               ADCON2bits   0x000fc0       data     extern E:\c18v3.46\pic18-lt\cxx-framework\src\traditional\proc\p18f4455.asm
                   ADCON2   0x000fc0       data     extern E:\c18v3.46\pic18-lt\cxx-framework\src\traditional\proc\p18f4455.asm
               ADCON1bits   0x000fc1       data     extern E:\c18v3.46\pic18-lt\cxx-framework\src\traditional\proc\p18f4455.asm
                   ADCON1   0x000fc1       data     extern E:\c18v3.46\pic18-lt\cxx-framework\src\traditional\proc\p18f4455.asm
               ADCON0bits   0x000fc2       data     extern E:\c18v3.46\pic18-lt\cxx-framework\src\traditional\proc\p18f4455.asm
                   ADCON0   0x000fc2       data     extern E:\c18v3.46\pic18-lt\cxx-framework\src\traditional\proc\p18f4455.asm
                    ADRES   0x000fc3       data     extern E:\c18v3.46\pic18-lt\cxx-framework\src\traditional\proc\p18f4455.asm
                   ADRESL   0x000fc3       data     extern E:\c18v3.46\pic18-lt\cxx-framework\src\traditional\proc\p18f4455.asm
                   ADRESH   0x000fc4       data     extern E:\c18v3.46\pic18-lt\cxx-framework\src\traditional\proc\p18f4455.asm
                  SSPCON2   0x000fc5       data     extern E:\c18v3.46\pic18-lt\cxx-framework\src\traditional\proc\p18f4455.asm
              SSPCON2bits   0x000fc5       data     extern E:\c18v3.46\pic18-lt\cxx-framework\src\traditional\proc\p18f4455.asm
              SSPCON1bits   0x000fc6       data     extern E:\c18v3.46\pic18-lt\cxx-framework\src\traditional\proc\p18f4455.asm
                  SSPCON1   0x000fc6       data     extern E:\c18v3.46\pic18-lt\cxx-framework\src\traditional\proc\p18f4455.asm
              SSPSTATbits   0x000fc7       data     extern E:\c18v3.46\pic18-lt\cxx-framework\src\traditional\proc\p18f4455.asm
                  SSPSTAT   0x000fc7       data     extern E:\c18v3.46\pic18-lt\cxx-framework\src\traditional\proc\p18f4455.asm
                   SSPADD   0x000fc8       data     extern E:\c18v3.46\pic18-lt\cxx-framework\src\traditional\proc\p18f4455.asm
                   SSPBUF   0x000fc9       data     extern E:\c18v3.46\pic18-lt\cxx-framework\src\traditional\proc\p18f4455.asm
                    T2CON   0x000fca       data     extern E:\c18v3.46\pic18-lt\cxx-framework\src\traditional\proc\p18f4455.asm
                T2CONbits   0x000fca       data     extern E:\c18v3.46\pic18-lt\cxx-framework\src\traditional\proc\p18f4455.asm
                      PR2   0x000fcb       data     extern E:\c18v3.46\pic18-lt\cxx-framework\src\traditional\proc\p18f4455.asm
                     TMR2   0x000fcc       data     extern E:\c18v3.46\pic18-lt\cxx-framework\src\traditional\proc\p18f4455.asm
                    T1CON   0x000fcd       data     extern E:\c18v3.46\pic18-lt\cxx-framework\src\traditional\proc\p18f4455.asm
                T1CONbits   0x000fcd       data     extern E:\c18v3.46\pic18-lt\cxx-framework\src\traditional\proc\p18f4455.asm
                    TMR1L   0x000fce       data     extern E:\c18v3.46\pic18-lt\cxx-framework\src\traditional\proc\p18f4455.asm
                    TMR1H   0x000fcf       data     extern E:\c18v3.46\pic18-lt\cxx-framework\src\traditional\proc\p18f4455.asm
                     RCON   0x000fd0       data     extern E:\c18v3.46\pic18-lt\cxx-framework\src\traditional\proc\p18f4455.asm
                 RCONbits   0x000fd0       data     extern E:\c18v3.46\pic18-lt\cxx-framework\src\traditional\proc\p18f4455.asm
               WDTCONbits   0x000fd1       data     extern E:\c18v3.46\pic18-lt\cxx-framework\src\traditional\proc\p18f4455.asm
                   WDTCON   0x000fd1       data     extern E:\c18v3.46\pic18-lt\cxx-framework\src\traditional\proc\p18f4455.asm
               LVDCONbits   0x000fd2       data     extern E:\c18v3.46\pic18-lt\cxx-framework\src\traditional\proc\p18f4455.asm
              HLVDCONbits   0x000fd2       data     extern E:\c18v3.46\pic18-lt\cxx-framework\src\traditional\proc\p18f4455.asm
                  HLVDCON   0x000fd2       data     extern E:\c18v3.46\pic18-lt\cxx-framework\src\traditional\proc\p18f4455.asm
                   LVDCON   0x000fd2       data     extern E:\c18v3.46\pic18-lt\cxx-framework\src\traditional\proc\p18f4455.asm
               OSCCONbits   0x000fd3       data     extern E:\c18v3.46\pic18-lt\cxx-framework\src\traditional\proc\p18f4455.asm
                   OSCCON   0x000fd3       data     extern E:\c18v3.46\pic18-lt\cxx-framework\src\traditional\proc\p18f4455.asm
                T0CONbits   0x000fd5       data     extern E:\c18v3.46\pic18-lt\cxx-framework\src\traditional\proc\p18f4455.asm
                    T0CON   0x000fd5       data     extern E:\c18v3.46\pic18-lt\cxx-framework\src\traditional\proc\p18f4455.asm
                    TMR0L   0x000fd6       data     extern E:\c18v3.46\pic18-lt\cxx-framework\src\traditional\proc\p18f4455.asm
                    TMR0H   0x000fd7       data     extern E:\c18v3.46\pic18-lt\cxx-framework\src\traditional\proc\p18f4455.asm
               STATUSbits   0x000fd8       data     extern E:\c18v3.46\pic18-lt\cxx-framework\src\traditional\proc\p18f4455.asm
                   STATUS   0x000fd8       data     extern E:\c18v3.46\pic18-lt\cxx-framework\src\traditional\proc\p18f4455.asm
                    FSR2L   0x000fd9       data     extern E:\c18v3.46\pic18-lt\cxx-framework\src\traditional\proc\p18f4455.asm
                     FSR2   0x000fd9       data     extern E:\c18v3.46\pic18-lt\cxx-framework\src\traditional\proc\p18f4455.asm
                    FSR2H   0x000fda       data     extern E:\c18v3.46\pic18-lt\cxx-framework\src\traditional\proc\p18f4455.asm
                   PLUSW2   0x000fdb       data     extern E:\c18v3.46\pic18-lt\cxx-framework\src\traditional\proc\p18f4455.asm
                  PREINC2   0x000fdc       data     extern E:\c18v3.46\pic18-lt\cxx-framework\src\traditional\proc\p18f4455.asm
                 POSTDEC2   0x000fdd       data     extern E:\c18v3.46\pic18-lt\cxx-framework\src\traditional\proc\p18f4455.asm
                 POSTINC2   0x000fde       data     extern E:\c18v3.46\pic18-lt\cxx-framework\src\traditional\proc\p18f4455.asm
                    INDF2   0x000fdf       data     extern E:\c18v3.46\pic18-lt\cxx-framework\src\traditional\proc\p18f4455.asm
                      BSR   0x000fe0       data     extern E:\c18v3.46\pic18-lt\cxx-framework\src\traditional\proc\p18f4455.asm
                     FSR1   0x000fe1       data     extern E:\c18v3.46\pic18-lt\cxx-framework\src\traditional\proc\p18f4455.asm
                    FSR1L   0x000fe1       data     extern E:\c18v3.46\pic18-lt\cxx-framework\src\traditional\proc\p18f4455.asm
                    FSR1H   0x000fe2       data     extern E:\c18v3.46\pic18-lt\cxx-framework\src\traditional\proc\p18f4455.asm
                   PLUSW1   0x000fe3       data     extern E:\c18v3.46\pic18-lt\cxx-framework\src\traditional\proc\p18f4455.asm
                  PREINC1   0x000fe4       data     extern E:\c18v3.46\pic18-lt\cxx-framework\src\traditional\proc\p18f4455.asm
                 POSTDEC1   0x000fe5       data     extern E:\c18v3.46\pic18-lt\cxx-framework\src\traditional\proc\p18f4455.asm
                 POSTINC1   0x000fe6       data     extern E:\c18v3.46\pic18-lt\cxx-framework\src\traditional\proc\p18f4455.asm
                    INDF1   0x000fe7       data     extern E:\c18v3.46\pic18-lt\cxx-framework\src\traditional\proc\p18f4455.asm
                     WREG   0x000fe8       data     extern E:\c18v3.46\pic18-lt\cxx-framework\src\traditional\proc\p18f4455.asm
                     FSR0   0x000fe9       data     extern E:\c18v3.46\pic18-lt\cxx-framework\src\traditional\proc\p18f4455.asm
                    FSR0L   0x000fe9       data     extern E:\c18v3.46\pic18-lt\cxx-framework\src\traditional\proc\p18f4455.asm
                    FSR0H   0x000fea       data     extern E:\c18v3.46\pic18-lt\cxx-framework\src\traditional\proc\p18f4455.asm
                   PLUSW0   0x000feb       data     extern E:\c18v3.46\pic18-lt\cxx-framework\src\traditional\proc\p18f4455.asm
                  PREINC0   0x000fec       data     extern E:\c18v3.46\pic18-lt\cxx-framework\src\traditional\proc\p18f4455.asm
                 POSTDEC0   0x000fed       data     extern E:\c18v3.46\pic18-lt\cxx-framework\src\traditional\proc\p18f4455.asm
                 POSTINC0   0x000fee       data     extern E:\c18v3.46\pic18-lt\cxx-framework\src\traditional\proc\p18f4455.asm
                    INDF0   0x000fef       data     extern E:\c18v3.46\pic18-lt\cxx-framework\src\traditional\proc\p18f4455.asm
                  INTCON3   0x000ff0       data     extern E:\c18v3.46\pic18-lt\cxx-framework\src\traditional\proc\p18f4455.asm
              INTCON3bits   0x000ff0       data     extern E:\c18v3.46\pic18-lt\cxx-framework\src\traditional\proc\p18f4455.asm
                  INTCON2   0x000ff1       data     extern E:\c18v3.46\pic18-lt\cxx-framework\src\traditional\proc\p18f4455.asm
              INTCON2bits   0x000ff1       data     extern E:\c18v3.46\pic18-lt\cxx-framework\src\traditional\proc\p18f4455.asm
                   INTCON   0x000ff2       data     extern E:\c18v3.46\pic18-lt\cxx-framework\src\traditional\proc\p18f4455.asm
               INTCONbits   0x000ff2       data     extern E:\c18v3.46\pic18-lt\cxx-framework\src\traditional\proc\p18f4455.asm
                     PROD   0x000ff3       data     extern E:\c18v3.46\pic18-lt\cxx-framework\src\traditional\proc\p18f4455.asm
                    PRODL   0x000ff3       data     extern E:\c18v3.46\pic18-lt\cxx-framework\src\traditional\proc\p18f4455.asm
                    PRODH   0x000ff4       data     extern E:\c18v3.46\pic18-lt\cxx-framework\src\traditional\proc\p18f4455.asm
                   TABLAT   0x000ff5       data     extern E:\c18v3.46\pic18-lt\cxx-framework\src\traditional\proc\p18f4455.asm
                  TBLPTRL   0x000ff6       data     extern E:\c18v3.46\pic18-lt\cxx-framework\src\traditional\proc\p18f4455.asm
                   TBLPTR   0x000ff6       data     extern E:\c18v3.46\pic18-lt\cxx-framework\src\traditional\proc\p18f4455.asm
                  TBLPTRH   0x000ff7       data     extern E:\c18v3.46\pic18-lt\cxx-framework\src\traditional\proc\p18f4455.asm
                  TBLPTRU   0x000ff8       data     extern E:\c18v3.46\pic18-lt\cxx-framework\src\traditional\proc\p18f4455.asm
                      PCL   0x000ff9       data     extern E:\c18v3.46\pic18-lt\cxx-framework\src\traditional\proc\p18f4455.asm
                       PC   0x000ff9       data     extern E:\c18v3.46\pic18-lt\cxx-framework\src\traditional\proc\p18f4455.asm
                   PCLATH   0x000ffa       data     extern E:\c18v3.46\pic18-lt\cxx-framework\src\traditional\proc\p18f4455.asm
                   PCLATU   0x000ffb       data     extern E:\c18v3.46\pic18-lt\cxx-framework\src\traditional\proc\p18f4455.asm
               STKPTRbits   0x000ffc       data     extern E:\c18v3.46\pic18-lt\cxx-framework\src\traditional\proc\p18f4455.asm
                   STKPTR   0x000ffc       data     extern E:\c18v3.46\pic18-lt\cxx-framework\src\traditional\proc\p18f4455.asm
                      TOS   0x000ffd       data     extern E:\c18v3.46\pic18-lt\cxx-framework\src\traditional\proc\p18f4455.asm
                     TOSL   0x000ffd       data     extern E:\c18v3.46\pic18-lt\cxx-framework\src\traditional\proc\p18f4455.asm
                     TOSH   0x000ffe       data     extern E:\c18v3.46\pic18-lt\cxx-framework\src\traditional\proc\p18f4455.asm
                     TOSU   0x000fff       data     extern E:\c18v3.46\pic18-lt\cxx-framework\src\traditional\proc\p18f4455.asm


